Archive member included to satisfy reference by file (symbol)

c:/users/chenway/downloads/env/tools/gnu_gcc/arm_gcc/mingw/bin/../lib/gcc/arm-none-eabi/5.4.1/../../../../arm-none-eabi/lib/armv7e-m\libc.a(lib_a-fclose.o)
                              build\kernel\components\libc\compilers\newlib\stdio.o (fclose)
c:/users/chenway/downloads/env/tools/gnu_gcc/arm_gcc/mingw/bin/../lib/gcc/arm-none-eabi/5.4.1/../../../../arm-none-eabi/lib/armv7e-m\libc.a(lib_a-fflush.o)
                              c:/users/chenway/downloads/env/tools/gnu_gcc/arm_gcc/mingw/bin/../lib/gcc/arm-none-eabi/5.4.1/../../../../arm-none-eabi/lib/armv7e-m\libc.a(lib_a-fclose.o) (__sflush_r)
c:/users/chenway/downloads/env/tools/gnu_gcc/arm_gcc/mingw/bin/../lib/gcc/arm-none-eabi/5.4.1/../../../../arm-none-eabi/lib/armv7e-m\libc.a(lib_a-fileno.o)
                              build\kernel\components\libc\compilers\newlib\stdio.o (fileno)
c:/users/chenway/downloads/env/tools/gnu_gcc/arm_gcc/mingw/bin/../lib/gcc/arm-none-eabi/5.4.1/../../../../arm-none-eabi/lib/armv7e-m\libc.a(lib_a-findfp.o)
                              c:/users/chenway/downloads/env/tools/gnu_gcc/arm_gcc/mingw/bin/../lib/gcc/arm-none-eabi/5.4.1/../../../../arm-none-eabi/lib/armv7e-m\libc.a(lib_a-fclose.o) (__sinit)
c:/users/chenway/downloads/env/tools/gnu_gcc/arm_gcc/mingw/bin/../lib/gcc/arm-none-eabi/5.4.1/../../../../arm-none-eabi/lib/armv7e-m\libc.a(lib_a-fopen.o)
                              build\kernel\components\libc\compilers\newlib\stdio.o (fopen)
c:/users/chenway/downloads/env/tools/gnu_gcc/arm_gcc/mingw/bin/../lib/gcc/arm-none-eabi/5.4.1/../../../../arm-none-eabi/lib/armv7e-m\libc.a(lib_a-fseek.o)
                              c:/users/chenway/downloads/env/tools/gnu_gcc/arm_gcc/mingw/bin/../lib/gcc/arm-none-eabi/5.4.1/../../../../arm-none-eabi/lib/armv7e-m\libc.a(lib_a-fopen.o) (_fseek_r)
c:/users/chenway/downloads/env/tools/gnu_gcc/arm_gcc/mingw/bin/../lib/gcc/arm-none-eabi/5.4.1/../../../../arm-none-eabi/lib/armv7e-m\libc.a(lib_a-fseeko.o)
                              c:/users/chenway/downloads/env/tools/gnu_gcc/arm_gcc/mingw/bin/../lib/gcc/arm-none-eabi/5.4.1/../../../../arm-none-eabi/lib/armv7e-m\libc.a(lib_a-fseek.o) (_fseeko_r)
c:/users/chenway/downloads/env/tools/gnu_gcc/arm_gcc/mingw/bin/../lib/gcc/arm-none-eabi/5.4.1/../../../../arm-none-eabi/lib/armv7e-m\libc.a(lib_a-fwalk.o)
                              c:/users/chenway/downloads/env/tools/gnu_gcc/arm_gcc/mingw/bin/../lib/gcc/arm-none-eabi/5.4.1/../../../../arm-none-eabi/lib/armv7e-m\libc.a(lib_a-findfp.o) (_fwalk)
c:/users/chenway/downloads/env/tools/gnu_gcc/arm_gcc/mingw/bin/../lib/gcc/arm-none-eabi/5.4.1/../../../../arm-none-eabi/lib/armv7e-m\libc.a(lib_a-impure.o)
                              build\kernel\components\libc\compilers\newlib\stdio.o (_global_impure_ptr)
c:/users/chenway/downloads/env/tools/gnu_gcc/arm_gcc/mingw/bin/../lib/gcc/arm-none-eabi/5.4.1/../../../../arm-none-eabi/lib/armv7e-m\libc.a(lib_a-makebuf.o)
                              c:/users/chenway/downloads/env/tools/gnu_gcc/arm_gcc/mingw/bin/../lib/gcc/arm-none-eabi/5.4.1/../../../../arm-none-eabi/lib/armv7e-m\libc.a(lib_a-fseeko.o) (__smakebuf_r)
c:/users/chenway/downloads/env/tools/gnu_gcc/arm_gcc/mingw/bin/../lib/gcc/arm-none-eabi/5.4.1/../../../../arm-none-eabi/lib/armv7e-m\libc.a(lib_a-memcmp.o)
                              build\kernel\components\finsh\shell.o (memcmp)
c:/users/chenway/downloads/env/tools/gnu_gcc/arm_gcc/mingw/bin/../lib/gcc/arm-none-eabi/5.4.1/../../../../arm-none-eabi/lib/armv7e-m\libc.a(lib_a-memcpy.o)
                              build\kernel\components\drivers\src\ringbuffer.o (memcpy)
c:/users/chenway/downloads/env/tools/gnu_gcc/arm_gcc/mingw/bin/../lib/gcc/arm-none-eabi/5.4.1/../../../../arm-none-eabi/lib/armv7e-m\libc.a(lib_a-memset.o)
                              c:/users/chenway/downloads/env/tools/gnu_gcc/arm_gcc/mingw/bin/../lib/gcc/arm-none-eabi/5.4.1/../../../../arm-none-eabi/lib/armv7e-m/crt0.o (memset)
c:/users/chenway/downloads/env/tools/gnu_gcc/arm_gcc/mingw/bin/../lib/gcc/arm-none-eabi/5.4.1/../../../../arm-none-eabi/lib/armv7e-m\libc.a(lib_a-refill.o)
                              c:/users/chenway/downloads/env/tools/gnu_gcc/arm_gcc/mingw/bin/../lib/gcc/arm-none-eabi/5.4.1/../../../../arm-none-eabi/lib/armv7e-m\libc.a(lib_a-fseeko.o) (__srefill_r)
c:/users/chenway/downloads/env/tools/gnu_gcc/arm_gcc/mingw/bin/../lib/gcc/arm-none-eabi/5.4.1/../../../../arm-none-eabi/lib/armv7e-m\libc.a(lib_a-setvbuf.o)
                              build\kernel\components\libc\compilers\newlib\stdio.o (setvbuf)
c:/users/chenway/downloads/env/tools/gnu_gcc/arm_gcc/mingw/bin/../lib/gcc/arm-none-eabi/5.4.1/../../../../arm-none-eabi/lib/armv7e-m\libc.a(lib_a-snprintf.o)
                              build\kernel\components\libc\compilers\newlib\stdio.o (snprintf)
[...]
Memory Configuration

Name             Origin             Length             Attributes
ROM              0x00000000         0x00100000         xr
RAM              0x20000000         0x00040000         rw
*default*        0x00000000         0xffffffff

Linker script and memory map

LOAD c:/users/chenway/downloads/env/tools/gnu_gcc/arm_gcc/mingw/bin/../lib/gcc/arm-none-eabi/5.4.1/armv7e-m/crti.o
LOAD c:/users/chenway/downloads/env/tools/gnu_gcc/arm_gcc/mingw/bin/../lib/gcc/arm-none-eabi/5.4.1/armv7e-m/crtbegin.o
LOAD c:/users/chenway/downloads/env/tools/gnu_gcc/arm_gcc/mingw/bin/../lib/gcc/arm-none-eabi/5.4.1/../../../../arm-none-eabi/lib/armv7e-m/crt0.o
LOAD build\applications\application.o
LOAD build\board\board.o
LOAD build\packages\nrfx-v2.1.0\drivers\src\nrfx_adc.o
LOAD build\packages\nrfx-v2.1.0\drivers\src\nrfx_clock.o
LOAD build\packages\nrfx-v2.1.0\drivers\src\nrfx_comp.o
LOAD build\packages\nrfx-v2.1.0\drivers\src\nrfx_dppi.o
LOAD build\packages\nrfx-v2.1.0\drivers\src\nrfx_egu.o
LOAD build\packages\nrfx-v2.1.0\drivers\src\nrfx_gpiote.o
LOAD build\packages\nrfx-v2.1.0\drivers\src\nrfx_i2s.o
LOAD build\packages\nrfx-v2.1.0\drivers\src\nrfx_ipc.o
LOAD build\packages\nrfx-v2.1.0\drivers\src\nrfx_lpcomp.o
LOAD build\packages\nrfx-v2.1.0\drivers\src\nrfx_nfct.o
LOAD build\packages\nrfx-v2.1.0\drivers\src\nrfx_nvmc.o
LOAD build\packages\nrfx-v2.1.0\drivers\src\nrfx_pdm.o
LOAD build\packages\nrfx-v2.1.0\drivers\src\nrfx_power.o
LOAD build\packages\nrfx-v2.1.0\drivers\src\nrfx_ppi.o
LOAD build\packages\nrfx-v2.1.0\drivers\src\nrfx_pwm.o
LOAD build\packages\nrfx-v2.1.0\drivers\src\nrfx_qdec.o
LOAD build\packages\nrfx-v2.1.0\drivers\src\nrfx_qspi.o
LOAD build\packages\nrfx-v2.1.0\drivers\src\nrfx_rng.o
LOAD build\packages\nrfx-v2.1.0\drivers\src\nrfx_rtc.o
LOAD build\packages\nrfx-v2.1.0\drivers\src\nrfx_saadc.o
LOAD build\packages\nrfx-v2.1.0\drivers\src\nrfx_spi.o
LOAD build\packages\nrfx-v2.1.0\drivers\src\nrfx_spim.o
LOAD build\packages\nrfx-v2.1.0\drivers\src\nrfx_spis.o
LOAD build\packages\nrfx-v2.1.0\drivers\src\nrfx_systick.o
LOAD build\packages\nrfx-v2.1.0\drivers\src\nrfx_temp.o
LOAD build\packages\nrfx-v2.1.0\drivers\src\nrfx_timer.o
LOAD build\packages\nrfx-v2.1.0\drivers\src\nrfx_twi.o
LOAD build\packages\nrfx-v2.1.0\drivers\src\nrfx_twi_twim.o
LOAD build\packages\nrfx-v2.1.0\drivers\src\nrfx_twim.o
LOAD build\packages\nrfx-v2.1.0\drivers\src\nrfx_twis.o
LOAD build\packages\nrfx-v2.1.0\drivers\src\nrfx_uart.o
LOAD build\packages\nrfx-v2.1.0\drivers\src\nrfx_uarte.o
LOAD build\packages\nrfx-v2.1.0\drivers\src\nrfx_usbd.o
LOAD build\packages\nrfx-v2.1.0\drivers\src\nrfx_usbreg.o
LOAD build\packages\nrfx-v2.1.0\drivers\src\nrfx_wdt.o
LOAD build\packages\nrfx-v2.1.0\mdk\system_nrf52840.o
LOAD build\packages\nrfx-v2.1.0\mdk\gcc_startup_nrf52840.o
LOAD build\kernel\src\clock.o
LOAD build\kernel\src\components.o
LOAD build\kernel\src\device.o
LOAD build\kernel\src\idle.o
LOAD build\kernel\src\ipc.o
LOAD build\kernel\src\irq.o
LOAD build\kernel\src\kservice.o
LOAD build\kernel\src\mem.o
LOAD build\kernel\src\mempool.o
LOAD build\kernel\src\object.o
LOAD build\kernel\src\scheduler.o
LOAD build\kernel\src\signal.o
LOAD build\kernel\src\thread.o
LOAD build\kernel\src\timer.o
LOAD build\kernel\libcpu\arm\common\backtrace.o
LOAD build\kernel\libcpu\arm\common\div0.o
LOAD build\kernel\libcpu\arm\common\showmem.o
LOAD build\kernel\libcpu\arm\cortex-m4\cpuport.o
LOAD build\kernel\libcpu\arm\cortex-m4\context_gcc.o
LOAD build\kernel\components\drivers\misc\pin.o
LOAD build\kernel\components\drivers\serial\serial.o
LOAD build\kernel\components\drivers\src\completion.o
LOAD build\kernel\components\drivers\src\dataqueue.o
LOAD build\kernel\components\drivers\src\pipe.o
LOAD build\kernel\components\drivers\src\ringblk_buf.o
LOAD build\kernel\components\drivers\src\ringbuffer.o
LOAD build\kernel\components\drivers\src\waitqueue.o
LOAD build\kernel\components\drivers\src\workqueue.o
LOAD build\kernel\components\finsh\shell.o
LOAD build\kernel\components\finsh\cmd.o
LOAD build\kernel\components\finsh\msh.o
LOAD build\kernel\components\libc\compilers\common\time.o
LOAD build\kernel\components\libc\compilers\newlib\libc.o
LOAD build\kernel\components\libc\compilers\newlib\libc_syms.o
LOAD build\kernel\components\libc\compilers\newlib\stdio.o
LOAD build\kernel\components\libc\compilers\newlib\syscalls.o
LOAD libraries\drivers\drv_uart.o
LOAD libraries\drivers\drv_gpio.o
LOAD c:/users/chenway/downloads/env/tools/gnu_gcc/arm_gcc/mingw/bin/../lib/gcc/arm-none-eabi/5.4.1/../../../../arm-none-eabi/lib/armv7e-m\libc.a
LOAD c:/users/chenway/downloads/env/tools/gnu_gcc/arm_gcc/mingw/bin/../lib/gcc/arm-none-eabi/5.4.1/../../../../arm-none-eabi/lib/armv7e-m\libm.a
START GROUP
LOAD c:/users/chenway/downloads/env/tools/gnu_gcc/arm_gcc/mingw/bin/../lib/gcc/arm-none-eabi/5.4.1/armv7e-m\libgcc.a
LOAD c:/users/chenway/downloads/env/tools/gnu_gcc/arm_gcc/mingw/bin/../lib/gcc/arm-none-eabi/5.4.1/../../../../arm-none-eabi/lib/armv7e-m\libc.a
END GROUP
LOAD c:/users/chenway/downloads/env/tools/gnu_gcc/arm_gcc/mingw/bin/../lib/gcc/arm-none-eabi/5.4.1/armv7e-m/crtend.o
LOAD c:/users/chenway/downloads/env/tools/gnu_gcc/arm_gcc/mingw/bin/../lib/gcc/arm-none-eabi/5.4.1/armv7e-m/crtn.o
                0x00000400                _system_stack_size = 0x400

.text           0x00000000     0xa3f0
                0x00000000                . = ALIGN (0x4)
                0x00000000                _stext = .
 *(.isr_vector)
 .isr_vector    0x00000000      0x200 build\packages\nrfx-v2.1.0\mdk\gcc_startup_nrf52840.o
                0x00000000                __isr_vector
                0x00000200                . = ALIGN (0x4)
 *(.text)
 .text          0x00000200       0x5c c:/users/chenway/downloads/env/tools/gnu_gcc/arm_gcc/mingw/bin/../lib/gcc/arm-none-eabi/5.4.1/armv7e-m/crtbegin.o
 .text          0x0000025c       0x74 c:/users/chenway/downloads/env/tools/gnu_gcc/arm_gcc/mingw/bin/../lib/gcc/arm-none-eabi/5.4.1/../../../../arm-none-eabi/lib/armv7e-m/crt0.o
                0x0000025c                _start
                0x0000025c                _mainCRTStartup
 .text          0x000002d0       0x3c build\packages\nrfx-v2.1.0\mdk\gcc_startup_nrf52840.o
                0x000002d0                Reset_Handler
                0x000002f8                NMI_Handler
                0x000002fc                MemoryManagement_Handler
                0x000002fe                BusFault_Handler
                0x00000300                UsageFault_Handler
                0x00000302                SVC_Handler
                0x00000304                DebugMon_Handler
                0x0000030a                RADIO_IRQHandler
                0x0000030a                PDM_IRQHandler
                0x0000030a                TEMP_IRQHandler
                0x0000030a                QDEC_IRQHandler
                0x0000030a                TIMER3_IRQHandler
                0x0000030a                PWM3_IRQHandler
                0x0000030a                FPU_IRQHandler
                0x0000030a                USBD_IRQHandler
                0x0000030a                SPIM0_SPIS0_TWIM0_TWIS0_SPI0_TWI0_IRQHandler
                0x0000030a                PWM1_IRQHandler
                0x0000030a                TIMER4_IRQHandler
                0x0000030a                SWI2_EGU2_IRQHandler
                0x0000030a                I2S_IRQHandler
                0x0000030a                SWI4_EGU4_IRQHandler
                0x0000030a                TIMER0_IRQHandler
                0x0000030a                RTC0_IRQHandler
                0x0000030a                UARTE1_IRQHandler
                0x0000030a                TIMER1_IRQHandler
                0x0000030a                SPIM3_IRQHandler
                0x0000030a                PWM2_IRQHandler
                0x0000030a                ECB_IRQHandler
                0x0000030a                SPIM1_SPIS1_TWIM1_TWIS1_SPI1_TWI1_IRQHandler
                0x0000030a                Default_Handler
                0x0000030a                SAADC_IRQHandler
                0x0000030a                CCM_AAR_IRQHandler
                0x0000030a                WDT_IRQHandler
                0x0000030a                CRYPTOCELL_IRQHandler
                0x0000030a                SWI5_EGU5_IRQHandler
                0x0000030a                RNG_IRQHandler
                0x0000030a                RTC2_IRQHandler
                0x0000030a                PWM0_IRQHandler
                0x0000030a                SWI3_EGU3_IRQHandler
                0x0000030a                RTC1_IRQHandler
                0x0000030a                SWI1_EGU1_IRQHandler
                0x0000030a                SPIM2_SPIS2_SPI2_IRQHandler
                0x0000030a                NFCT_IRQHandler
                0x0000030a                SWI0_EGU0_IRQHandler
                0x0000030a                MWU_IRQHandler
                0x0000030a                TIMER2_IRQHandler
                0x0000030a                QSPI_IRQHandler
                0x0000030a                COMP_LPCOMP_IRQHandler
 .text          0x0000030c       0xfc build\kernel\libcpu\arm\cortex-m4\context_gcc.o
                0x0000030c                rt_hw_interrupt_disable
                0x00000314                rt_hw_interrupt_enable
                0x0000031a                rt_hw_context_switch_interrupt
                0x0000031a                rt_hw_context_switch
                0x0000033a                PendSV_Handler
                0x00000376                rt_hw_context_switch_to
                0x000003b0                rt_hw_interrupt_thread_switch
                0x000003b4                HardFault_Handler
 .text          0x00000408      0x134 c:/users/chenway/downloads/env/tools/gnu_gcc/arm_gcc/mingw/bin/../lib/gcc/arm-none-eabi/5.4.1/../../../../arm-none-eabi/lib/armv7e-m\libc.a(lib_a-memcpy.o)
                0x00000408                memcpy
 *fill*         0x0000053c        0x4 00000000
 .text          0x00000540       0xdc c:/users/chenway/downloads/env/tools/gnu_gcc/arm_gcc/mingw/bin/../lib/gcc/arm-none-eabi/5.4.1/../../../../arm-none-eabi/lib/armv7e-m\libc.a(lib_a-strlen.o)
                0x00000540                strlen
 *(.text.*)
 .text.main     0x0000061c       0x48 build\applications\application.o
                0x0000061c                main
 .text.SysTick_Handler
                0x00000664       0x14 build\board\board.o
                0x00000664                SysTick_Handler
 .text.nrf_clock_int_disable
                0x00000678       0x1c build\packages\nrfx-v2.1.0\drivers\src\nrfx_clock.o
 .text.nrf_clock_event_clear
                0x00000694       0x2c build\packages\nrfx-v2.1.0\drivers\src\nrfx_clock.o
 .text.nrf_clock_event_check
                0x000006c0       0x28 build\packages\nrfx-v2.1.0\drivers\src\nrfx_clock.o
 .text.POWER_CLOCK_IRQHandler
                0x000006e8       0x80 build\packages\nrfx-v2.1.0\drivers\src\nrfx_clock.o
                0x000006e8                POWER_CLOCK_IRQHandler
 .text.NVIC_EnableIRQ
                0x00000768       0x30 build\packages\nrfx-v2.1.0\drivers\src\nrfx_gpiote.o
 .text.NVIC_SetPriority
                0x00000798       0x54 build\packages\nrfx-v2.1.0\drivers\src\nrfx_gpiote.o
 .text.nrfx_get_irq_number
                0x000007ec       0x18 build\packages\nrfx-v2.1.0\drivers\src\nrfx_gpiote.o
 .text.nrf_gpiote_event_check
                0x00000804       0x28 build\packages\nrfx-v2.1.0\drivers\src\nrfx_gpiote.o
 .text.nrf_gpiote_event_clear
                0x0000082c       0x38 build\packages\nrfx-v2.1.0\drivers\src\nrfx_gpiote.o
 .text.nrf_gpiote_event_address_get
                0x00000864       0x1c build\packages\nrfx-v2.1.0\drivers\src\nrfx_gpiote.o
 .text.nrf_gpiote_int_enable
                0x00000880       0x1c build\packages\nrfx-v2.1.0\drivers\src\nrfx_gpiote.o
 .text.nrf_gpiote_int_disable
                0x0000089c       0x1c build\packages\nrfx-v2.1.0\drivers\src\nrfx_gpiote.o
 .text.nrf_gpiote_int_enable_check
                0x000008b8       0x20 build\packages\nrfx-v2.1.0\drivers\src\nrfx_gpiote.o
 .text.nrf_gpiote_event_enable
                0x000008d8       0x30 build\packages\nrfx-v2.1.0\drivers\src\nrfx_gpiote.o
 .text.nrf_gpiote_event_disable
                0x00000908       0x30 build\packages\nrfx-v2.1.0\drivers\src\nrfx_gpiote.o
 .text.nrf_gpiote_event_configure
                0x00000938       0x68 build\packages\nrfx-v2.1.0\drivers\src\nrfx_gpiote.o
 .text.nrf_gpiote_event_pin_get
                0x000009a0       0x28 build\packages\nrfx-v2.1.0\drivers\src\nrfx_gpiote.o
 .text.nrf_gpiote_event_polarity_get
                0x000009c8       0x28 build\packages\nrfx-v2.1.0\drivers\src\nrfx_gpiote.o
 .text.nrf_gpiote_te_default
                0x000009f0       0x24 build\packages\nrfx-v2.1.0\drivers\src\nrfx_gpiote.o
 .text.nrf_gpiote_in_event_get
                0x00000a14       0x20 build\packages\nrfx-v2.1.0\drivers\src\nrfx_gpiote.o
 .text.nrf_gpio_pin_port_decode
                0x00000a34       0x34 build\packages\nrfx-v2.1.0\drivers\src\nrfx_gpiote.o
 .text.nrf_gpio_cfg
                0x00000a68       0x54 build\packages\nrfx-v2.1.0\drivers\src\nrfx_gpiote.o
 .text.nrf_gpio_cfg_input
                0x00000abc       0x2c build\packages\nrfx-v2.1.0\drivers\src\nrfx_gpiote.o
 .text.nrf_gpio_cfg_default
                0x00000ae8       0x24 build\packages\nrfx-v2.1.0\drivers\src\nrfx_gpiote.o
 .text.nrf_gpio_cfg_watcher
                0x00000b0c       0x3c build\packages\nrfx-v2.1.0\drivers\src\nrfx_gpiote.o
 .text.nrf_gpio_cfg_sense_set
                0x00000b48       0x48 build\packages\nrfx-v2.1.0\drivers\src\nrfx_gpiote.o
 .text.nrf_gpio_pin_read
                0x00000b90       0x2c build\packages\nrfx-v2.1.0\drivers\src\nrfx_gpiote.o
 .text.nrf_gpio_pin_sense_get
                0x00000bbc       0x30 build\packages\nrfx-v2.1.0\drivers\src\nrfx_gpiote.o
 .text.nrf_gpio_port_in_read
                0x00000bec       0x18 build\packages\nrfx-v2.1.0\drivers\src\nrfx_gpiote.o
 .text.nrf_gpio_latches_read_and_clear
                0x00000c04       0x74 build\packages\nrfx-v2.1.0\drivers\src\nrfx_gpiote.o
 .text.nrf_gpio_pin_latch_clear
                0x00000c78       0x2c build\packages\nrfx-v2.1.0\drivers\src\nrfx_gpiote.o
 .text.nrf_bitmask_bit_is_set
                0x00000ca4       0x44 build\packages\nrfx-v2.1.0\drivers\src\nrfx_gpiote.o
 .text.nrf_bitmask_bit_set
                0x00000ce8       0x48 build\packages\nrfx-v2.1.0\drivers\src\nrfx_gpiote.o
 .text.nrf_bitmask_bit_clear
                0x00000d30       0x4c build\packages\nrfx-v2.1.0\drivers\src\nrfx_gpiote.o
 .text.pin_in_use_by_te
                0x00000d7c       0x44 build\packages\nrfx-v2.1.0\drivers\src\nrfx_gpiote.o
 .text.pin_in_use_by_port
                0x00000dc0       0x2c build\packages\nrfx-v2.1.0\drivers\src\nrfx_gpiote.o
 .text.pin_in_use_by_gpiote
                0x00000dec       0x2c build\packages\nrfx-v2.1.0\drivers\src\nrfx_gpiote.o
 .text.pin_in_use_by_te_set
                0x00000e18       0x54 build\packages\nrfx-v2.1.0\drivers\src\nrfx_gpiote.o
 .text.pin_in_use_clear
                0x00000e6c       0x24 build\packages\nrfx-v2.1.0\drivers\src\nrfx_gpiote.o
 .text.pin_configured_set
                0x00000e90       0x1c build\packages\nrfx-v2.1.0\drivers\src\nrfx_gpiote.o
 .text.pin_configured_clear
                0x00000eac       0x1c build\packages\nrfx-v2.1.0\drivers\src\nrfx_gpiote.o
 .text.pin_configured_check
                0x00000ec8       0x28 build\packages\nrfx-v2.1.0\drivers\src\nrfx_gpiote.o
 .text.channel_port_get
                0x00000ef0       0x24 build\packages\nrfx-v2.1.0\drivers\src\nrfx_gpiote.o
 .text.channel_handler_get
                0x00000f14       0x20 build\packages\nrfx-v2.1.0\drivers\src\nrfx_gpiote.o
 .text.port_handler_pin_get
                0x00000f34       0x2c build\packages\nrfx-v2.1.0\drivers\src\nrfx_gpiote.o
 .text.port_handler_polarity_get
                0x00000f60       0x2c build\packages\nrfx-v2.1.0\drivers\src\nrfx_gpiote.o
 .text.channel_port_alloc
                0x00000f8c       0x74 build\packages\nrfx-v2.1.0\drivers\src\nrfx_gpiote.o
 .text.channel_free
                0x00001000       0x38 build\packages\nrfx-v2.1.0\drivers\src\nrfx_gpiote.o
 .text.nrfx_gpiote_init
                0x00001038       0xbc build\packages\nrfx-v2.1.0\drivers\src\nrfx_gpiote.o
                0x00001038                nrfx_gpiote_init
 .text.nrfx_gpiote_in_init
                0x000010f4       0xf0 build\packages\nrfx-v2.1.0\drivers\src\nrfx_gpiote.o
                0x000010f4                nrfx_gpiote_in_init
 .text.nrfx_gpiote_in_event_enable
                0x000011e4       0xd4 build\packages\nrfx-v2.1.0\drivers\src\nrfx_gpiote.o
                0x000011e4                nrfx_gpiote_in_event_enable
 .text.nrfx_gpiote_in_event_disable
                0x000012b8       0x5c build\packages\nrfx-v2.1.0\drivers\src\nrfx_gpiote.o
                0x000012b8                nrfx_gpiote_in_event_disable
 .text.nrfx_gpiote_in_uninit
                0x00001314       0x64 build\packages\nrfx-v2.1.0\drivers\src\nrfx_gpiote.o
                0x00001314                nrfx_gpiote_in_uninit
 .text.latch_pending_read_and_check
                0x00001378       0x40 build\packages\nrfx-v2.1.0\drivers\src\nrfx_gpiote.o
 .text.port_event_handle
                0x000013b8       0xd0 build\packages\nrfx-v2.1.0\drivers\src\nrfx_gpiote.o
 .text.GPIOTE_IRQHandler
                0x00001488      0x110 build\packages\nrfx-v2.1.0\drivers\src\nrfx_gpiote.o
                0x00001488                GPIOTE_IRQHandler
 .text.nrf_uart_event_clear
                0x00001598       0x2c build\packages\nrfx-v2.1.0\drivers\src\nrfx_uart.o
 .text.nrf_uart_event_check
                0x000015c4       0x28 build\packages\nrfx-v2.1.0\drivers\src\nrfx_uart.o
 .text.nrf_uart_int_enable_check
                0x000015ec       0x20 build\packages\nrfx-v2.1.0\drivers\src\nrfx_uart.o
 .text.nrf_uart_int_disable
                0x0000160c       0x1c build\packages\nrfx-v2.1.0\drivers\src\nrfx_uart.o
 .text.nrf_uart_errorsrc_get_and_clear
                0x00001628       0x24 build\packages\nrfx-v2.1.0\drivers\src\nrfx_uart.o
 .text.nrf_uart_rxd_get
                0x0000164c       0x1c build\packages\nrfx-v2.1.0\drivers\src\nrfx_uart.o
 .text.nrf_uart_txd_set
                0x00001668       0x20 build\packages\nrfx-v2.1.0\drivers\src\nrfx_uart.o
 .text.nrf_uart_task_trigger
                0x00001688       0x20 build\packages\nrfx-v2.1.0\drivers\src\nrfx_uart.o
 .text.tx_byte  0x000016a8       0x40 build\packages\nrfx-v2.1.0\drivers\src\nrfx_uart.o
 .text.rx_byte  0x000016e8       0x54 build\packages\nrfx-v2.1.0\drivers\src\nrfx_uart.o
 .text.rx_done_event
                0x0000173c       0x30 build\packages\nrfx-v2.1.0\drivers\src\nrfx_uart.o
 .text.tx_done_event
                0x0000176c       0x38 build\packages\nrfx-v2.1.0\drivers\src\nrfx_uart.o
 .text.uart_irq_handler
                0x000017a4      0x1e0 build\packages\nrfx-v2.1.0\drivers\src\nrfx_uart.o
 .text.UARTE0_UART0_IRQHandler
                0x00001984       0x18 build\packages\nrfx-v2.1.0\drivers\src\nrfx_uart.o
                0x00001984                UARTE0_UART0_IRQHandler
 .text.nrf52_errata_36
                0x0000199c       0x80 build\packages\nrfx-v2.1.0\mdk\system_nrf52840.o
 .text.nrf52_errata_66
                0x00001a1c       0x80 build\packages\nrfx-v2.1.0\mdk\system_nrf52840.o
 .text.nrf52_errata_98
                0x00001a9c       0x58 build\packages\nrfx-v2.1.0\mdk\system_nrf52840.o
 .text.nrf52_errata_103
                0x00001af4       0x58 build\packages\nrfx-v2.1.0\mdk\system_nrf52840.o
 .text.nrf52_errata_115
                0x00001b4c       0x58 build\packages\nrfx-v2.1.0\mdk\system_nrf52840.o
 .text.nrf52_errata_120
                0x00001ba4       0x58 build\packages\nrfx-v2.1.0\mdk\system_nrf52840.o
 .text.nrf52_errata_136
                0x00001bfc       0x80 build\packages\nrfx-v2.1.0\mdk\system_nrf52840.o
 .text.SystemCoreClockUpdate
                0x00001c7c       0x1c build\packages\nrfx-v2.1.0\mdk\system_nrf52840.o
                0x00001c7c                SystemCoreClockUpdate
 .text.SystemInit
                0x00001c98      0x1c4 build\packages\nrfx-v2.1.0\mdk\system_nrf52840.o
                0x00001c98                SystemInit
 .text.rt_tick_get
                0x00001e5c       0x14 build\kernel\src\clock.o
                0x00001e5c                rt_tick_get
 .text.rt_tick_increase
                0x00001e70       0x58 build\kernel\src\clock.o
                0x00001e70                rt_tick_increase
 .text.rt_tick_from_millisecond
                0x00001ec8       0x74 build\kernel\src\clock.o
                0x00001ec8                rt_tick_from_millisecond
 .text.rti_start
                0x00001f3c       0x10 build\kernel\src\components.o
 .text.rti_board_start
                0x00001f4c       0x10 build\kernel\src\components.o
 .text.rti_board_end
                0x00001f5c       0x10 build\kernel\src\components.o
 .text.rti_end  0x00001f6c       0x10 build\kernel\src\components.o
 .text.rt_device_register
                0x00001f7c       0x54 build\kernel\src\device.o
                0x00001f7c                rt_device_register
 .text.rt_device_find
                0x00001fd0       0x90 build\kernel\src\device.o
                0x00001fd0                rt_device_find
 .text.rt_device_open
                0x00002060      0x11c build\kernel\src\device.o
                0x00002060                rt_device_open
 .text.rt_device_close
                0x0000217c       0x9c build\kernel\src\device.o
                0x0000217c                rt_device_close
 .text.rt_device_read
                0x00002218       0x88 build\kernel\src\device.o
                0x00002218                rt_device_read
 .text.rt_device_write
                0x000022a0       0x88 build\kernel\src\device.o
                0x000022a0                rt_device_write
 .text.rt_device_set_rx_indicate
                0x00002328       0x54 build\kernel\src\device.o
                0x00002328                rt_device_set_rx_indicate
 .text.rt_list_init
                0x0000237c       0x20 build\kernel\src\ipc.o
 .text.rt_list_insert_before
                0x0000239c       0x30 build\kernel\src\ipc.o
 .text.rt_list_isempty
                0x000023cc       0x24 build\kernel\src\ipc.o
 .text.rt_ipc_object_init
                0x000023f0       0x1c build\kernel\src\ipc.o
 .text.rt_ipc_list_suspend
                0x0000240c       0x90 build\kernel\src\ipc.o
 .text.rt_ipc_list_resume
                0x0000249c       0x20 build\kernel\src\ipc.o
 .text.rt_sem_init
                0x000024bc       0x68 build\kernel\src\ipc.o
                0x000024bc                rt_sem_init
 .text.rt_sem_take
                0x00002524      0x160 build\kernel\src\ipc.o
                0x00002524                rt_sem_take
 .text.rt_sem_release
                0x00002684       0xbc build\kernel\src\ipc.o
                0x00002684                rt_sem_release
 .text.rt_interrupt_enter
                0x00002740       0x40 build\kernel\src\irq.o
                0x00002740                rt_interrupt_enter
 .text.rt_interrupt_leave
                0x00002780       0x40 build\kernel\src\irq.o
                0x00002780                rt_interrupt_leave
 .text.rt_interrupt_get_nest
                0x000027c0       0x28 build\kernel\src\irq.o
                0x000027c0                rt_interrupt_get_nest
 .text.rt_set_errno
                0x000027e8       0x40 build\kernel\src\kservice.o
                0x000027e8                rt_set_errno
 .text.rt_memset
                0x00002828       0xb4 build\kernel\src\kservice.o
                0x00002828                rt_memset
 .text.rt_memmove
                0x000028dc       0x80 build\kernel\src\kservice.o
                0x000028dc                rt_memmove
 .text.rt_strncpy
                0x0000295c       0x64 build\kernel\src\kservice.o
                0x0000295c                rt_strncpy
 .text.rt_strncmp
                0x000029c0       0x4c build\kernel\src\kservice.o
                0x000029c0                rt_strncmp
 .text.rt_strlen
                0x00002a0c       0x2c build\kernel\src\kservice.o
                0x00002a0c                rt_strlen
 .text.rt_show_version
                0x00002a38       0x44 build\kernel\src\kservice.o
                0x00002a38                rt_show_version
 .text.divide   0x00002a7c       0x68 build\kernel\src\kservice.o
 .text.skip_atoi
                0x00002ae4       0x40 build\kernel\src\kservice.o
 .text.print_number
                0x00002b24      0x1dc build\kernel\src\kservice.o
 .text.rt_vsnprintf
                0x00002d00      0x548 build\kernel\src\kservice.o
                0x00002d00                rt_vsnprintf
 .text.rt_console_get_device
                0x00003248       0x14 build\kernel\src\kservice.o
                0x00003248                rt_console_get_device
 .text.rt_hw_console_output
                0x0000325c       0x14 build\kernel\src\kservice.o
                0x0000325c                rt_hw_console_output
 .text.rt_kprintf
                0x00003270       0x80 build\kernel\src\kservice.o
                0x00003270                rt_kprintf
 .text.__rt_ffs
                0x000032f0       0x70 build\kernel\src\kservice.o
                0x000032f0                __rt_ffs
 .text.rt_assert_handler
                0x00003360       0x4c build\kernel\src\kservice.o
                0x00003360                rt_assert_handler
 .text.plug_holes
                0x000033ac      0x100 build\kernel\src\mem.o
 .text.rt_malloc
                0x000034ac      0x294 build\kernel\src\mem.o
                0x000034ac                rt_malloc
 .text.rt_calloc
                0x00003740       0x3c build\kernel\src\mem.o
                0x00003740                rt_calloc
 .text.rt_free  0x0000377c      0x188 build\kernel\src\mem.o
                0x0000377c                rt_free
 .text.list_mem
                0x00003904       0x44 build\kernel\src\mem.o
                0x00003904                list_mem
 .text.rt_list_insert_after
                0x00003948       0x30 build\kernel\src\object.o
 .text.rt_list_remove
                0x00003978       0x34 build\kernel\src\object.o
 .text.rt_object_get_information
                0x000039ac       0x48 build\kernel\src\object.o
                0x000039ac                rt_object_get_information
 .text.rt_object_init
                0x000039f4       0xcc build\kernel\src\object.o
                0x000039f4                rt_object_init
 .text.rt_object_detach
                0x00003ac0       0x5c build\kernel\src\object.o
                0x00003ac0                rt_object_detach
 .text.rt_object_allocate
                0x00003b1c       0xd8 build\kernel\src\object.o
                0x00003b1c                rt_object_allocate
 .text.rt_object_delete
                0x00003bf4       0x7c build\kernel\src\object.o
                0x00003bf4                rt_object_delete
 .text.rt_object_is_systemobject
                0x00003c70       0x3c build\kernel\src\object.o
                0x00003c70                rt_object_is_systemobject
 .text.rt_object_get_type
                0x00003cac       0x34 build\kernel\src\object.o
                0x00003cac                rt_object_get_type
 .text.rt_list_insert_before
                0x00003ce0       0x30 build\kernel\src\scheduler.o
 .text.rt_list_remove
                0x00003d10       0x34 build\kernel\src\scheduler.o
 .text.rt_list_isempty
                0x00003d44       0x24 build\kernel\src\scheduler.o
 .text._rt_scheduler_stack_check
                0x00003d68       0x94 build\kernel\src\scheduler.o
 .text._get_highest_priority_thread
                0x00003dfc       0x38 build\kernel\src\scheduler.o
 .text.rt_schedule
                0x00003e34      0x188 build\kernel\src\scheduler.o
                0x00003e34                rt_schedule
 .text.rt_schedule_insert_thread
                0x00003fbc       0xac build\kernel\src\scheduler.o
                0x00003fbc                rt_schedule_insert_thread
 .text.rt_schedule_remove_thread
                0x00004068       0x70 build\kernel\src\scheduler.o
                0x00004068                rt_schedule_remove_thread
 .text.rt_enter_critical
                0x000040d8       0x2c build\kernel\src\scheduler.o
                0x000040d8                rt_enter_critical
 .text.rt_exit_critical
                0x00004104       0x54 build\kernel\src\scheduler.o
                0x00004104                rt_exit_critical
 .text.rt_list_init
                0x00004158       0x20 build\kernel\src\thread.o
 .text.rt_list_insert_after
                0x00004178       0x30 build\kernel\src\thread.o
 .text.rt_list_remove
                0x000041a8       0x34 build\kernel\src\thread.o
 .text.rt_thread_exit
                0x000041dc       0x68 build\kernel\src\thread.o
                0x000041dc                rt_thread_exit
 .text._rt_thread_init
                0x00004244       0xf8 build\kernel\src\thread.o
 .text.rt_thread_self
                0x0000433c       0x14 build\kernel\src\thread.o
                0x0000433c                rt_thread_self
 .text.rt_thread_startup
                0x00004350       0xa0 build\kernel\src\thread.o
                0x00004350                rt_thread_startup
 .text.rt_thread_create
                0x000043f0       0x64 build\kernel\src\thread.o
                0x000043f0                rt_thread_create
 .text.rt_thread_sleep
                0x00004454       0x8c build\kernel\src\thread.o
                0x00004454                rt_thread_sleep
 .text.rt_thread_mdelay
                0x000044e0       0x20 build\kernel\src\thread.o
                0x000044e0                rt_thread_mdelay
 .text.rt_thread_suspend
                0x00004500       0xcc build\kernel\src\thread.o
                0x00004500                rt_thread_suspend
 .text.rt_thread_resume
                0x000045cc       0x98 build\kernel\src\thread.o
                0x000045cc                rt_thread_resume
 .text.rt_thread_timeout
                0x00004664       0x84 build\kernel\src\thread.o
                0x00004664                rt_thread_timeout
 .text.rt_list_init
                0x000046e8       0x20 build\kernel\src\timer.o
 .text.rt_list_insert_after
                0x00004708       0x30 build\kernel\src\timer.o
 .text.rt_list_remove
                0x00004738       0x34 build\kernel\src\timer.o
 .text.rt_list_isempty
                0x0000476c       0x24 build\kernel\src\timer.o
 .text._rt_timer_init
                0x00004790       0x68 build\kernel\src\timer.o
 .text._rt_timer_remove
                0x000047f8       0x34 build\kernel\src\timer.o
 .text.rt_timer_init
                0x0000482c       0x48 build\kernel\src\timer.o
                0x0000482c                rt_timer_init
 .text.rt_timer_detach
                0x00004874       0x88 build\kernel\src\timer.o
                0x00004874                rt_timer_detach
 .text.rt_timer_start
                0x000048fc      0x23c build\kernel\src\timer.o
                0x000048fc                rt_timer_start
 .text.rt_timer_stop
                0x00004b38       0x94 build\kernel\src\timer.o
                0x00004b38                rt_timer_stop
 .text.rt_timer_control
                0x00004bcc       0xd0 build\kernel\src\timer.o
                0x00004bcc                rt_timer_control
 .text.rt_timer_check
                0x00004c9c      0x108 build\kernel\src\timer.o
                0x00004c9c                rt_timer_check
 .text.rt_hw_stack_init
                0x00004da4       0x88 build\kernel\libcpu\arm\cortex-m4\cpuport.o
                0x00004da4                rt_hw_stack_init
 .text.usage_fault_track
                0x00004e2c       0xc4 build\kernel\libcpu\arm\cortex-m4\cpuport.o
 .text.bus_fault_track
                0x00004ef0       0xcc build\kernel\libcpu\arm\cortex-m4\cpuport.o
 .text.mem_manage_fault_track
                0x00004fbc       0xb4 build\kernel\libcpu\arm\cortex-m4\cpuport.o
 .text.hard_fault_track
                0x00005070       0x78 build\kernel\libcpu\arm\cortex-m4\cpuport.o
 .text.rt_hw_hard_fault_exception
                0x000050e8      0x184 build\kernel\libcpu\arm\cortex-m4\cpuport.o
                0x000050e8                rt_hw_hard_fault_exception
 .text._pin_read
                0x0000526c       0x60 build\kernel\components\drivers\misc\pin.o
 .text._pin_write
                0x000052cc       0x5c build\kernel\components\drivers\misc\pin.o
 .text._pin_control
                0x00005328       0x58 build\kernel\components\drivers\misc\pin.o
 .text.rt_device_pin_register
                0x00005380       0x74 build\kernel\components\drivers\misc\pin.o
                0x00005380                rt_device_pin_register
 .text.rt_pin_attach_irq
                0x000053f4       0x58 build\kernel\components\drivers\misc\pin.o
                0x000053f4                rt_pin_attach_irq
 .text.rt_pin_irq_enable
                0x0000544c       0x50 build\kernel\components\drivers\misc\pin.o
                0x0000544c                rt_pin_irq_enable
 .text.rt_pin_mode
                0x0000549c       0x40 build\kernel\components\drivers\misc\pin.o
                0x0000549c                rt_pin_mode
 .text.rt_pin_write
                0x000054dc       0x40 build\kernel\components\drivers\misc\pin.o
                0x000054dc                rt_pin_write
 .text.rt_pin_read
                0x0000551c       0x3c build\kernel\components\drivers\misc\pin.o
                0x0000551c                rt_pin_read
 .text.rt_pin_get
                0x00005558       0x60 build\kernel\components\drivers\misc\pin.o
                0x00005558                rt_pin_get
 .text.finsh_get_prompt
                0x000055b8       0xa0 build\kernel\components\finsh\shell.o
                0x000055b8                finsh_get_prompt
 .text.finsh_set_prompt_mode
                0x00005658       0x48 build\kernel\components\finsh\shell.o
                0x00005658                finsh_set_prompt_mode
 .text.finsh_getchar
                0x000056a0       0x5c build\kernel\components\finsh\shell.o
 .text.finsh_rx_ind
                0x000056fc       0x3c build\kernel\components\finsh\shell.o
 .text.finsh_set_device
                0x00005738       0xd8 build\kernel\components\finsh\shell.o
                0x00005738                finsh_set_device
 .text.shell_auto_complete
                0x00005810       0x40 build\kernel\components\finsh\shell.o
 .text.shell_handle_history
                0x00005850       0x34 build\kernel\components\finsh\shell.o
 .text.shell_push_history
                0x00005884      0x160 build\kernel\components\finsh\shell.o
 .text.finsh_thread_entry
                0x000059e4      0x5d8 build\kernel\components\finsh\shell.o
                0x000059e4                finsh_thread_entry
 .text.finsh_system_function_init
                0x00005fbc       0x28 build\kernel\components\finsh\shell.o
                0x00005fbc                finsh_system_function_init
 .text.finsh_system_var_init
                0x00005fe4       0x28 build\kernel\components\finsh\shell.o
                0x00005fe4                finsh_system_var_init
 .text.finsh_system_init
                0x0000600c       0xac build\kernel\components\finsh\shell.o
                0x0000600c                finsh_system_init
 .text.rt_list_isempty
                0x000060b8       0x24 build\kernel\components\finsh\cmd.o
 .text.rt_list_len
                0x000060dc       0x34 build\kernel\components\finsh\cmd.o
 .text.hello    0x00006110       0x14 build\kernel\components\finsh\cmd.o
                0x00006110                hello
 .text.clear    0x00006124       0x14 build\kernel\components\finsh\cmd.o
 .text.version  0x00006138       0x10 build\kernel\components\finsh\cmd.o
                0x00006138                version
 .text.object_split
                0x00006148       0x28 build\kernel\components\finsh\cmd.o
 .text.list_find_init
                0x00006170       0x48 build\kernel\components\finsh\cmd.o
 .text.list_get_next
                0x000061b8       0xc8 build\kernel\components\finsh\cmd.o
 .text.list_thread
                0x00006280      0x208 build\kernel\components\finsh\cmd.o
                0x00006280                list_thread
 .text.show_wait_queue
                0x00006488       0x50 build\kernel\components\finsh\cmd.o
 .text.list_sem
                0x000064d8      0x12c build\kernel\components\finsh\cmd.o
                0x000064d8                list_sem
 .text.list_event
                0x00006604      0x118 build\kernel\components\finsh\cmd.o
                0x00006604                list_event
 .text.list_mutex
                0x0000671c       0xe8 build\kernel\components\finsh\cmd.o
                0x0000671c                list_mutex
 .text.list_mailbox
                0x00006804      0x13c build\kernel\components\finsh\cmd.o
                0x00006804                list_mailbox
 .text.list_msgqueue
                0x00006940      0x12c build\kernel\components\finsh\cmd.o
                0x00006940                list_msgqueue
 .text.list_mempool
                0x00006a6c      0x144 build\kernel\components\finsh\cmd.o
                0x00006a6c                list_mempool
 .text.list_timer
                0x00006bb0      0x108 build\kernel\components\finsh\cmd.o
                0x00006bb0                list_timer
 .text.list_device
                0x00006cb8       0xf0 build\kernel\components\finsh\cmd.o
                0x00006cb8                list_device
 .text.list     0x00006da8       0x6c build\kernel\components\finsh\cmd.o
                0x00006da8                list
 .text.msh_is_used
                0x00006e14       0x10 build\kernel\components\finsh\msh.o
                0x00006e14                msh_is_used
 .text.msh_help
                0x00006e24       0x7c build\kernel\components\finsh\msh.o
                0x00006e24                msh_help
 .text.cmd_ps   0x00006ea0       0x18 build\kernel\components\finsh\msh.o
                0x00006ea0                cmd_ps
 .text.cmd_free
                0x00006eb8       0x18 build\kernel\components\finsh\msh.o
                0x00006eb8                cmd_free
 .text.msh_split
                0x00006ed0      0x170 build\kernel\components\finsh\msh.o
 .text.msh_get_cmd
                0x00007040       0x80 build\kernel\components\finsh\msh.o
 .text._msh_exec_cmd
                0x000070c0       0xd4 build\kernel\components\finsh\msh.o
 .text.msh_exec
                0x00007194       0x84 build\kernel\components\finsh\msh.o
                0x00007194                msh_exec
 .text.str_common
                0x00007218       0x48 build\kernel\components\finsh\msh.o
 .text.msh_auto_complete
                0x00007260       0xd0 build\kernel\components\finsh\msh.o
                0x00007260                msh_auto_complete
 .text.libc_system_init
                0x00007330       0x10 build\kernel\components\libc\compilers\newlib\libc.o
                0x00007330                libc_system_init
 .text.exit     0x00007340       0x34 build\kernel\components\libc\compilers\newlib\syscalls.o
                0x00007340                exit
 .text.__libc_init_array
                0x00007374        0xc build\kernel\components\libc\compilers\newlib\syscalls.o
                0x00007374                __libc_init_array
 .text.nrf_gpio_pin_port_decode
                0x00007380       0x34 libraries\drivers\drv_gpio.o
 .text.nrf_gpio_cfg
                0x000073b4       0x54 libraries\drivers\drv_gpio.o
 .text.nrf_gpio_cfg_output
                0x00007408       0x24 libraries\drivers\drv_gpio.o
 .text.nrf_gpio_cfg_input
                0x0000742c       0x2c libraries\drivers\drv_gpio.o
 .text.nrf_gpio_pin_set
                0x00007458       0x2c libraries\drivers\drv_gpio.o
 .text.nrf_gpio_pin_clear
                0x00007484       0x2c libraries\drivers\drv_gpio.o
 .text.nrf_gpio_pin_write
                0x000074b0       0x28 libraries\drivers\drv_gpio.o
 .text.nrf_gpio_pin_read
                0x000074d8       0x2c libraries\drivers\drv_gpio.o
 .text.nrf_gpio_port_in_read
                0x00007504       0x18 libraries\drivers\drv_gpio.o
 .text.nrf_gpio_port_out_set
                0x0000751c       0x1c libraries\drivers\drv_gpio.o
 .text.nrf_gpio_port_out_clear
                0x00007538       0x1c libraries\drivers\drv_gpio.o
 .text.get_pin  0x00007554       0x44 libraries\drivers\drv_gpio.o
 .text.nrf5x_pin_write
                0x00007598       0x34 libraries\drivers\drv_gpio.o
 .text.nrf5x_pin_read
                0x000075cc       0x3c libraries\drivers\drv_gpio.o
 .text.nrf5x_pin_mode
                0x00007608       0x88 libraries\drivers\drv_gpio.o
 .text.pin_irq_hdr
                0x00007690       0x74 libraries\drivers\drv_gpio.o
 .text.nrf5x_pin_attach_irq
                0x00007704      0x1ec libraries\drivers\drv_gpio.o
 .text.nrf5x_pin_dettach_irq
                0x000078f0       0xd4 libraries\drivers\drv_gpio.o
 .text.nrf5x_pin_irq_enable
                0x000079c4       0xa8 libraries\drivers\drv_gpio.o
 .text.rt_hw_pin_init
                0x00007a6c       0x4c libraries\drivers\drv_gpio.o
                0x00007a6c                rt_hw_pin_init
 .text.button_1_callback
                0x00007ab8       0x3c libraries\drivers\drv_gpio.o
                0x00007ab8                button_1_callback
 .text.button_2_callback
                0x00007af4       0x3c libraries\drivers\drv_gpio.o
                0x00007af4                button_2_callback
 .text.button_3_callback
                0x00007b30       0x3c libraries\drivers\drv_gpio.o
                0x00007b30                button_3_callback
 .text.button_4_callback
                0x00007b6c       0x3c libraries\drivers\drv_gpio.o
                0x00007b6c                button_4_callback
 .text.gpio_sample
                0x00007ba8       0xb8 libraries\drivers\drv_gpio.o
                0x00007ba8                gpio_sample
 .text.memcmp   0x00007c60       0x64 c:/users/chenway/downloads/env/tools/gnu_gcc/arm_gcc/mingw/bin/../lib/gcc/arm-none-eabi/5.4.1/../../../../arm-none-eabi/lib/armv7e-m\libc.a(lib_a-memcmp.o)
                0x00007c60                memcmp
 .text.memset   0x00007cc4       0x9c c:/users/chenway/downloads/env/tools/gnu_gcc/arm_gcc/mingw/bin/../lib/gcc/arm-none-eabi/5.4.1/../../../../arm-none-eabi/lib/armv7e-m\libc.a(lib_a-memset.o)
                0x00007cc4                memset
 .text.strncmp  0x00007d60       0xa0 c:/users/chenway/downloads/env/tools/gnu_gcc/arm_gcc/mingw/bin/../lib/gcc/arm-none-eabi/5.4.1/../../../../arm-none-eabi/lib/armv7e-m\libc.a(lib_a-strncmp.o)
                0x00007d60                strncmp
 .text.strncpy  0x00007e00       0x68 c:/users/chenway/downloads/env/tools/gnu_gcc/arm_gcc/mingw/bin/../lib/gcc/arm-none-eabi/5.4.1/../../../../arm-none-eabi/lib/armv7e-m\libc.a(lib_a-strncpy.o)
                0x00007e00                strncpy
 *(.rodata)
 .rodata        0x00007e68        0x8 build\packages\nrfx-v2.1.0\drivers\src\nrfx_gpiote.o
 .rodata        0x00007e70      0x10c build\kernel\src\device.o
 .rodata        0x00007f7c      0x476 build\kernel\src\ipc.o
 *fill*         0x000083f2        0x2 00000000
 .rodata        0x000083f4       0xc7 build\kernel\src\kservice.o
 *fill*         0x000084bb        0x1 00000000
 .rodata        0x000084bc      0x2fa build\kernel\src\mem.o
 *fill*         0x000087b6        0x2 00000000
 .rodata        0x000087b8       0x91 build\kernel\src\object.o
 *fill*         0x00008849        0x3 00000000
 .rodata        0x0000884c       0x65 build\kernel\src\scheduler.o
 *fill*         0x000088b1        0x3 00000000
 .rodata        0x000088b4      0x1b7 build\kernel\src\thread.o
 *fill*         0x00008a6b        0x1 00000000
 .rodata        0x00008a6c       0xde build\kernel\src\timer.o
 *fill*         0x00008b4a        0x2 00000000
 .rodata        0x00008b4c      0x2ce build\kernel\libcpu\arm\cortex-m4\cpuport.o
 *fill*         0x00008e1a        0x2 00000000
 .rodata        0x00008e1c       0x37 build\kernel\components\drivers\misc\pin.o
 *fill*         0x00008e53        0x1 00000000
 .rodata        0x00008e54       0x99 build\kernel\components\finsh\shell.o
 *fill*         0x00008eed        0x3 00000000
 .rodata        0x00008ef0      0x645 build\kernel\components\finsh\cmd.o
 *fill*         0x00009535        0x3 00000000
 .rodata        0x00009538       0x80 build\kernel\components\finsh\msh.o
 .rodata        0x000095b8       0x46 build\kernel\components\libc\compilers\newlib\syscalls.o
 *fill*         0x000095fe        0x2 00000000
 .rodata        0x00009600        0x4 libraries\drivers\drv_gpio.o
 *(.rodata*)
 .rodata.__FUNCTION__.5604
                0x00009604        0xf build\kernel\src\device.o
 *fill*         0x00009613        0x1 00000000
 .rodata.__FUNCTION__.5628
                0x00009614        0xf build\kernel\src\device.o
 *fill*         0x00009623        0x1 00000000
 .rodata.__FUNCTION__.5633
                0x00009624       0x10 build\kernel\src\device.o
 .rodata.__FUNCTION__.5640
                0x00009634        0xf build\kernel\src\device.o
 *fill*         0x00009643        0x1 00000000
 .rodata.__FUNCTION__.5647
                0x00009644       0x10 build\kernel\src\device.o
 .rodata.__FUNCTION__.5660
                0x00009654       0x1a build\kernel\src\device.o
 *fill*         0x0000966e        0x2 00000000
 .rodata.__FUNCTION__.5701
                0x00009670        0xc build\kernel\src\ipc.o
 .rodata.__FUNCTION__.5725
                0x0000967c        0xc build\kernel\src\ipc.o
 .rodata.__FUNCTION__.5736
                0x00009688        0xf build\kernel\src\ipc.o
 *fill*         0x00009697        0x1 00000000
 .rodata.__lowest_bit_bitmap
                0x00009698      0x100 build\kernel\src\kservice.o
                0x00009698                __lowest_bit_bitmap
 .rodata.large_digits.5834
                0x00009798       0x11 build\kernel\src\kservice.o
 *fill*         0x000097a9        0x3 00000000
 .rodata.small_digits.5833
                0x000097ac       0x11 build\kernel\src\kservice.o
 *fill*         0x000097bd        0x3 00000000
 .rodata.name   0x000097c0       0x2a build\kernel\src\mem.o
                0x000097c0                __fsym_list_mem_name
                0x000097cc                __fsym_list_mem_desc
 *fill*         0x000097ea        0x2 00000000
 .rodata.__FUNCTION__.5691
                0x000097ec        0xb build\kernel\src\mem.o
 *fill*         0x000097f7        0x1 00000000
 .rodata.__FUNCTION__.5709
                0x000097f8        0xa build\kernel\src\mem.o
 *fill*         0x00009802        0x2 00000000
 .rodata.__FUNCTION__.5738
                0x00009804        0x8 build\kernel\src\mem.o
 .rodata.__FUNCTION__.5740
                0x0000980c        0xf build\kernel\src\object.o
 *fill*         0x0000981b        0x1 00000000
 .rodata.__FUNCTION__.5749
                0x0000981c       0x11 build\kernel\src\object.o
 *fill*         0x0000982d        0x3 00000000
 .rodata.__FUNCTION__.5758
                0x00009830       0x13 build\kernel\src\object.o
 *fill*         0x00009843        0x1 00000000
 .rodata.__FUNCTION__.5763
                0x00009844       0x11 build\kernel\src\object.o
 *fill*         0x00009855        0x3 00000000
 .rodata.__FUNCTION__.5767
                0x00009858       0x1a build\kernel\src\object.o
 *fill*         0x00009872        0x2 00000000
 .rodata.__FUNCTION__.5771
                0x00009874       0x13 build\kernel\src\object.o
 *fill*         0x00009887        0x1 00000000
 .rodata.__FUNCTION__.5678
                0x00009888       0x1a build\kernel\src\scheduler.o
 *fill*         0x000098a2        0x2 00000000
 .rodata.__FUNCTION__.5716
                0x000098a4       0x1a build\kernel\src\scheduler.o
 *fill*         0x000098be        0x2 00000000
 .rodata.__FUNCTION__.5722
                0x000098c0       0x1a build\kernel\src\scheduler.o
 *fill*         0x000098da        0x2 00000000
 .rodata.__FUNCTION__.5695
                0x000098dc       0x10 build\kernel\src\thread.o
 .rodata.__FUNCTION__.5716
                0x000098ec       0x12 build\kernel\src\thread.o
 *fill*         0x000098fe        0x2 00000000
 .rodata.__FUNCTION__.5748
                0x00009900       0x10 build\kernel\src\thread.o
 .rodata.__FUNCTION__.5780
                0x00009910       0x12 build\kernel\src\thread.o
 *fill*         0x00009922        0x2 00000000
 .rodata.__FUNCTION__.5785
                0x00009924       0x11 build\kernel\src\thread.o
 *fill*         0x00009935        0x3 00000000
 .rodata.__FUNCTION__.5790
                0x00009938       0x12 build\kernel\src\thread.o
 *fill*         0x0000994a        0x2 00000000
 .rodata.__FUNCTION__.5715
                0x0000994c        0xe build\kernel\src\timer.o
 *fill*         0x0000995a        0x2 00000000
 .rodata.__FUNCTION__.5720
                0x0000995c       0x10 build\kernel\src\timer.o
 .rodata.__FUNCTION__.5744
                0x0000996c        0xf build\kernel\src\timer.o
 *fill*         0x0000997b        0x1 00000000
 .rodata.__FUNCTION__.5761
                0x0000997c        0xe build\kernel\src\timer.o
 *fill*         0x0000998a        0x2 00000000
 .rodata.__FUNCTION__.5768
                0x0000998c       0x11 build\kernel\src\timer.o
 *fill*         0x0000999d        0x3 00000000
 .rodata.name   0x000099a0       0x99 build\kernel\components\drivers\misc\pin.o
                0x000099a0                __fsym_pinMode_name
                0x000099a8                __fsym_pinMode_desc
                0x000099c0                __fsym_pinWrite_name
                0x000099cc                __fsym_pinWrite_desc
                0x000099e8                __fsym_pinRead_name
                0x000099f0                __fsym_pinRead_desc
                0x00009a10                __fsym_pinGet_name
                0x00009a18                __fsym_pinGet_desc
 *fill*         0x00009a39        0x3 00000000
 .rodata.__FUNCTION__.7482
                0x00009a3c        0xa build\kernel\components\drivers\misc\pin.o
 *fill*         0x00009a46        0x2 00000000
 .rodata.__FUNCTION__.7491
                0x00009a48        0xb build\kernel\components\drivers\misc\pin.o
 *fill*         0x00009a53        0x1 00000000
 .rodata.__FUNCTION__.7499
                0x00009a54        0xd build\kernel\components\drivers\misc\pin.o
 *fill*         0x00009a61        0x3 00000000
 .rodata.__FUNCTION__.7512
                0x00009a64       0x12 build\kernel\components\drivers\misc\pin.o
 *fill*         0x00009a76        0x2 00000000
 .rodata.__FUNCTION__.7521
                0x00009a78       0x12 build\kernel\components\drivers\misc\pin.o
 *fill*         0x00009a8a        0x2 00000000
 .rodata.__FUNCTION__.7526
                0x00009a8c        0xc build\kernel\components\drivers\misc\pin.o
 .rodata.__FUNCTION__.7534
                0x00009a98        0xd build\kernel\components\drivers\misc\pin.o
 *fill*         0x00009aa5        0x3 00000000
 .rodata.__FUNCTION__.7541
                0x00009aa8        0xc build\kernel\components\drivers\misc\pin.o
 .rodata.__FUNCTION__.7548
                0x00009ab4        0xb build\kernel\components\drivers\misc\pin.o
 *fill*         0x00009abf        0x1 00000000
 .rodata.__FUNCTION__.7212
                0x00009ac0       0x16 build\kernel\components\finsh\shell.o
 *fill*         0x00009ad6        0x2 00000000
 .rodata.__FUNCTION__.7217
                0x00009ad8        0xe build\kernel\components\finsh\shell.o
 *fill*         0x00009ae6        0x2 00000000
 .rodata.__FUNCTION__.7225
                0x00009ae8        0xd build\kernel\components\finsh\shell.o
 *fill*         0x00009af5        0x3 00000000
 .rodata.__FUNCTION__.7230
                0x00009af8       0x11 build\kernel\components\finsh\shell.o
 *fill*         0x00009b09        0x3 00000000
 .rodata.name   0x00009b0c      0x3c6 build\kernel\components\finsh\cmd.o
                0x00009b0c                __fsym_hello_name
                0x00009b14                __fsym_hello_desc
                0x00009b24                __fsym_clear_name
                0x00009b2c                __fsym_clear_desc
                0x00009b48                __fsym___cmd_clear_name
                0x00009b54                __fsym___cmd_clear_desc
                0x00009b70                __fsym_version_name
                0x00009b78                __fsym_version_desc
                0x00009b9c                __fsym___cmd_version_name
                0x00009bac                __fsym___cmd_version_desc
                0x00009bd0                __fsym_list_thread_name
                0x00009bdc                __fsym_list_thread_desc
                0x00009be8                __fsym___cmd_list_thread_name
                0x00009bfc                __fsym___cmd_list_thread_desc
                0x00009c08                __fsym_list_sem_name
                0x00009c14                __fsym_list_sem_desc
                0x00009c30                __fsym___cmd_list_sem_name
                0x00009c40                __fsym___cmd_list_sem_desc
                0x00009c5c                __fsym_list_event_name
                0x00009c68                __fsym_list_event_desc
                0x00009c80                __fsym___cmd_list_event_name
                0x00009c94                __fsym___cmd_list_event_desc
                0x00009cac                __fsym_list_mutex_name
                0x00009cb8                __fsym_list_mutex_desc
                0x00009cd0                __fsym___cmd_list_mutex_name
                0x00009ce4                __fsym___cmd_list_mutex_desc
                0x00009cfc                __fsym_list_mailbox_name
                0x00009d0c                __fsym_list_mailbox_desc
                0x00009d24                __fsym___cmd_list_mailbox_name
                0x00009d38                __fsym___cmd_list_mailbox_desc
                0x00009d50                __fsym_list_msgqueue_name
                0x00009d60                __fsym_list_msgqueue_desc
                0x00009d80                __fsym___cmd_list_msgqueue_name
                0x00009d94                __fsym___cmd_list_msgqueue_desc
                0x00009db4                __fsym_list_mempool_name
                0x00009dc4                __fsym_list_mempool_desc
                0x00009de0                __fsym___cmd_list_mempool_name
                0x00009df4                __fsym___cmd_list_mempool_desc
                0x00009e10                __fsym_list_timer_name
                0x00009e1c                __fsym_list_timer_desc
                0x00009e34                __fsym___cmd_list_timer_name
                0x00009e48                __fsym___cmd_list_timer_desc
                0x00009e60                __fsym_list_device_name
                0x00009e6c                __fsym_list_device_desc
                0x00009e84                __fsym___cmd_list_device_name
                0x00009e98                __fsym___cmd_list_device_desc
                0x00009eb0                __fsym_list_name
                0x00009eb8                __fsym_list_desc
 *fill*         0x00009ed2        0x2 00000000
 .rodata.device_type_str
                0x00009ed4       0x5c build\kernel\components\finsh\cmd.o
 .rodata.name   0x00009f30       0x7d build\kernel\components\finsh\msh.o
                0x00009f30                __fsym___cmd_help_name
                0x00009f3c                __fsym___cmd_help_desc
                0x00009f54                __fsym___cmd_ps_name
                0x00009f60                __fsym___cmd_ps_desc
                0x00009f7c                __fsym___cmd_free_name
                0x00009f88                __fsym___cmd_free_desc
 *fill*         0x00009fad        0x3 00000000
 .rodata.__FUNCTION__.7205
                0x00009fb0        0xe build\kernel\components\finsh\msh.o
 *fill*         0x00009fbe        0x2 00000000
 .rodata.__FUNCTION__.6530
                0x00009fc0        0x5 build\kernel\components\libc\compilers\newlib\syscalls.o
 *fill*         0x00009fc5        0x3 00000000
 .rodata.pins   0x00009fc8      0x240 libraries\drivers\drv_gpio.o
 .rodata._nrf5x_pin_ops
                0x0000a208       0x1c libraries\drivers\drv_gpio.o
 .rodata.name   0x0000a224       0x20 libraries\drivers\drv_gpio.o
                0x0000a224                __fsym___cmd_gpio_sample_name
                0x0000a238                __fsym___cmd_gpio_sample_desc
 *(.glue_7)
 .glue_7        0x0000a244        0x0 linker stubs
 *(.glue_7t)
 .glue_7t       0x0000a244        0x0 linker stubs
 *(.gnu.linkonce.t*)
                0x0000a244                . = ALIGN (0x4)
                0x0000a244                __fsymtab_start = .
 *(FSymTab)
 FSymTab        0x0000a244        0xc build\kernel\src\mem.o
                0x0000a244                __fsym_list_mem
 FSymTab        0x0000a250       0x30 build\kernel\components\drivers\misc\pin.o
                0x0000a250                __fsym_pinMode
                0x0000a25c                __fsym_pinWrite
                0x0000a268                __fsym_pinRead
                0x0000a274                __fsym_pinGet
 FSymTab        0x0000a280      0x120 build\kernel\components\finsh\cmd.o
                0x0000a280                __fsym_hello
                0x0000a28c                __fsym_clear
                0x0000a298                __fsym___cmd_clear
                0x0000a2a4                __fsym_version
                0x0000a2b0                __fsym___cmd_version
                0x0000a2bc                __fsym_list_thread
                0x0000a2c8                __fsym___cmd_list_thread
                0x0000a2d4                __fsym_list_sem
                0x0000a2e0                __fsym___cmd_list_sem
                0x0000a2ec                __fsym_list_event
                0x0000a2f8                __fsym___cmd_list_event
                0x0000a304                __fsym_list_mutex
                0x0000a310                __fsym___cmd_list_mutex
                0x0000a31c                __fsym_list_mailbox
                0x0000a328                __fsym___cmd_list_mailbox
                0x0000a334                __fsym_list_msgqueue
                0x0000a340                __fsym___cmd_list_msgqueue
                0x0000a34c                __fsym_list_mempool
                0x0000a358                __fsym___cmd_list_mempool
                0x0000a364                __fsym_list_timer
                0x0000a370                __fsym___cmd_list_timer
                0x0000a37c                __fsym_list_device
                0x0000a388                __fsym___cmd_list_device
                0x0000a394                __fsym_list
 FSymTab        0x0000a3a0       0x24 build\kernel\components\finsh\msh.o
                0x0000a3a0                __fsym___cmd_help
                0x0000a3ac                __fsym___cmd_ps
                0x0000a3b8                __fsym___cmd_free
 FSymTab        0x0000a3c4        0xc libraries\drivers\drv_gpio.o
                0x0000a3c4                __fsym___cmd_gpio_sample
                0x0000a3d0                __fsymtab_end = .
                0x0000a3d0                . = ALIGN (0x4)
                0x0000a3d0                __vsymtab_start = .
 *(VSymTab)
                0x0000a3d0                __vsymtab_end = .
                0x0000a3d0                . = ALIGN (0x4)
                0x0000a3d0                __rt_utest_tc_tab_start = .
 *(UtestTcTab)
                0x0000a3d0                __rt_utest_tc_tab_end = .
                0x0000a3d0                . = ALIGN (0x4)
                0x0000a3d0                __rtatcmdtab_start = .
 *(RtAtCmdTab)
                0x0000a3d0                __rtatcmdtab_end = .
                0x0000a3d0                . = ALIGN (0x4)
                0x0000a3d0                . = ALIGN (0x4)
                0x0000a3d0                __rt_init_start = .
 *(SORT(.rti_fn*))
 .rti_fn.0      0x0000a3d0        0x4 build\kernel\src\components.o
                0x0000a3d0                __rt_init_rti_start
 .rti_fn.0.end  0x0000a3d4        0x4 build\kernel\src\components.o
                0x0000a3d4                __rt_init_rti_board_start
 .rti_fn.1      0x0000a3d8        0x4 libraries\drivers\drv_gpio.o
                0x0000a3d8                __rt_init_rt_hw_pin_init
 .rti_fn.1.end  0x0000a3dc        0x4 build\kernel\src\components.o
                0x0000a3dc                __rt_init_rti_board_end
 .rti_fn.4      0x0000a3e0        0x4 build\kernel\components\libc\compilers\newlib\libc.o
                0x0000a3e0                __rt_init_libc_system_init
 .rti_fn.6      0x0000a3e4        0x4 build\kernel\components\finsh\shell.o
                0x0000a3e4                __rt_init_finsh_system_init
 .rti_fn.6.end  0x0000a3e8        0x4 build\kernel\src\components.o
                0x0000a3e8                __rt_init_rti_end
                0x0000a3ec                __rt_init_end = .
                0x0000a3ec                . = ALIGN (0x4)
                [!provide]                PROVIDE (__ctors_start__, .)
 *(SORT(.init_array.*))
 *(.init_array)
 .init_array    0x0000a3ec        0x4 c:/users/chenway/downloads/env/tools/gnu_gcc/arm_gcc/mingw/bin/../lib/gcc/arm-none-eabi/5.4.1/armv7e-m/crtbegin.o
                [!provide]                PROVIDE (__ctors_end__, .)
                0x0000a3f0                . = ALIGN (0x4)
                0x0000a3f0                _etext = .
                0x0000a3f0                __exidx_start = .

.vfp11_veneer   0x0000a3f0        0x0
 .vfp11_veneer  0x0000a3f0        0x0 linker stubs

.v4_bx          0x0000a3f0        0x0
 .v4_bx         0x0000a3f0        0x0 linker stubs

.init           0x0000a3f0        0x4
 .init          0x0000a3f0        0x4 c:/users/chenway/downloads/env/tools/gnu_gcc/arm_gcc/mingw/bin/../lib/gcc/arm-none-eabi/5.4.1/armv7e-m/crti.o
                0x0000a3f0                _init

.fini           0x0000a3f4        0x4
 .fini          0x0000a3f4        0x4 c:/users/chenway/downloads/env/tools/gnu_gcc/arm_gcc/mingw/bin/../lib/gcc/arm-none-eabi/5.4.1/armv7e-m/crti.o
                0x0000a3f4                _fini

.iplt           0x0000a3f8        0x0
 .iplt          0x0000a3f8        0x0 c:/users/chenway/downloads/env/tools/gnu_gcc/arm_gcc/mingw/bin/../lib/gcc/arm-none-eabi/5.4.1/armv7e-m/crtbegin.o

.eh_frame       0x0000a3f8        0x0
 .eh_frame      0x0000a3f8        0x0 c:/users/chenway/downloads/env/tools/gnu_gcc/arm_gcc/mingw/bin/../lib/gcc/arm-none-eabi/5.4.1/armv7e-m/crtbegin.o

.ARM.exidx      0x0000a3f8        0x8
 *(.ARM.exidx* .gnu.linkonce.armexidx.*)
 .ARM.exidx     0x0000a3f8        0x8 c:/users/chenway/downloads/env/tools/gnu_gcc/arm_gcc/mingw/bin/../lib/gcc/arm-none-eabi/5.4.1/../../../../arm-none-eabi/lib/armv7e-m/crt0.o
                0x0000a400                _sidata = .
                0x0000a400                __exidx_end = .
                0x0000a400                __etext = .

.rel.dyn        0x0000a400        0x0
 .rel.iplt      0x0000a400        0x0 c:/users/chenway/downloads/env/tools/gnu_gcc/arm_gcc/mingw/bin/../lib/gcc/arm-none-eabi/5.4.1/armv7e-m/crtbegin.o

.data           0x20000000      0x104 load address 0x0000a400
                0x20000000                . = ALIGN (0x4)
                0x20000000                _sdata = .
                0x20000000                __data_start__ = .
 *(.data)
 *(.data.*)
 .data.SystemCoreClock
                0x20000000        0x4 build\packages\nrfx-v2.1.0\mdk\system_nrf52840.o
                0x20000000                SystemCoreClock
 .data.rt_object_container
                0x20000004       0x90 build\kernel\src\object.o
 .data.soft_timer_status
                0x20000094        0x1 build\kernel\src\timer.o
 *fill*         0x20000095        0x3 
 .data.pin_irq_hdr_tab
                0x20000098       0x6c libraries\drivers\drv_gpio.o
 *(.gnu.linkonce.d*)
                [!provide]                PROVIDE (__dtors_start__, .)
 *(SORT(.dtors.*))
 *(.dtors)
                [!provide]                PROVIDE (__dtors_end__, .)
                0x20000104                . = ALIGN (0x4)
                0x20000104                __data_end__ = .
                0x20000104                _edata = .

.jcr            0x20000104        0x0 load address 0x0000a504
 .jcr           0x20000104        0x0 c:/users/chenway/downloads/env/tools/gnu_gcc/arm_gcc/mingw/bin/../lib/gcc/arm-none-eabi/5.4.1/armv7e-m/crtbegin.o

.igot.plt       0x20000104        0x0 load address 0x0000a504
 .igot.plt      0x20000104        0x0 c:/users/chenway/downloads/env/tools/gnu_gcc/arm_gcc/mingw/bin/../lib/gcc/arm-none-eabi/5.4.1/armv7e-m/crtbegin.o

.stack          0x20000108     0x2400 load address 0x0000a508
                0x20000108                . = ALIGN (0x4)
                0x20000108                _sstack = .
                0x20000508                . = (. + _system_stack_size)
 *fill*         0x20000108      0x400 
                0x20000508                . = ALIGN (0x4)
                0x20000508                _estack = .
 .stack         0x20000508     0x2000 build\packages\nrfx-v2.1.0\mdk\gcc_startup_nrf52840.o
                0x20000508                __StackLimit
                0x20002508                __StackTop
                0x20002508                __bss_start__ = .
                0x20002508                __bss_start = .

.bss            0x20002508      0x460 load address 0x0000c908
                0x20002508                . = ALIGN (0x4)
                0x20002508                _sbss = .
 *(.bss)
 .bss           0x20002508       0x1c c:/users/chenway/downloads/env/tools/gnu_gcc/arm_gcc/mingw/bin/../lib/gcc/arm-none-eabi/5.4.1/armv7e-m/crtbegin.o
 *(.bss.*)
 .bss.m_clock_cb
                0x20002524        0x8 build\packages\nrfx-v2.1.0\drivers\src\nrfx_clock.o
 .bss.m_cb      0x2000252c       0x5c build\packages\nrfx-v2.1.0\drivers\src\nrfx_gpiote.o
 .bss.m_cb      0x20002588       0x2c build\packages\nrfx-v2.1.0\drivers\src\nrfx_uart.o
 .bss.rt_tick   0x200025b4        0x4 build\kernel\src\clock.o
 .bss.rt_interrupt_enter_hook
                0x200025b8        0x4 build\kernel\src\irq.o
 .bss.rt_interrupt_leave_hook
                0x200025bc        0x4 build\kernel\src\irq.o
 .bss.rt_interrupt_nest
                0x200025c0        0x1 build\kernel\src\irq.o
                0x200025c0                rt_interrupt_nest
 *fill*         0x200025c1        0x3 
 .bss.__rt_errno
                0x200025c4        0x4 build\kernel\src\kservice.o
 .bss._console_device
                0x200025c8        0x4 build\kernel\src\kservice.o
 .bss.rt_log_buf.5944
                0x200025cc       0x80 build\kernel\src\kservice.o
 .bss.rt_malloc_hook
                0x2000264c        0x4 build\kernel\src\mem.o
 .bss.rt_free_hook
                0x20002650        0x4 build\kernel\src\mem.o
 .bss.heap_ptr  0x20002654        0x4 build\kernel\src\mem.o
 .bss.heap_end  0x20002658        0x4 build\kernel\src\mem.o
 .bss.lfree     0x2000265c        0x4 build\kernel\src\mem.o
 .bss.heap_sem  0x20002660       0x20 build\kernel\src\mem.o
 .bss.mem_size_aligned
                0x20002680        0x4 build\kernel\src\mem.o
 .bss.used_mem  0x20002684        0x4 build\kernel\src\mem.o
 .bss.max_mem   0x20002688        0x4 build\kernel\src\mem.o
 .bss.rt_object_attach_hook
                0x2000268c        0x4 build\kernel\src\object.o
 .bss.rt_object_detach_hook
                0x20002690        0x4 build\kernel\src\object.o
 .bss.rt_scheduler_lock_nest
                0x20002694        0x2 build\kernel\src\scheduler.o
 *fill*         0x20002696        0x2 
 .bss.rt_scheduler_hook
                0x20002698        0x4 build\kernel\src\scheduler.o
 .bss.rt_thread_suspend_hook
                0x2000269c        0x4 build\kernel\src\thread.o
 .bss.rt_thread_resume_hook
                0x200026a0        0x4 build\kernel\src\thread.o
 .bss.rt_thread_inited_hook
                0x200026a4        0x4 build\kernel\src\thread.o
 .bss.rt_timer_list
                0x200026a8        0x8 build\kernel\src\timer.o
 .bss.rt_soft_timer_list
                0x200026b0        0x8 build\kernel\src\timer.o
 .bss.timer_thread
                0x200026b8       0x80 build\kernel\src\timer.o
 .bss.rt_timer_enter_hook
                0x20002738        0x4 build\kernel\src\timer.o
 .bss.rt_timer_exit_hook
                0x2000273c        0x4 build\kernel\src\timer.o
 .bss.random_nr.5743
                0x20002740        0x4 build\kernel\src\timer.o
 .bss.rt_exception_hook
                0x20002744        0x4 build\kernel\libcpu\arm\cortex-m4\cpuport.o
 .bss._hw_pin   0x20002748       0x44 build\kernel\components\drivers\misc\pin.o
 .bss._syscall_table_begin
                0x2000278c        0x4 build\kernel\components\finsh\shell.o
                0x2000278c                _syscall_table_begin
 .bss._syscall_table_end
                0x20002790        0x4 build\kernel\components\finsh\shell.o
                0x20002790                _syscall_table_end
 .bss._sysvar_table_begin
                0x20002794        0x4 build\kernel\components\finsh\shell.o
                0x20002794                _sysvar_table_begin
 .bss._sysvar_table_end
                0x20002798        0x4 build\kernel\components\finsh\shell.o
                0x20002798                _sysvar_table_end
 .bss.finsh_prompt_custom
                0x2000279c        0x4 build\kernel\components\finsh\shell.o
 .bss.finsh_prompt.7204
                0x200027a0       0x81 build\kernel\components\finsh\shell.o
 *fill*         0x20002821        0x3 
 .bss.flag1.9134
                0x20002824        0x4 libraries\drivers\drv_gpio.o
 .bss.flag2.9138
                0x20002828        0x4 libraries\drivers\drv_gpio.o
 .bss.flag3.9142
                0x2000282c        0x4 libraries\drivers\drv_gpio.o
 .bss.flag4.9146
                0x20002830        0x4 libraries\drivers\drv_gpio.o
 *(COMMON)
 COMMON         0x20002834        0x4 build\kernel\src\kservice.o
                0x20002834                rt_assert_hook
 COMMON         0x20002838        0xc build\kernel\src\object.o
                0x20002838                rt_object_put_hook
                0x2000283c                rt_object_take_hook
                0x20002840                rt_object_trytake_hook
 COMMON         0x20002844      0x114 build\kernel\src\scheduler.o
                0x20002844                rt_thread_priority_table
                0x20002944                rt_current_priority
                0x20002948                rt_current_thread
                0x2000294c                rt_thread_ready_priority_group
                0x20002950                rt_thread_defunct
 COMMON         0x20002958        0xc build\kernel\libcpu\arm\cortex-m4\cpuport.o
                0x20002958                rt_interrupt_to_thread
                0x2000295c                rt_interrupt_from_thread
                0x20002960                rt_thread_switch_interrupt_flag
 COMMON         0x20002964        0x4 build\kernel\components\finsh\shell.o
                0x20002964                shell
                0x20002968                . = ALIGN (0x4)
                0x20002968                _ebss = .
 *(.bss.init)
                0x20002968                __bss_end__ = .
                0x20002968                __bss_end = .
                0x20002968                _end = .

.stab
 *(.stab)

.stabstr
 *(.stabstr)

.stab.excl
 *(.stab.excl)

.stab.exclstr
 *(.stab.exclstr)

.stab.index
 *(.stab.index)

.stab.indexstr
 *(.stab.indexstr)

.comment        0x00000000       0x6e
 *(.comment)
 .comment       0x00000000       0x6e build\applications\application.o
                                 0x6f (size before relaxing)
 .comment       0x0000006e       0x6f build\board\board.o
 .comment       0x0000006e       0x6f build\packages\nrfx-v2.1.0\drivers\src\nrfx_clock.o
 .comment       0x0000006e       0x6f build\packages\nrfx-v2.1.0\drivers\src\nrfx_gpiote.o
 .comment       0x0000006e       0x6f build\packages\nrfx-v2.1.0\drivers\src\nrfx_uart.o
 .comment       0x0000006e       0x6f build\packages\nrfx-v2.1.0\mdk\system_nrf52840.o
 .comment       0x0000006e       0x6f build\kernel\src\clock.o
 .comment       0x0000006e       0x6f build\kernel\src\components.o
 .comment       0x0000006e       0x6f build\kernel\src\device.o
 .comment       0x0000006e       0x6f build\kernel\src\ipc.o
 .comment       0x0000006e       0x6f build\kernel\src\irq.o
 .comment       0x0000006e       0x6f build\kernel\src\kservice.o
 .comment       0x0000006e       0x6f build\kernel\src\mem.o
 .comment       0x0000006e       0x6f build\kernel\src\object.o
 .comment       0x0000006e       0x6f build\kernel\src\scheduler.o
 .comment       0x0000006e       0x6f build\kernel\src\thread.o
 .comment       0x0000006e       0x6f build\kernel\src\timer.o
 .comment       0x0000006e       0x6f build\kernel\libcpu\arm\cortex-m4\cpuport.o
 .comment       0x0000006e       0x6f build\kernel\components\drivers\misc\pin.o
 .comment       0x0000006e       0x6f build\kernel\components\finsh\shell.o
 .comment       0x0000006e       0x6f build\kernel\components\finsh\cmd.o
 .comment       0x0000006e       0x6f build\kernel\components\finsh\msh.o
 .comment       0x0000006e       0x6f build\kernel\components\libc\compilers\newlib\libc.o
 .comment       0x0000006e       0x6f build\kernel\components\libc\compilers\newlib\syscalls.o
 .comment       0x0000006e       0x6f libraries\drivers\drv_gpio.o

.ARM.attributes
                0x00000000       0x2a
 .ARM.attributes
                0x00000000       0x1e c:/users/chenway/downloads/env/tools/gnu_gcc/arm_gcc/mingw/bin/../lib/gcc/arm-none-eabi/5.4.1/armv7e-m/crti.o
 .ARM.attributes
                0x0000001e       0x2e c:/users/chenway/downloads/env/tools/gnu_gcc/arm_gcc/mingw/bin/../lib/gcc/arm-none-eabi/5.4.1/armv7e-m/crtbegin.o
 .ARM.attributes
                0x0000004c       0x1c c:/users/chenway/downloads/env/tools/gnu_gcc/arm_gcc/mingw/bin/../lib/gcc/arm-none-eabi/5.4.1/../../../../arm-none-eabi/lib/armv7e-m/crt0.o
 .ARM.attributes
                0x00000068       0x33 build\applications\application.o
 .ARM.attributes
                0x0000009b       0x33 build\board\board.o
 .ARM.attributes
                0x000000ce       0x33 build\packages\nrfx-v2.1.0\drivers\src\nrfx_clock.o
 .ARM.attributes
                0x00000101       0x33 build\packages\nrfx-v2.1.0\drivers\src\nrfx_gpiote.o
 .ARM.attributes
                0x00000134       0x33 build\packages\nrfx-v2.1.0\drivers\src\nrfx_uart.o
 .ARM.attributes
                0x00000167       0x33 build\packages\nrfx-v2.1.0\mdk\system_nrf52840.o
 .ARM.attributes
                0x0000019a       0x1c build\packages\nrfx-v2.1.0\mdk\gcc_startup_nrf52840.o
 .ARM.attributes
                0x000001b6       0x33 build\kernel\src\clock.o
 .ARM.attributes
                0x000001e9       0x33 build\kernel\src\components.o
 .ARM.attributes
                0x0000021c       0x33 build\kernel\src\device.o
 .ARM.attributes
                0x0000024f       0x33 build\kernel\src\ipc.o
 .ARM.attributes
                0x00000282       0x33 build\kernel\src\irq.o
 .ARM.attributes
                0x000002b5       0x33 build\kernel\src\kservice.o
 .ARM.attributes
                0x000002e8       0x33 build\kernel\src\mem.o
 .ARM.attributes
                0x0000031b       0x33 build\kernel\src\object.o
 .ARM.attributes
                0x0000034e       0x33 build\kernel\src\scheduler.o
 .ARM.attributes
                0x00000381       0x33 build\kernel\src\thread.o
 .ARM.attributes
                0x000003b4       0x33 build\kernel\src\timer.o
 .ARM.attributes
                0x000003e7       0x33 build\kernel\libcpu\arm\cortex-m4\cpuport.o
 .ARM.attributes
                0x0000041a       0x21 build\kernel\libcpu\arm\cortex-m4\context_gcc.o
 .ARM.attributes
                0x0000043b       0x33 build\kernel\components\drivers\misc\pin.o
 .ARM.attributes
                0x0000046e       0x33 build\kernel\components\finsh\shell.o
 .ARM.attributes
                0x000004a1       0x33 build\kernel\components\finsh\cmd.o
 .ARM.attributes
                0x000004d4       0x33 build\kernel\components\finsh\msh.o
 .ARM.attributes
                0x00000507       0x33 build\kernel\components\libc\compilers\newlib\libc.o
 .ARM.attributes
                0x0000053a       0x33 build\kernel\components\libc\compilers\newlib\syscalls.o
 .ARM.attributes
                0x0000056d       0x33 libraries\drivers\drv_gpio.o
 .ARM.attributes
                0x000005a0       0x2e c:/users/chenway/downloads/env/tools/gnu_gcc/arm_gcc/mingw/bin/../lib/gcc/arm-none-eabi/5.4.1/../../../../arm-none-eabi/lib/armv7e-m\libc.a(lib_a-memcmp.o)
 .ARM.attributes
                0x000005ce       0x1c c:/users/chenway/downloads/env/tools/gnu_gcc/arm_gcc/mingw/bin/../lib/gcc/arm-none-eabi/5.4.1/../../../../arm-none-eabi/lib/armv7e-m\libc.a(lib_a-memcpy.o)
 .ARM.attributes
                0x000005ea       0x2e c:/users/chenway/downloads/env/tools/gnu_gcc/arm_gcc/mingw/bin/../lib/gcc/arm-none-eabi/5.4.1/../../../../arm-none-eabi/lib/armv7e-m\libc.a(lib_a-memset.o)
 .ARM.attributes
                0x00000618       0x1c c:/users/chenway/downloads/env/tools/gnu_gcc/arm_gcc/mingw/bin/../lib/gcc/arm-none-eabi/5.4.1/../../../../arm-none-eabi/lib/armv7e-m\libc.a(lib_a-strlen.o)
 .ARM.attributes
                0x00000634       0x2e c:/users/chenway/downloads/env/tools/gnu_gcc/arm_gcc/mingw/bin/../lib/gcc/arm-none-eabi/5.4.1/../../../../arm-none-eabi/lib/armv7e-m\libc.a(lib_a-strncmp.o)
 .ARM.attributes
                0x00000662       0x2e c:/users/chenway/downloads/env/tools/gnu_gcc/arm_gcc/mingw/bin/../lib/gcc/arm-none-eabi/5.4.1/../../../../arm-none-eabi/lib/armv7e-m\libc.a(lib_a-strncpy.o)

.heap           0x00000000     0x2000
 .heap          0x00000000     0x2000 build\packages\nrfx-v2.1.0\mdk\gcc_startup_nrf52840.o
                0x00000000                __HeapBase
                0x00002000                __HeapLimit

.debug
 *(.debug)

.line
 *(.line)

.debug_srcinfo
 *(.debug_srcinfo)

.debug_sfnames
 *(.debug_sfnames)

.debug_aranges  0x00000000     0x2700
 *(.debug_aranges)
 .debug_aranges
                0x00000000       0x20 build\applications\application.o
 .debug_aranges
                0x00000020       0x60 build\board\board.o
 .debug_aranges
                0x00000080      0xb18 build\packages\nrfx-v2.1.0\drivers\src\nrfx_clock.o
 .debug_aranges
                0x00000b98      0x2f8 build\packages\nrfx-v2.1.0\drivers\src\nrfx_gpiote.o
 .debug_aranges
                0x00000e90      0x1d8 build\packages\nrfx-v2.1.0\drivers\src\nrfx_uart.o
 .debug_aranges
                0x00001068      0xa58 build\packages\nrfx-v2.1.0\mdk\system_nrf52840.o
 .debug_aranges
                0x00001ac0       0x20 build\packages\nrfx-v2.1.0\mdk\gcc_startup_nrf52840.o
 .debug_aranges
                0x00001ae0       0x38 build\kernel\src\clock.o
 .debug_aranges
                0x00001b18       0x68 build\kernel\src\components.o
 .debug_aranges
                0x00001b80       0x88 build\kernel\src\device.o
 .debug_aranges
                0x00001c08      0x188 build\kernel\src\ipc.o
 .debug_aranges
                0x00001d90       0x40 build\kernel\src\irq.o
 .debug_aranges
                0x00001dd0      0x120 build\kernel\src\kservice.o
 .debug_aranges
                0x00001ef0       0x68 build\kernel\src\mem.o
 .debug_aranges
                0x00001f58       0xa0 build\kernel\src\object.o
 .debug_aranges
                0x00001ff8       0x90 build\kernel\src\scheduler.o
 .debug_aranges
                0x00002088       0xd8 build\kernel\src\thread.o
 .debug_aranges
                0x00002160       0xc8 build\kernel\src\timer.o
 .debug_aranges
                0x00002228       0x60 build\kernel\libcpu\arm\cortex-m4\cpuport.o
 .debug_aranges
                0x00002288       0x20 build\kernel\libcpu\arm\cortex-m4\context_gcc.o
 .debug_aranges
                0x000022a8       0x70 build\kernel\components\drivers\misc\pin.o
 .debug_aranges
                0x00002318       0xa0 build\kernel\components\finsh\shell.o
 .debug_aranges
                0x000023b8       0xb0 build\kernel\components\finsh\cmd.o
 .debug_aranges
                0x00002468       0x68 build\kernel\components\finsh\msh.o
 .debug_aranges
                0x000024d0       0x20 build\kernel\components\libc\compilers\newlib\libc.o
 .debug_aranges
                0x000024f0      0x130 build\kernel\components\libc\compilers\newlib\syscalls.o
 .debug_aranges
                0x00002620       0xe0 libraries\drivers\drv_gpio.o

.debug_pubnames
 *(.debug_pubnames)

.debug_info     0x00000000    0x1a785
 *(.debug_info .gnu.linkonce.wi.*)
 .debug_info    0x00000000       0xae build\applications\application.o
 .debug_info    0x000000ae      0x782 build\board\board.o
 .debug_info    0x00000830     0x3db0 build\packages\nrfx-v2.1.0\drivers\src\nrfx_clock.o
 .debug_info    0x000045e0     0x23c8 build\packages\nrfx-v2.1.0\drivers\src\nrfx_gpiote.o
 .debug_info    0x000069a8     0x1dff build\packages\nrfx-v2.1.0\drivers\src\nrfx_uart.o
 .debug_info    0x000087a7     0x3e5d build\packages\nrfx-v2.1.0\mdk\system_nrf52840.o
 .debug_info    0x0000c604       0x9e build\packages\nrfx-v2.1.0\mdk\gcc_startup_nrf52840.o
 .debug_info    0x0000c6a2      0x42a build\kernel\src\clock.o
 .debug_info    0x0000cacc      0x557 build\kernel\src\components.o
 .debug_info    0x0000d023      0x97a build\kernel\src\device.o
 .debug_info    0x0000d99d     0x1b8e build\kernel\src\ipc.o
 .debug_info    0x0000f52b      0x1bb build\kernel\src\irq.o
 .debug_info    0x0000f6e6     0x12b1 build\kernel\src\kservice.o
 .debug_info    0x00010997      0x78d build\kernel\src\mem.o
 .debug_info    0x00011124      0x891 build\kernel\src\object.o
 .debug_info    0x000119b5      0x7d7 build\kernel\src\scheduler.o
 .debug_info    0x0001218c      0xc85 build\kernel\src\thread.o
 .debug_info    0x00012e11      0xb8c build\kernel\src\timer.o
 .debug_info    0x0001399d      0x418 build\kernel\libcpu\arm\cortex-m4\cpuport.o
 .debug_info    0x00013db5       0x9b build\kernel\libcpu\arm\cortex-m4\context_gcc.o
 .debug_info    0x00013e50      0xbdb build\kernel\components\drivers\misc\pin.o
 .debug_info    0x00014a2b      0xde7 build\kernel\components\finsh\shell.o
 .debug_info    0x00015812     0x1b62 build\kernel\components\finsh\cmd.o
 .debug_info    0x00017374      0x63b build\kernel\components\finsh\msh.o
 .debug_info    0x000179af       0xcd build\kernel\components\libc\compilers\newlib\libc.o
 .debug_info    0x00017a7c     0x1acd build\kernel\components\libc\compilers\newlib\syscalls.o
 .debug_info    0x00019549     0x123c libraries\drivers\drv_gpio.o

.debug_abbrev   0x00000000     0x32d5
 *(.debug_abbrev)
 .debug_abbrev  0x00000000       0x55 build\applications\application.o
 .debug_abbrev  0x00000055      0x194 build\board\board.o
 .debug_abbrev  0x000001e9      0x316 build\packages\nrfx-v2.1.0\drivers\src\nrfx_clock.o
 .debug_abbrev  0x000004ff      0x31b build\packages\nrfx-v2.1.0\drivers\src\nrfx_gpiote.o
 .debug_abbrev  0x0000081a      0x2df build\packages\nrfx-v2.1.0\drivers\src\nrfx_uart.o
 .debug_abbrev  0x00000af9      0x17d build\packages\nrfx-v2.1.0\mdk\system_nrf52840.o
 .debug_abbrev  0x00000c76       0x14 build\packages\nrfx-v2.1.0\mdk\gcc_startup_nrf52840.o
 .debug_abbrev  0x00000c8a      0x122 build\kernel\src\clock.o
 .debug_abbrev  0x00000dac      0x166 build\kernel\src\components.o
 .debug_abbrev  0x00000f12      0x191 build\kernel\src\device.o
 .debug_abbrev  0x000010a3      0x1ee build\kernel\src\ipc.o
 .debug_abbrev  0x00001291       0xde build\kernel\src\irq.o
 .debug_abbrev  0x0000136f      0x2c1 build\kernel\src\kservice.o
 .debug_abbrev  0x00001630      0x208 build\kernel\src\mem.o
 .debug_abbrev  0x00001838      0x1e2 build\kernel\src\object.o
 .debug_abbrev  0x00001a1a      0x227 build\kernel\src\scheduler.o
 .debug_abbrev  0x00001c41      0x223 build\kernel\src\thread.o
 .debug_abbrev  0x00001e64      0x291 build\kernel\src\timer.o
 .debug_abbrev  0x000020f5      0x1d6 build\kernel\libcpu\arm\cortex-m4\cpuport.o
 .debug_abbrev  0x000022cb       0x14 build\kernel\libcpu\arm\cortex-m4\context_gcc.o
 .debug_abbrev  0x000022df      0x1a7 build\kernel\components\drivers\misc\pin.o
 .debug_abbrev  0x00002486      0x2df build\kernel\components\finsh\shell.o
 .debug_abbrev  0x00002765      0x28c build\kernel\components\finsh\cmd.o
 .debug_abbrev  0x000029f1      0x222 build\kernel\components\finsh\msh.o
 .debug_abbrev  0x00002c13       0x7d build\kernel\components\libc\compilers\newlib\libc.o
 .debug_abbrev  0x00002c90      0x34e build\kernel\components\libc\compilers\newlib\syscalls.o
 .debug_abbrev  0x00002fde      0x2f7 libraries\drivers\drv_gpio.o

.debug_line     0x00000000     0x9cc7
 *(.debug_line)
 .debug_line    0x00000000       0x56 build\applications\application.o
 .debug_line    0x00000056      0x293 build\board\board.o
 .debug_line    0x000002e9     0x2456 build\packages\nrfx-v2.1.0\drivers\src\nrfx_clock.o
 .debug_line    0x0000273f      0xbe2 build\packages\nrfx-v2.1.0\drivers\src\nrfx_gpiote.o
 .debug_line    0x00003321      0x818 build\packages\nrfx-v2.1.0\drivers\src\nrfx_uart.o
 .debug_line    0x00003b39     0x20ac build\packages\nrfx-v2.1.0\mdk\system_nrf52840.o
 .debug_line    0x00005be5       0x7f build\packages\nrfx-v2.1.0\mdk\gcc_startup_nrf52840.o
 .debug_line    0x00005c64       0xa6 build\kernel\src\clock.o
 .debug_line    0x00005d0a      0x148 build\kernel\src\components.o
 .debug_line    0x00005e52      0x27d build\kernel\src\device.o
 .debug_line    0x000060cf      0xb6b build\kernel\src\ipc.o
 .debug_line    0x00006c3a       0xc0 build\kernel\src\irq.o
 .debug_line    0x00006cfa      0x61f build\kernel\src\kservice.o
 .debug_line    0x00007319      0x2de build\kernel\src\mem.o
 .debug_line    0x000075f7      0x2fa build\kernel\src\object.o
 .debug_line    0x000078f1      0x233 build\kernel\src\scheduler.o
 .debug_line    0x00007b24      0x3fd build\kernel\src\thread.o
 .debug_line    0x00007f21      0x3c3 build\kernel\src\timer.o
 .debug_line    0x000082e4      0x180 build\kernel\libcpu\arm\cortex-m4\cpuport.o
 .debug_line    0x00008464       0xc8 build\kernel\libcpu\arm\cortex-m4\context_gcc.o
 .debug_line    0x0000852c      0x21f build\kernel\components\drivers\misc\pin.o
 .debug_line    0x0000874b      0x41e build\kernel\components\finsh\shell.o
 .debug_line    0x00008b69      0x42f build\kernel\components\finsh\cmd.o
 .debug_line    0x00008f98      0x23d build\kernel\components\finsh\msh.o
 .debug_line    0x000091d5       0x82 build\kernel\components\libc\compilers\newlib\libc.o
 .debug_line    0x00009257      0x53f build\kernel\components\libc\compilers\newlib\syscalls.o
 .debug_line    0x00009796      0x531 libraries\drivers\drv_gpio.o

.debug_frame    0x00000000     0xa4b4
 *(.debug_frame)
 .debug_frame   0x00000000       0x34 build\applications\application.o
 .debug_frame   0x00000034      0x140 build\board\board.o
 .debug_frame   0x00000174     0x2f7c build\packages\nrfx-v2.1.0\drivers\src\nrfx_clock.o
 .debug_frame   0x000030f0      0xdb4 build\packages\nrfx-v2.1.0\drivers\src\nrfx_gpiote.o
 .debug_frame   0x00003ea4      0x854 build\packages\nrfx-v2.1.0\drivers\src\nrfx_uart.o
 .debug_frame   0x000046f8     0x2bfc build\packages\nrfx-v2.1.0\mdk\system_nrf52840.o
 .debug_frame   0x000072f4       0xa0 build\kernel\src\clock.o
 .debug_frame   0x00007394      0x158 build\kernel\src\components.o
 .debug_frame   0x000074ec      0x20c build\kernel\src\device.o
 .debug_frame   0x000076f8      0x6cc build\kernel\src\ipc.o
 .debug_frame   0x00007dc4       0xcc build\kernel\src\irq.o
 .debug_frame   0x00007e90      0x538 build\kernel\src\kservice.o
 .debug_frame   0x000083c8      0x180 build\kernel\src\mem.o
 .debug_frame   0x00008548      0x2a4 build\kernel\src\object.o
 .debug_frame   0x000087ec      0x240 build\kernel\src\scheduler.o
 .debug_frame   0x00008a2c      0x3a0 build\kernel\src\thread.o
 .debug_frame   0x00008dcc      0x354 build\kernel\src\timer.o
 .debug_frame   0x00009120      0x130 build\kernel\libcpu\arm\cortex-m4\cpuport.o
 .debug_frame   0x00009250      0x1a0 build\kernel\components\drivers\misc\pin.o
 .debug_frame   0x000093f0      0x25c build\kernel\components\finsh\shell.o
 .debug_frame   0x0000964c      0x2e8 build\kernel\components\finsh\cmd.o
 .debug_frame   0x00009934      0x178 build\kernel\components\finsh\msh.o
 .debug_frame   0x00009aac       0x30 build\kernel\components\libc\compilers\newlib\libc.o
 .debug_frame   0x00009adc      0x53c build\kernel\components\libc\compilers\newlib\syscalls.o
 .debug_frame   0x0000a018      0x3a8 libraries\drivers\drv_gpio.o
 .debug_frame   0x0000a3c0       0x38 c:/users/chenway/downloads/env/tools/gnu_gcc/arm_gcc/mingw/bin/../lib/gcc/arm-none-eabi/5.4.1/../../../../arm-none-eabi/lib/armv7e-m\libc.a(lib_a-memcmp.o)
 .debug_frame   0x0000a3f8       0x34 c:/users/chenway/downloads/env/tools/gnu_gcc/arm_gcc/mingw/bin/../lib/gcc/arm-none-eabi/5.4.1/../../../../arm-none-eabi/lib/armv7e-m\libc.a(lib_a-memset.o)
 .debug_frame   0x0000a42c       0x54 c:/users/chenway/downloads/env/tools/gnu_gcc/arm_gcc/mingw/bin/../lib/gcc/arm-none-eabi/5.4.1/../../../../arm-none-eabi/lib/armv7e-m\libc.a(lib_a-strncmp.o)
 .debug_frame   0x0000a480       0x34 c:/users/chenway/downloads/env/tools/gnu_gcc/arm_gcc/mingw/bin/../lib/gcc/arm-none-eabi/5.4.1/../../../../arm-none-eabi/lib/armv7e-m\libc.a(lib_a-strncpy.o)

.debug_str      0x00000000     0x77fb
 *(.debug_str)
 .debug_str     0x00000000      0x159 build\applications\application.o
                                0x19d (size before relaxing)
 .debug_str     0x00000159      0x6c4 build\board\board.o
                                0x868 (size before relaxing)
 .debug_str     0x0000081d     0x1d90 build\packages\nrfx-v2.1.0\drivers\src\nrfx_clock.o
                               0x240c (size before relaxing)
 .debug_str     0x000025ad     0x11a0 build\packages\nrfx-v2.1.0\drivers\src\nrfx_gpiote.o
                               0x195d (size before relaxing)
 .debug_str     0x0000374d      0xaad build\packages\nrfx-v2.1.0\drivers\src\nrfx_uart.o
                               0x1633 (size before relaxing)
 .debug_str     0x000041fa      0x360 build\packages\nrfx-v2.1.0\mdk\system_nrf52840.o
                               0x1bad (size before relaxing)
 .debug_str     0x0000455a      0x172 build\kernel\src\clock.o
                                0x35b (size before relaxing)
 .debug_str     0x000046cc      0x10d build\kernel\src\components.o
                                0x420 (size before relaxing)
 .debug_str     0x000047d9      0x52c build\kernel\src\device.o
                                0x7a3 (size before relaxing)
 .debug_str     0x00004d05      0x46e build\kernel\src\ipc.o
                                0x928 (size before relaxing)
 .debug_str     0x00005173       0xc8 build\kernel\src\irq.o
                                0x25f (size before relaxing)
 .debug_str     0x0000523b      0x31b build\kernel\src\kservice.o
                                0x916 (size before relaxing)
 .debug_str     0x00005556      0x1a8 build\kernel\src\mem.o
                                0x41b (size before relaxing)
 .debug_str     0x000056fe      0x2bf build\kernel\src\object.o
                                0x6c5 (size before relaxing)
 .debug_str     0x000059bd      0x1ff build\kernel\src\scheduler.o
                                0x5ab (size before relaxing)
 .debug_str     0x00005bbc      0x1db build\kernel\src\thread.o
                                0x726 (size before relaxing)
 .debug_str     0x00005d97      0x215 build\kernel\src\timer.o
                                0x717 (size before relaxing)
 .debug_str     0x00005fac      0x194 build\kernel\libcpu\arm\cortex-m4\cpuport.o
                                0x384 (size before relaxing)
 .debug_str     0x00006140      0x1d7 build\kernel\components\drivers\misc\pin.o
                                0x74a (size before relaxing)
 .debug_str     0x00006317      0x2c3 build\kernel\components\finsh\shell.o
                                0x947 (size before relaxing)
 .debug_str     0x000065da      0x7d0 build\kernel\components\finsh\cmd.o
                               0x10f1 (size before relaxing)
 .debug_str     0x00006daa      0x1b8 build\kernel\components\finsh\msh.o
                                0x3f4 (size before relaxing)
 .debug_str     0x00006f62       0x4d build\kernel\components\libc\compilers\newlib\libc.o
                                0x1df (size before relaxing)
 .debug_str     0x00006faf      0x67c build\kernel\components\libc\compilers\newlib\syscalls.o
                                0xd23 (size before relaxing)
 .debug_str     0x0000762b      0x1d0 libraries\drivers\drv_gpio.o
                                0xd44 (size before relaxing)

.debug_loc      0x00000000    0x1623a
 *(.debug_loc)
 .debug_loc     0x00000000       0x50 build\applications\application.o
 .debug_loc     0x00000050      0x264 build\board\board.o
 .debug_loc     0x000002b4     0x6794 build\packages\nrfx-v2.1.0\drivers\src\nrfx_clock.o
 .debug_loc     0x00006a48     0x1ed0 build\packages\nrfx-v2.1.0\drivers\src\nrfx_gpiote.o
 .debug_loc     0x00008918     0x1294 build\packages\nrfx-v2.1.0\drivers\src\nrfx_uart.o
 .debug_loc     0x00009bac     0x5fd8 build\packages\nrfx-v2.1.0\mdk\system_nrf52840.o
 .debug_loc     0x0000fb84      0x140 build\kernel\src\clock.o
 .debug_loc     0x0000fcc4      0x2a8 build\kernel\src\components.o
 .debug_loc     0x0000ff6c      0x454 build\kernel\src\device.o
 .debug_loc     0x000103c0      0xe84 build\kernel\src\ipc.o
 .debug_loc     0x00011244      0x1a8 build\kernel\src\irq.o
 .debug_loc     0x000113ec      0xb5c build\kernel\src\kservice.o
 .debug_loc     0x00011f48      0x320 build\kernel\src\mem.o
 .debug_loc     0x00012268      0x5b0 build\kernel\src\object.o
 .debug_loc     0x00012818      0x474 build\kernel\src\scheduler.o
 .debug_loc     0x00012c8c      0x7bc build\kernel\src\thread.o
 .debug_loc     0x00013448      0x6ec build\kernel\src\timer.o
 .debug_loc     0x00013b34      0x228 build\kernel\libcpu\arm\cortex-m4\cpuport.o
 .debug_loc     0x00013d5c      0x370 build\kernel\components\drivers\misc\pin.o