Component: ARM Compiler 5.06 update 7 (build 960) Tool: armlink [4d3601]

==============================================================================

Section Cross References

    application.o(.text) refers to fal.o(.text) for fal_init
    application.o(.text) refers to fal_rtt.o(.text) for fal_mtd_nor_device_create
    application.o(.text) refers to kservice.o(.text) for rt_kprintf
    application.o(.text) refers to device.o(.text) for rt_device_find
    application.o(.text) refers to dfs_fs.o(.text) for dfs_mount
    application.o(.text) refers to fdb_tsdb.o(.text) for fdb_tsdb_init
    application.o(.text) refers to tsdb_sample.o(.text) for tsdb_sample
    application.o(.text) refers to pin.o(.text) for rt_pin_mode
    application.o(.text) refers to thread.o(.text) for rt_thread_mdelay
    application.o(.text) refers to application.o(.data) for counts
    application.o(.text) refers to application.o(.bss) for tsdb
    application.o(.data) refers to application.o(.conststring) for .conststring
    showmem.o(.text) refers to kservice.o(.text) for rt_assert_handler
    showmem.o(.text) refers to showmem.o(.constdata) for __FUNCTION__
    cpuport.o(.text) refers to kservice.o(.text) for rt_kprintf
    cpuport.o(.text) refers to thread.o(.text) for rt_thread_self
    cpuport.o(.text) refers to cmd.o(.text) for list_thread
    cpuport.o(.text) refers to cpuport.o(.data) for rt_exception_hook
    cpuport.o(.text) refers to cpuport.o(.constdata) for __FUNCTION__
    context_rvds.o(.text) refers to cpuport.o(.text) for rt_hw_hard_fault_exception
    context_rvds.o(.text) refers to cpuport.o(.data) for rt_thread_switch_interrupt_flag
    pin.o(.text) refers to kservice.o(.text) for rt_assert_handler
    pin.o(.text) refers to device.o(.text) for rt_device_register
    pin.o(.text) refers to pin.o(.constdata) for __FUNCTION__
    pin.o(.text) refers to pin.o(.bss) for _hw_pin
    pin.o(FSymTab) refers to pin.o(.rodata.name) for __fsym_pinMode_name
    pin.o(FSymTab) refers to pin.o(.text) for rt_pin_mode
    adc.o(.text) refers to kservice.o(.text) for rt_assert_handler
    adc.o(.text) refers to device.o(.text) for rt_device_register
    adc.o(.text) refers to strcmpv7m.o(.text) for strcmp
    adc.o(.text) refers to atoi.o(.text) for atoi
    adc.o(.text) refers to adc.o(.constdata) for __FUNCTION__
    adc.o(.text) refers to adc.o(.data) for adc_device
    adc.o(FSymTab) refers to adc.o(.rodata.name) for __fsym___cmd_adc_name
    adc.o(FSymTab) refers to adc.o(.text) for adc
    mtd_nor.o(.text) refers to kservice.o(.text) for rt_assert_handler
    mtd_nor.o(.text) refers to device.o(.text) for rt_device_register
    mtd_nor.o(.text) refers to mtd_nor.o(.constdata) for __FUNCTION__
    rtc.o(.text) refers to time.o(.text) for time
    rtc.o(.text) refers to scheduler.o(.text) for rt_enter_critical
    rtc.o(.text) refers to rt_memcpy_w.o(.text) for __aeabi_memcpy4
    rtc.o(.text) refers to device.o(.text) for rt_device_find
    rtc.o(.text) refers to kservice.o(.text) for rt_kprintf
    rtc.o(.text) refers to atoi.o(.text) for atoi
    rtc.o(FSymTab) refers to rtc.o(.rodata.name) for __fsym_list_date_name
    rtc.o(FSymTab) refers to rtc.o(.text) for list_date
    serial.o(.text) refers to waitqueue.o(.text) for rt_wqueue_wakeup
    serial.o(.text) refers to kservice.o(.text) for rt_assert_handler
    serial.o(.text) refers to device.o(.text) for rt_device_set_rx_indicate
    serial.o(.text) refers to context_rvds.o(.text) for rt_hw_interrupt_disable
    serial.o(.text) refers to mem.o(.text) for rt_malloc
    serial.o(.text) refers to serial.o(.constdata) for __FUNCTION__
    serial.o(.text) refers to serial.o(.data) for already_output
    serial.o(.text) refers to serial.o(.conststring) for .conststring
    serial.o(.text) refers to completion.o(.text) for rt_completion_init
    serial.o(.constdata) refers to serial.o(.text) for serial_fops_open
    completion.o(.text) refers to kservice.o(.text) for rt_assert_handler
    completion.o(.text) refers to context_rvds.o(.text) for rt_hw_interrupt_disable
    completion.o(.text) refers to thread.o(.text) for rt_thread_self
    completion.o(.text) refers to irq.o(.text) for rt_interrupt_get_nest
    completion.o(.text) refers to timer.o(.text) for rt_timer_control
    completion.o(.text) refers to scheduler.o(.text) for rt_schedule
    completion.o(.text) refers to completion.o(.constdata) for __FUNCTION__
    dataqueue.o(.text) refers to kservice.o(.text) for rt_assert_handler
    dataqueue.o(.text) refers to mem.o(.text) for rt_malloc
    dataqueue.o(.text) refers to thread.o(.text) for rt_thread_self
    dataqueue.o(.text) refers to context_rvds.o(.text) for rt_hw_interrupt_disable
    dataqueue.o(.text) refers to irq.o(.text) for rt_interrupt_get_nest
    dataqueue.o(.text) refers to timer.o(.text) for rt_timer_control
    dataqueue.o(.text) refers to scheduler.o(.text) for rt_schedule
[...]
    nrf_ble_gatt_att_mtu_central_set         0x00046d03   Thumb Code    30  nrf_ble_gatt.o(.text)
    nrf_ble_gatt_eff_mtu_get                 0x00046d21   Thumb Code    22  nrf_ble_gatt.o(.text)
    nrf_ble_gatt_data_length_set             0x00046d37   Thumb Code    66  nrf_ble_gatt.o(.text)
    nrf_ble_gatt_data_length_get             0x00046d79   Thumb Code    48  nrf_ble_gatt.o(.text)
    nrf_ble_gatt_on_ble_evt                  0x00046da9   Thumb Code   174  nrf_ble_gatt.o(.text)
    nrf_ble_qwr_init                         0x00046e5d   Thumb Code    50  nrf_ble_qwr.o(.text)
    nrf_ble_qwr_conn_handle_assign           0x00046e8f   Thumb Code    32  nrf_ble_qwr.o(.text)
    nrf_ble_qwr_on_ble_evt                   0x00046f67   Thumb Code   124  nrf_ble_qwr.o(.text)
    blcm_link_ctx_get                        0x00046fe3   Thumb Code   108  ble_link_ctx_manager.o(.text)
    ble_nus_on_ble_evt                       0x0004719d   Thumb Code    68  ble_nus.o(.text)
    ble_nus_init                             0x000471e1   Thumb Code   260  ble_nus.o(.text)
    ble_nus_data_send                        0x000472e5   Thumb Code   122  ble_nus.o(.text)
    ble_advdata_encode                       0x00047853   Thumb Code   364  ble_advdata.o(.text)
    ble_advdata_search                       0x000479bf   Thumb Code    78  ble_advdata.o(.text)
    ble_advdata_parse                        0x00047a0d   Thumb Code    40  ble_advdata.o(.text)
    ble_advdata_name_find                    0x00047a35   Thumb Code    78  ble_advdata.o(.text)
    ble_advdata_short_name_find              0x00047a83   Thumb Code    86  ble_advdata.o(.text)
    ble_advdata_uuid_find                    0x00047ad9   Thumb Code   208  ble_advdata.o(.text)
    ble_advdata_appearance_find              0x00047ba9   Thumb Code    80  ble_advdata.o(.text)
    uart_getc_hook                           0x00047ee3   Thumb Code    24  ble_app_uart.o(.text)
    uart_putc_hook                           0x000480c9   Thumb Code    16  ble_app_uart.o(.text)
    ble_app_uart                             0x00048185   Thumb Code   140  ble_app_uart.o(.text)
    __semihosting$guard                      0x00048295   Thumb Code     0  use_no_semi.o(.text)
    __use_no_semihosting_swi                 0x00048295   Thumb Code     2  use_no_semi.o(.text)
    __use_no_heap                            0x00048297   Thumb Code     2  hguard.o(.text)
    __I$use$heap                             0x00048299   Thumb Code     2  hguard.o(.text)
    __aeabi_ldivmod                          0x0004829b   Thumb Code     0  llsdiv.o(.text)
    _ll_sdiv                                 0x0004829b   Thumb Code    72  llsdiv.o(.text)
    __2snprintf                              0x000482e5   Thumb Code    48  noretval__2snprintf.o(.text)
    __printf                                 0x00048319   Thumb Code   104  __printf.o(.text)
    _printf_str                              0x00048381   Thumb Code    82  _printf_str.o(.text)
    atoi                                     0x000483d3   Thumb Code    26  atoi.o(.text)
    strtol                                   0x000483ed   Thumb Code   112  strtol.o(.text)
    getc                                     0x0004845d   Thumb Code     4  getc.o(.text)
    strchr                                   0x00048461   Thumb Code    20  strchr.o(.text)
    strcspn                                  0x00048475   Thumb Code    32  strcspn.o(.text)
    strspn                                   0x00048495   Thumb Code    28  strspn.o(.text)
    strstr                                   0x000484b1   Thumb Code    36  strstr.o(.text)
    memcmp                                   0x000484d5   Thumb Code    88  memcmp.o(.text)
    strcpy                                   0x0004852d   Thumb Code    72  strcpy.o(.text)
    strrchr                                  0x00048575   Thumb Code    22  strrchr.o(.text)
    strlen                                   0x0004858b   Thumb Code    62  strlen.o(.text)
    strncmp                                  0x000485c9   Thumb Code   150  strncmp.o(.text)
    strcat                                   0x0004865f   Thumb Code    24  strcat.o(.text)
    __aeabi_memcpy                           0x00048677   Thumb Code     0  rt_memcpy_v6.o(.text)
    __rt_memcpy                              0x00048677   Thumb Code   138  rt_memcpy_v6.o(.text)
    _memcpy_lastbytes                        0x000486dd   Thumb Code     0  rt_memcpy_v6.o(.text)
    __aeabi_memcpy4                          0x00048701   Thumb Code     0  rt_memcpy_w.o(.text)
    __aeabi_memcpy8                          0x00048701   Thumb Code     0  rt_memcpy_w.o(.text)
    __rt_memcpy_w                            0x00048701   Thumb Code   100  rt_memcpy_w.o(.text)
    _memcpy_lastbytes_aligned                0x00048749   Thumb Code     0  rt_memcpy_w.o(.text)
    __aeabi_memset                           0x00048765   Thumb Code    16  aeabi_memset.o(.text)
    __aeabi_memclr                           0x00048775   Thumb Code     0  rt_memclr.o(.text)
    __rt_memclr                              0x00048775   Thumb Code    68  rt_memclr.o(.text)
    _memset                                  0x00048779   Thumb Code     0  rt_memclr.o(.text)
    __aeabi_memclr4                          0x000487b9   Thumb Code     0  rt_memclr_w.o(.text)
    __aeabi_memclr8                          0x000487b9   Thumb Code     0  rt_memclr_w.o(.text)
    __rt_memclr_w                            0x000487b9   Thumb Code    78  rt_memclr_w.o(.text)
    _memset_w                                0x000487bd   Thumb Code     0  rt_memclr_w.o(.text)
    strncpy                                  0x00048807   Thumb Code    86  strncpy.o(.text)
    strcmp                                   0x0004885d   Thumb Code   128  strcmpv7m.o(.text)
    __use_two_region_memory                  0x000488dd   Thumb Code     2  heapauxi.o(.text)
    __rt_heap_escrow$2region                 0x000488df   Thumb Code     2  heapauxi.o(.text)
    __rt_heap_expand$2region                 0x000488e1   Thumb Code     2  heapauxi.o(.text)
    __rt_ctype_table                         0x000488e5   Thumb Code    16  rt_ctype_table.o(.text)
    __aeabi_errno_addr                       0x000488f5   Thumb Code     8  rt_errno_addr_intlibspace.o(.text)
    __errno$intlibspace                      0x000488f5   Thumb Code     0  rt_errno_addr_intlibspace.o(.text)
    __rt_errno_addr$intlibspace              0x000488f5   Thumb Code     0  rt_errno_addr_intlibspace.o(.text)
    __aeabi_uldivmod                         0x000488fd   Thumb Code     0  lludivv7m.o(.text)
    _ll_udiv                                 0x000488fd   Thumb Code   238  lludivv7m.o(.text)
    _printf_char_common                      0x000489f7   Thumb Code    32  _printf_char_common.o(.text)
    _sputc                                   0x00048a1d   Thumb Code    10  _sputc.o(.text)
    _snputc                                  0x00048a27   Thumb Code    16  _snputc.o(.text)
    _printf_cs_common                        0x00048a37   Thumb Code    20  _printf_char.o(.text)
    _printf_char                             0x00048a4b   Thumb Code    16  _printf_char.o(.text)
    _printf_string                           0x00048a5b   Thumb Code     8  _printf_char.o(.text)
    _strtoul                                 0x00048a63   Thumb Code   158  _strtoul.o(.text)
    _initio                                  0x00048b01   Thumb Code   210  initio.o(.text)
    _terminateio                             0x00048bd3   Thumb Code    56  initio.o(.text)
    __user_libspace                          0x00048c39   Thumb Code     8  libspace.o(.text)
    __user_perproc_libspace                  0x00048c39   Thumb Code     0  libspace.o(.text)
    __user_perthread_libspace                0x00048c39   Thumb Code     0  libspace.o(.text)
    __rt_locale                              0x00048c41   Thumb Code     8  rt_locale_intlibspace.o(.text)
    _chval                                   0x00048c49   Thumb Code    28  _chval.o(.text)
    _readbuf                                 0x00048c65   Thumb Code    54  filbuf.o(.text)
    _seteof                                  0x00048c9b   Thumb Code    40  filbuf.o(.text)
    __filbuf                                 0x00048cc3   Thumb Code   476  filbuf.o(.text)
    __filbuf_byte                            0x00048cc3   Thumb Code     0  filbuf.o(.text)
    __filbuf_wide                            0x00048cc3   Thumb Code     0  filbuf.o(.text)
    setvbuf                                  0x00048e9f   Thumb Code    70  setvbuf.o(.text)
    freopen                                  0x00048ee5   Thumb Code   158  fopen.o(.text)
    fopen                                    0x00048f83   Thumb Code    74  fopen.o(.text)
    _fclose_internal                         0x00048fd1   Thumb Code    76  fclose.o(.text)
    fclose                                   0x00048fd1   Thumb Code     0  fclose.o(.text)
    __rt_SIGRTRED                            0x0004901d   Thumb Code    14  defsig_rtred_outer.o(.text)
    __user_setup_stackheap                   0x0004902b   Thumb Code    74  sys_stackheap_outer.o(.text)
    _fseek                                   0x00049075   Thumb Code   242  fseek.o(.text)
    fseek                                    0x00049075   Thumb Code     0  fseek.o(.text)
    _seterr                                  0x0004916d   Thumb Code    20  stdio.o(.text)
    _writebuf                                0x00049181   Thumb Code    84  stdio.o(.text)
    _fflush                                  0x000491d5   Thumb Code    70  stdio.o(.text)
    _deferredlazyseek                        0x0004921b   Thumb Code    60  stdio.o(.text)
    _flushlinebuffered                       0x0004925d   Thumb Code    50  flushlinebuffered.o(.text)
    exit                                     0x00049295   Thumb Code    18  exit.o(.text)
    __sig_exit                               0x000492a7   Thumb Code    10  defsig_exit.o(.text)
    __rt_SIGRTRED_inner                      0x000492b1   Thumb Code    14  defsig_rtred_inner.o(.text)
    _do_fflush                               0x000492e5   Thumb Code    54  fflush.o(.text)
    fflush                                   0x0004931b   Thumb Code    42  fflush.o(.text)
    _ftell_internal                          0x00049349   Thumb Code    66  ftell.o(.text)
    ftell                                    0x00049349   Thumb Code     0  ftell.o(.text)
    __default_signal_display                 0x0004938b   Thumb Code    50  defsig_general.o(.text)
    __ARM_pop                                0x000493bd   Thumb Code    48  lfs.o(i.__ARM_pop)
    fgetc                                    0x000493ed   Thumb Code    24  fgetc.o(i.fgetc)
    _get_lc_ctype                            0x00049405   Thumb Code    44  lc_ctype_c.o(locale$$code)
    _fp_init                                 0x00049431   Thumb Code    10  fpinit.o(x$fpl$fpinit)
    __fplib_config_fpu_vfp                   0x00049439   Thumb Code     0  fpinit.o(x$fpl$fpinit)
    __fplib_config_pureend_doubles           0x00049439   Thumb Code     0  fpinit.o(x$fpl$fpinit)
    mcu_onchip_flash                         0x000497d8   Data          56  drv_flash.o(.constdata)
    __lowest_bit_bitmap                      0x0004a6ee   Data         256  kservice.o(.constdata)
    __stdin_name                             0x0004aa45   Data           6  stubs.o(.constdata)
    __stdout_name                            0x0004aa4b   Data           7  stubs.o(.constdata)
    __stderr_name                            0x0004aa52   Data           7  stubs.o(.constdata)
    __spm                                    0x0004aa60   Data          26  time.o(.constdata)
    m_ram_start                              0x0004b04c   Data           4  nrf_sdh_ble_rtt.o(.constdata)
    __fsym_pinMode_name                      0x0004c1b6   Data           8  pin.o(.rodata.name)
    __fsym_pinMode_desc                      0x0004c1be   Data          22  pin.o(.rodata.name)
    __fsym_pinWrite_name                     0x0004c1d4   Data           9  pin.o(.rodata.name)
    __fsym_pinWrite_desc                     0x0004c1dd   Data          28  pin.o(.rodata.name)
    __fsym_pinRead_name                      0x0004c1f9   Data           8  pin.o(.rodata.name)
    __fsym_pinRead_desc                      0x0004c201   Data          30  pin.o(.rodata.name)
    __fsym_pinGet_name                       0x0004c21f   Data           7  pin.o(.rodata.name)
    __fsym_pinGet_desc                       0x0004c226   Data          33  pin.o(.rodata.name)
    __fsym___cmd_adc_name                    0x0004c247   Data          10  adc.o(.rodata.name)
    __fsym___cmd_adc_desc                    0x0004c251   Data          13  adc.o(.rodata.name)
    __fsym_list_date_name                    0x0004c25e   Data          10  rtc.o(.rodata.name)
    __fsym_list_date_desc                    0x0004c268   Data          20  rtc.o(.rodata.name)
    __fsym_set_date_name                     0x0004c27c   Data           9  rtc.o(.rodata.name)
    __fsym_set_date_desc                     0x0004c285   Data          35  rtc.o(.rodata.name)
    __fsym_set_time_name                     0x0004c2a8   Data           9  rtc.o(.rodata.name)
    __fsym_set_time_desc                     0x0004c2b1   Data          34  rtc.o(.rodata.name)
    __fsym___cmd_date_name                   0x0004c2d3   Data          11  rtc.o(.rodata.name)
    __fsym___cmd_date_desc                   0x0004c2de   Data          55  rtc.o(.rodata.name)
    __fsym___cmd_reboot_name                 0x0004c315   Data          13  board.o(.rodata.name)
    __fsym___cmd_reboot_desc                 0x0004c322   Data          14  board.o(.rodata.name)
    __fsym___cmd_gpio_sample_name            0x0004c330   Data          18  drv_gpio.o(.rodata.name)
    __fsym___cmd_gpio_sample_desc            0x0004c342   Data          12  drv_gpio.o(.rodata.name)
    __fsym___cmd_saadc_sample_name           0x0004c34e   Data          19  drv_adc.o(.rodata.name)
    __fsym___cmd_saadc_sample_desc           0x0004c361   Data          13  drv_adc.o(.rodata.name)
    __fsym___cmd_fal_name                    0x0004c36e   Data          10  fal_rtt.o(.rodata.name)
    __fsym___cmd_fal_desc                    0x0004c378   Data          39  fal_rtt.o(.rodata.name)
    __fsym___cmd_list_fd_name                0x0004c39f   Data          14  dfs.o(.rodata.name)
    __fsym___cmd_list_fd_desc                0x0004c3ad   Data          21  dfs.o(.rodata.name)
    __fsym_ls_name                           0x0004c3c2   Data           3  dfs_file.o(.rodata.name)
    __fsym_ls_desc                           0x0004c3c5   Data          24  dfs_file.o(.rodata.name)
    __fsym_rm_name                           0x0004c3dd   Data           3  dfs_file.o(.rodata.name)
    __fsym_rm_desc                           0x0004c3e0   Data          28  dfs_file.o(.rodata.name)
    __fsym_cat_name                          0x0004c3fc   Data           4  dfs_file.o(.rodata.name)
    __fsym_cat_desc                          0x0004c400   Data          11  dfs_file.o(.rodata.name)
    __fsym_copy_name                         0x0004c40b   Data           5  dfs_file.o(.rodata.name)
    __fsym_copy_desc                         0x0004c410   Data          17  dfs_file.o(.rodata.name)
    __fsym_mkfs_name                         0x0004c421   Data           5  dfs_fs.o(.rodata.name)
    __fsym_mkfs_desc                         0x0004c426   Data          19  dfs_fs.o(.rodata.name)
    __fsym_df_name                           0x0004c439   Data           3  dfs_fs.o(.rodata.name)
    __fsym_df_desc                           0x0004c43c   Data          14  dfs_fs.o(.rodata.name)
    __fsym_mkdir_name                        0x0004c44a   Data           6  dfs_posix.o(.rodata.name)
    __fsym_mkdir_desc                        0x0004c450   Data          19  dfs_posix.o(.rodata.name)
    __fsym_cd_name                           0x0004c463   Data           3  dfs_posix.o(.rodata.name)
    __fsym_cd_desc                           0x0004c466   Data          33  dfs_posix.o(.rodata.name)
    __fsym_hello_name                        0x0004c487   Data           6  cmd.o(.rodata.name)
    __fsym_hello_desc                        0x0004c48d   Data          16  cmd.o(.rodata.name)
    __fsym_clear_name                        0x0004c49d   Data           6  cmd.o(.rodata.name)
    __fsym_clear_desc                        0x0004c4a3   Data          26  cmd.o(.rodata.name)
    __fsym___cmd_clear_name                  0x0004c4bd   Data          12  cmd.o(.rodata.name)
    __fsym___cmd_clear_desc                  0x0004c4c9   Data          26  cmd.o(.rodata.name)
    __fsym_version_name                      0x0004c4e3   Data           8  cmd.o(.rodata.name)
    __fsym_version_desc                      0x0004c4eb   Data          35  cmd.o(.rodata.name)
    __fsym___cmd_version_name                0x0004c50e   Data          14  cmd.o(.rodata.name)
    __fsym___cmd_version_desc                0x0004c51c   Data          35  cmd.o(.rodata.name)
    __fsym_list_thread_name                  0x0004c53f   Data          12  cmd.o(.rodata.name)
    __fsym_list_thread_desc                  0x0004c54b   Data          12  cmd.o(.rodata.name)
    __fsym___cmd_list_thread_name            0x0004c557   Data          18  cmd.o(.rodata.name)
    __fsym___cmd_list_thread_desc            0x0004c569   Data          12  cmd.o(.rodata.name)
    __fsym_list_sem_name                     0x0004c575   Data           9  cmd.o(.rodata.name)
    __fsym_list_sem_desc                     0x0004c57e   Data          25  cmd.o(.rodata.name)
    __fsym___cmd_list_sem_name               0x0004c597   Data          15  cmd.o(.rodata.name)
    __fsym___cmd_list_sem_desc               0x0004c5a6   Data          25  cmd.o(.rodata.name)
    __fsym_list_event_name                   0x0004c5bf   Data          11  cmd.o(.rodata.name)
    __fsym_list_event_desc                   0x0004c5ca   Data          21  cmd.o(.rodata.name)
    __fsym___cmd_list_event_name             0x0004c5df   Data          17  cmd.o(.rodata.name)
    __fsym___cmd_list_event_desc             0x0004c5f0   Data          21  cmd.o(.rodata.name)
    __fsym_list_mutex_name                   0x0004c605   Data          11  cmd.o(.rodata.name)
    __fsym_list_mutex_desc                   0x0004c610   Data          21  cmd.o(.rodata.name)
    __fsym___cmd_list_mutex_name             0x0004c625   Data          17  cmd.o(.rodata.name)
    __fsym___cmd_list_mutex_desc             0x0004c636   Data          21  cmd.o(.rodata.name)
    __fsym_list_mailbox_name                 0x0004c64b   Data          13  cmd.o(.rodata.name)
    __fsym_list_mailbox_desc                 0x0004c658   Data          24  cmd.o(.rodata.name)
    __fsym___cmd_list_mailbox_name           0x0004c670   Data          19  cmd.o(.rodata.name)
    __fsym___cmd_list_mailbox_desc           0x0004c683   Data          24  cmd.o(.rodata.name)
    __fsym_list_msgqueue_name                0x0004c69b   Data          14  cmd.o(.rodata.name)
    __fsym_list_msgqueue_desc                0x0004c6a9   Data          29  cmd.o(.rodata.name)
    __fsym___cmd_list_msgqueue_name          0x0004c6c6   Data          20  cmd.o(.rodata.name)
    __fsym___cmd_list_msgqueue_desc          0x0004c6da   Data          29  cmd.o(.rodata.name)
    __fsym_list_mempool_name                 0x0004c6f7   Data          13  cmd.o(.rodata.name)
    __fsym_list_mempool_desc                 0x0004c704   Data          27  cmd.o(.rodata.name)
    __fsym___cmd_list_mempool_name           0x0004c71f   Data          19  cmd.o(.rodata.name)
    __fsym___cmd_list_mempool_desc           0x0004c732   Data          27  cmd.o(.rodata.name)
    __fsym_list_timer_name                   0x0004c74d   Data          11  cmd.o(.rodata.name)
    __fsym_list_timer_desc                   0x0004c758   Data          21  cmd.o(.rodata.name)
    __fsym___cmd_list_timer_name             0x0004c76d   Data          17  cmd.o(.rodata.name)
    __fsym___cmd_list_timer_desc             0x0004c77e   Data          21  cmd.o(.rodata.name)
    __fsym_list_device_name                  0x0004c793   Data          12  cmd.o(.rodata.name)
    __fsym_list_device_desc                  0x0004c79f   Data          22  cmd.o(.rodata.name)
    __fsym___cmd_list_device_name            0x0004c7b5   Data          18  cmd.o(.rodata.name)
    __fsym___cmd_list_device_desc            0x0004c7c7   Data          22  cmd.o(.rodata.name)
    __fsym_list_name                         0x0004c7dd   Data           5  cmd.o(.rodata.name)
    __fsym_list_desc                         0x0004c7e2   Data          26  cmd.o(.rodata.name)
    __fsym___cmd_help_name                   0x0004c7fc   Data          11  msh.o(.rodata.name)
    __fsym___cmd_help_desc                   0x0004c807   Data          22  msh.o(.rodata.name)
    __fsym___cmd_ps_name                     0x0004c81d   Data           9  msh.o(.rodata.name)
    __fsym___cmd_ps_desc                     0x0004c826   Data          28  msh.o(.rodata.name)
    __fsym___cmd_free_name                   0x0004c842   Data          11  msh.o(.rodata.name)
    __fsym___cmd_free_desc                   0x0004c84d   Data          37  msh.o(.rodata.name)
    __fsym___cmd_ls_name                     0x0004c872   Data           9  msh_file.o(.rodata.name)
    __fsym___cmd_ls_desc                     0x0004c87b   Data          34  msh_file.o(.rodata.name)
    __fsym___cmd_cp_name                     0x0004c89d   Data           9  msh_file.o(.rodata.name)
    __fsym___cmd_cp_desc                     0x0004c8a6   Data          21  msh_file.o(.rodata.name)
    __fsym___cmd_mv_name                     0x0004c8bb   Data           9  msh_file.o(.rodata.name)
    __fsym___cmd_mv_desc                     0x0004c8c4   Data          23  msh_file.o(.rodata.name)
    __fsym___cmd_cat_name                    0x0004c8db   Data          10  msh_file.o(.rodata.name)
    __fsym___cmd_cat_desc                    0x0004c8e5   Data          20  msh_file.o(.rodata.name)
    __fsym___cmd_rm_name                     0x0004c8f9   Data           9  msh_file.o(.rodata.name)
    __fsym___cmd_rm_desc                     0x0004c902   Data          28  msh_file.o(.rodata.name)
    __fsym___cmd_cd_name                     0x0004c91e   Data           9  msh_file.o(.rodata.name)
    __fsym___cmd_cd_desc                     0x0004c927   Data          36  msh_file.o(.rodata.name)
    __fsym___cmd_pwd_name                    0x0004c94b   Data          10  msh_file.o(.rodata.name)
    __fsym___cmd_pwd_desc                    0x0004c955   Data          49  msh_file.o(.rodata.name)
    __fsym___cmd_mkdir_name                  0x0004c986   Data          12  msh_file.o(.rodata.name)
    __fsym___cmd_mkdir_desc                  0x0004c992   Data          22  msh_file.o(.rodata.name)
    __fsym___cmd_mkfs_name                   0x0004c9a8   Data          11  msh_file.o(.rodata.name)
    __fsym___cmd_mkfs_desc                   0x0004c9b3   Data          29  msh_file.o(.rodata.name)
    __fsym___cmd_df_name                     0x0004c9d0   Data           9  msh_file.o(.rodata.name)
    __fsym___cmd_df_desc                     0x0004c9d9   Data          10  msh_file.o(.rodata.name)
    __fsym___cmd_echo_name                   0x0004c9e3   Data          11  msh_file.o(.rodata.name)
    __fsym___cmd_echo_desc                   0x0004c9ee   Data          20  msh_file.o(.rodata.name)
    __fsym_list_mem_name                     0x0004ca02   Data           9  mem.o(.rodata.name)
    __fsym_list_mem_desc                     0x0004ca0b   Data          30  mem.o(.rodata.name)
    __fsym___cmd_ble_app_uart_name           0x0004ca29   Data          19  ble_app_uart.o(.rodata.name)
    __fsym___cmd_ble_app_uart_desc           0x0004ca3c   Data          13  ble_app_uart.o(.rodata.name)
    __rt_init_rti_start                      0x0004ca4c   Data           4  components.o(.rti_fn.0)
    __rt_init_rti_board_start                0x0004ca50   Data           4  components.o(.rti_fn.0.end)
    __rt_init_rt_hw_pin_init                 0x0004ca54   Data           4  drv_gpio.o(.rti_fn.1)
    __rt_init_rt_hw_adc_init                 0x0004ca58   Data           4  drv_adc.o(.rti_fn.1)
    __rt_init_rti_board_end                  0x0004ca5c   Data           4  components.o(.rti_fn.1.end)
    __rt_init_dfs_init                       0x0004ca60   Data           4  dfs.o(.rti_fn.2)
    __rt_init_rt_hw_rtc_init                 0x0004ca64   Data           4  drv_rtc.o(.rti_fn.3)
    __rt_init_libc_system_init               0x0004ca68   Data           4  libc.o(.rti_fn.4)
    __rt_init_dfs_lfs_init                   0x0004ca6c   Data           4  dfs_lfs.o(.rti_fn.4)
    __rt_init_finsh_system_init              0x0004ca70   Data           4  shell.o(.rti_fn.6)
    __rt_init_rti_end                        0x0004ca74   Data           4  components.o(.rti_fn.6.end)
    FSymTab$$Base                            0x0004ca78   Number         0  pin.o(FSymTab)
    __fsym_pinMode                           0x0004ca78   Data          12  pin.o(FSymTab)
    __fsym_pinWrite                          0x0004ca84   Data          12  pin.o(FSymTab)
    __fsym_pinRead                           0x0004ca90   Data          12  pin.o(FSymTab)
    __fsym_pinGet                            0x0004ca9c   Data          12  pin.o(FSymTab)
    __fsym___cmd_adc                         0x0004caa8   Data          12  adc.o(FSymTab)
    __fsym_list_date                         0x0004cab4   Data          12  rtc.o(FSymTab)
    __fsym_set_date                          0x0004cac0   Data          12  rtc.o(FSymTab)
    __fsym_set_time                          0x0004cacc   Data          12  rtc.o(FSymTab)
    __fsym___cmd_date                        0x0004cad8   Data          12  rtc.o(FSymTab)
    __fsym___cmd_reboot                      0x0004cae4   Data          12  board.o(FSymTab)
    __fsym___cmd_gpio_sample                 0x0004caf0   Data          12  drv_gpio.o(FSymTab)
    __fsym___cmd_saadc_sample                0x0004cafc   Data          12  drv_adc.o(FSymTab)
    __fsym___cmd_fal                         0x0004cb08   Data          12  fal_rtt.o(FSymTab)
    __fsym___cmd_list_fd                     0x0004cb14   Data          12  dfs.o(FSymTab)
    __fsym_ls                                0x0004cb20   Data          12  dfs_file.o(FSymTab)
    __fsym_rm                                0x0004cb2c   Data          12  dfs_file.o(FSymTab)
    __fsym_cat                               0x0004cb38   Data          12  dfs_file.o(FSymTab)
    __fsym_copy                              0x0004cb44   Data          12  dfs_file.o(FSymTab)
    __fsym_mkfs                              0x0004cb50   Data          12  dfs_fs.o(FSymTab)
    __fsym_df                                0x0004cb5c   Data          12  dfs_fs.o(FSymTab)
    __fsym_mkdir                             0x0004cb68   Data          12  dfs_posix.o(FSymTab)
    __fsym_cd                                0x0004cb74   Data          12  dfs_posix.o(FSymTab)
    __fsym_hello                             0x0004cb80   Data          12  cmd.o(FSymTab)
    __fsym_clear                             0x0004cb8c   Data          12  cmd.o(FSymTab)
    __fsym___cmd_clear                       0x0004cb98   Data          12  cmd.o(FSymTab)
    __fsym_version                           0x0004cba4   Data          12  cmd.o(FSymTab)
    __fsym___cmd_version                     0x0004cbb0   Data          12  cmd.o(FSymTab)
    __fsym_list_thread                       0x0004cbbc   Data          12  cmd.o(FSymTab)
    __fsym___cmd_list_thread                 0x0004cbc8   Data          12  cmd.o(FSymTab)
    __fsym_list_sem                          0x0004cbd4   Data          12  cmd.o(FSymTab)
    __fsym___cmd_list_sem                    0x0004cbe0   Data          12  cmd.o(FSymTab)
    __fsym_list_event                        0x0004cbec   Data          12  cmd.o(FSymTab)
    __fsym___cmd_list_event                  0x0004cbf8   Data          12  cmd.o(FSymTab)
    __fsym_list_mutex                        0x0004cc04   Data          12  cmd.o(FSymTab)
    __fsym___cmd_list_mutex                  0x0004cc10   Data          12  cmd.o(FSymTab)
    __fsym_list_mailbox                      0x0004cc1c   Data          12  cmd.o(FSymTab)
    __fsym___cmd_list_mailbox                0x0004cc28   Data          12  cmd.o(FSymTab)
    __fsym_list_msgqueue                     0x0004cc34   Data          12  cmd.o(FSymTab)
    __fsym___cmd_list_msgqueue               0x0004cc40   Data          12  cmd.o(FSymTab)
    __fsym_list_mempool                      0x0004cc4c   Data          12  cmd.o(FSymTab)
    __fsym___cmd_list_mempool                0x0004cc58   Data          12  cmd.o(FSymTab)
    __fsym_list_timer                        0x0004cc64   Data          12  cmd.o(FSymTab)
    __fsym___cmd_list_timer                  0x0004cc70   Data          12  cmd.o(FSymTab)
    __fsym_list_device                       0x0004cc7c   Data          12  cmd.o(FSymTab)
    __fsym___cmd_list_device                 0x0004cc88   Data          12  cmd.o(FSymTab)
    __fsym_list                              0x0004cc94   Data          12  cmd.o(FSymTab)
    __fsym___cmd_help                        0x0004cca0   Data          12  msh.o(FSymTab)
    __fsym___cmd_ps                          0x0004ccac   Data          12  msh.o(FSymTab)
    __fsym___cmd_free                        0x0004ccb8   Data          12  msh.o(FSymTab)
    __fsym___cmd_ls                          0x0004ccc4   Data          12  msh_file.o(FSymTab)
    __fsym___cmd_cp                          0x0004ccd0   Data          12  msh_file.o(FSymTab)
    __fsym___cmd_mv                          0x0004ccdc   Data          12  msh_file.o(FSymTab)
    __fsym___cmd_cat                         0x0004cce8   Data          12  msh_file.o(FSymTab)
    __fsym___cmd_rm                          0x0004ccf4   Data          12  msh_file.o(FSymTab)
    __fsym___cmd_cd                          0x0004cd00   Data          12  msh_file.o(FSymTab)
    __fsym___cmd_pwd                         0x0004cd0c   Data          12  msh_file.o(FSymTab)
    __fsym___cmd_mkdir                       0x0004cd18   Data          12  msh_file.o(FSymTab)
    __fsym___cmd_mkfs                        0x0004cd24   Data          12  msh_file.o(FSymTab)
    __fsym___cmd_df                          0x0004cd30   Data          12  msh_file.o(FSymTab)
    __fsym___cmd_echo                        0x0004cd3c   Data          12  msh_file.o(FSymTab)
    __fsym_list_mem                          0x0004cd48   Data          12  mem.o(FSymTab)
    __fsym___cmd_ble_app_uart                0x0004cd54   Data          12  ble_app_uart.o(FSymTab)
    FSymTab$$Limit                           0x0004cd60   Number         0  ble_app_uart.o(FSymTab)
    Region$$Table$$Base                      0x0004cea0   Number         0  anon$$obj.o(Region$$Table)
    Region$$Table$$Limit                     0x0004cec0   Number         0  anon$$obj.o(Region$$Table)
    __ctype                                  0x0004cecd   Data           0  lc_ctype_c.o(locale$$data)
    sdh_ble_observers0$$Base                 0x0004cfd0   Number         0  ble_conn_state.o(sdh_ble_observers0)
    sdh_ble_observers0$$Limit                0x0004cfd8   Number         0  ble_conn_state.o(sdh_ble_observers0)
    sdh_ble_observers1$$Base                 0x0004cfd8   Number         0  ble_conn_params_rtt.o(sdh_ble_observers1)
    sdh_ble_observers1$$Limit                0x0004cff0   Number         0  ble_app_uart.o(sdh_ble_observers1)
    sdh_ble_observers2$$Base                 0x0004cff0   Number         0  ble_app_uart.o(sdh_ble_observers2)
    sdh_ble_observers2$$Limit                0x0004d000   Number         0  ble_app_uart.o(sdh_ble_observers2)
    sdh_ble_observers3$$Base                 0x0004d000   Number         0  ble_app_uart.o(sdh_ble_observers3)
    sdh_ble_observers3$$Limit                0x0004d008   Number         0  ble_app_uart.o(sdh_ble_observers3)
    sdh_stack_observers0$$Base               0x0004d010   Number         0  nrf_sdh_ble_rtt.o(sdh_stack_observers0)
    sdh_stack_observers0$$Limit              0x0004d018   Number         0  nrf_sdh_ble_rtt.o(sdh_stack_observers0)
    sdh_state_observers0$$Base               0x0004d018   Number         0  nrf_drv_clock.o(sdh_state_observers0)
    sdh_state_observers0$$Limit              0x0004d020   Number         0  nrf_drv_clock.o(sdh_state_observers0)
    Image$$RW_IRAM1$$Base                    0x20002ae8   Number         0  anon$$obj.o ABSOLUTE
    rt_interrupt_from_thread                 0x20002b48   Data           4  cpuport.o(.data)
    rt_interrupt_to_thread                   0x20002b4c   Data           4  cpuport.o(.data)
    rt_thread_switch_interrupt_flag          0x20002b50   Data           4  cpuport.o(.data)
    m_uart0_cfg                              0x20002b60   Data          28  drv_uart.o(.data)
    nor_flash0                               0x20002b94   Data          56  drv_qspi_flash.o(.data)
    filesystem_operation_table               0x20002c6c   Data           8  dfs.o(.data)
    working_directory                        0x20002c74   Data         256  dfs.o(.data)
    _syscall_table_begin                     0x20002d80   Data           4  shell.o(.data)
    _syscall_table_end                       0x20002d84   Data           4  shell.o(.data)
    _sysvar_table_begin                      0x20002d88   Data           4  shell.o(.data)
    _sysvar_table_end                        0x20002d8c   Data           4  shell.o(.data)
    shell                                    0x20002d90   Data           4  shell.o(.data)
    rt_interrupt_nest                        0x20002da8   Data           1  irq.o(.data)
    rt_assert_hook                           0x20002db4   Data           4  kservice.o(.data)
    rt_object_trytake_hook                   0x20002e70   Data           4  object.o(.data)
    rt_object_take_hook                      0x20002e74   Data           4  object.o(.data)
    rt_object_put_hook                       0x20002e78   Data           4  object.o(.data)
    rt_thread_ready_priority_group           0x20002e7c   Data           4  scheduler.o(.data)
    rt_current_thread                        0x20002e84   Data           4  scheduler.o(.data)
    rt_current_priority                      0x20002e88   Data           1  scheduler.o(.data)
    rt_thread_defunct                        0x20002e8c   Data           8  scheduler.o(.data)
    SystemCoreClock                          0x20002ee0   Data           4  system_nrf52840.o(.data)
    __aeabi_stdin                            0x20002f30   Data           4  stdio_streams.o(.data)
    __aeabi_stdout                           0x20002f34   Data           4  stdio_streams.o(.data)
    __aeabi_stderr                           0x20002f38   Data           4  stdio_streams.o(.data)
    tsdb                                     0x20003010   Data         100  application.o(.bss)
    nrf5x_adc_device                         0x2000312c   Data          84  drv_adc.o(.bss)
    results                                  0x20003180   Data         100  drv_adc.o(.bss)
    result_buff_cache                        0x200031e4   Data          16  drv_adc.o(.bss)
    filesystem_table                         0x20003244   Data          32  dfs.o(.bss)
    rt_thread_priority_table                 0x20003664   Data         256  scheduler.o(.bss)
    nrf_nvic_state                           0x20003b68   Data          12  app_util_platform.o(.bss)
    __stdin                                  0x200048ac   Data          84  stdio_streams.o(.bss)
    __stdout                                 0x20004900   Data          84  stdio_streams.o(.bss)
    __stderr                                 0x20004954   Data          84  stdio_streams.o(.bss)
    __libspace_start                         0x200049a8   Data          96  libspace.o(.bss)
    __temporary_stack_top$libspace           0x20004a08   Data           0  libspace.o(.bss)
    Image$$RW_IRAM1$$ZI$$Limit               0x20008a08   Number         0  anon$$obj.o ABSOLUTE



==============================================================================

Memory Map of the image

  Image Entry point : 0x00027201

  Load Region LR_IROM1 (Base: 0x00027000, Size: 0x00026474, Max: 0x000d9000, ABSOLUTE, COMPRESSED[0x00026108])

    Execution Region ER_IROM1 (Exec base: 0x00027000, Load base: 0x00027000, Size: 0x00026020, Max: 0x000d9000, ABSOLUTE)

    Exec Addr    Load Addr    Size         Type   Attr      Idx    E Section Name        Object

    0x00027000   0x00027000   0x00000200   Data   RO          428    RESET               arm_startup_nrf52840.o
    0x00027200   0x00027200   0x00000008   Code   RO          591  * !!!main             c_w.l(__main.o)
    0x00027208   0x00027208   0x00000034   Code   RO          764    !!!scatter          c_w.l(__scatter.o)
    0x0002723c   0x0002723c   0x0000005a   Code   RO          763    !!dczerorl2         c_w.l(__dczerorl2.o)
    0x00027296   0x00027296   0x00000002   PAD
    0x00027298   0x00027298   0x0000001c   Code   RO          765    !!handler_zi        c_w.l(__scatter_zi.o)
    0x000272b4   0x000272b4   0x00000000   Code   RO          563    .ARM.Collect$$_printf_percent$$00000000  c_w.l(_printf_percent.o)
    0x000272b4   0x000272b4   0x00000006   Code   RO          562    .ARM.Collect$$_printf_percent$$00000014  c_w.l(_printf_s.o)
    0x000272ba   0x000272ba   0x00000004   Code   RO          602    .ARM.Collect$$_printf_percent$$00000017  c_w.l(_printf_percent_end.o)
    0x000272be   0x000272be   0x00000002   Code   RO          727    .ARM.Collect$$libinit$$00000000  c_w.l(libinit.o)
    0x000272c0   0x000272c0   0x00000004   Code   RO          645    .ARM.Collect$$libinit$$00000001  c_w.l(libinit2.o)
    0x000272c4   0x000272c4   0x00000000   Code   RO          648    .ARM.Collect$$libinit$$00000004  c_w.l(libinit2.o)
    0x000272c4   0x000272c4   0x00000000   Code   RO          651    .ARM.Collect$$libinit$$0000000A  c_w.l(libinit2.o)
    0x000272c4   0x000272c4   0x00000000   Code   RO          653    .ARM.Collect$$libinit$$0000000C  c_w.l(libinit2.o)
    0x000272c4   0x000272c4   0x00000000   Code   RO          655    .ARM.Collect$$libinit$$0000000E  c_w.l(libinit2.o)
    0x000272c4   0x000272c4   0x00000006   Code   RO          656    .ARM.Collect$$libinit$$0000000F  c_w.l(libinit2.o)
    0x000272ca   0x000272ca   0x00000000   Code   RO          658    .ARM.Collect$$libinit$$00000011  c_w.l(libinit2.o)
    0x000272ca   0x000272ca   0x0000000c   Code   RO          659    .ARM.Collect$$libinit$$00000012  c_w.l(libinit2.o)
    0x000272d6   0x000272d6   0x00000000   Code   RO          660    .ARM.Collect$$libinit$$00000013  c_w.l(libinit2.o)
    0x000272d6   0x000272d6   0x00000000   Code   RO          662    .ARM.Collect$$libinit$$00000015  c_w.l(libinit2.o)
    0x000272d6   0x000272d6   0x00000000   Code   RO          664    .ARM.Collect$$libinit$$00000017  c_w.l(libinit2.o)
    0x000272d6   0x000272d6   0x00000000   Code   RO          666    .ARM.Collect$$libinit$$00000019  c_w.l(libinit2.o)
    0x000272d6   0x000272d6   0x00000000   Code   RO          668    .ARM.Collect$$libinit$$0000001B  c_w.l(libinit2.o)
    0x000272d6   0x000272d6   0x00000000   Code   RO          670    .ARM.Collect$$libinit$$0000001D  c_w.l(libinit2.o)
    0x000272d6   0x000272d6   0x00000000   Code   RO          672    .ARM.Collect$$libinit$$0000001F  c_w.l(libinit2.o)
    0x000272d6   0x000272d6   0x00000000   Code   RO          674    .ARM.Collect$$libinit$$00000021  c_w.l(libinit2.o)
    0x000272d6   0x000272d6   0x00000000   Code   RO          676    .ARM.Collect$$libinit$$00000023  c_w.l(libinit2.o)
    0x000272d6   0x000272d6   0x00000004   Code   RO          677    .ARM.Collect$$libinit$$00000024  c_w.l(libinit2.o)
    0x000272da   0x000272da   0x00000000   Code   RO          678    .ARM.Collect$$libinit$$00000025  c_w.l(libinit2.o)
    0x000272da   0x000272da   0x00000000   Code   RO          682    .ARM.Collect$$libinit$$0000002C  c_w.l(libinit2.o)
    0x000272da   0x000272da   0x00000000   Code   RO          684    .ARM.Collect$$libinit$$0000002E  c_w.l(libinit2.o)
    0x000272da   0x000272da   0x00000000   Code   RO          686    .ARM.Collect$$libinit$$00000030  c_w.l(libinit2.o)
    0x000272da   0x000272da   0x00000000   Code   RO          688    .ARM.Collect$$libinit$$00000032  c_w.l(libinit2.o)
    0x000272da   0x000272da   0x00000002   Code   RO          689    .ARM.Collect$$libinit$$00000033  c_w.l(libinit2.o)
    0x000272dc   0x000272dc   0x00000002   Code   RO          760    .ARM.Collect$$libshutdown$$00000000  c_w.l(libshutdown.o)
    0x000272de   0x000272de   0x00000000   Code   RO          691    .ARM.Collect$$libshutdown$$00000002  c_w.l(libshutdown2.o)
    0x000272de   0x000272de   0x00000000   Code   RO          693    .ARM.Collect$$libshutdown$$00000004  c_w.l(libshutdown2.o)
    0x000272de   0x000272de   0x00000004   Code   RO          694    .ARM.Collect$$libshutdown$$00000005  c_w.l(libshutdown2.o)
    0x000272e2   0x000272e2   0x00000000   Code   RO          695    .ARM.Collect$$libshutdown$$00000006  c_w.l(libshutdown2.o)
    0x000272e2   0x000272e2   0x00000000   Code   RO          698    .ARM.Collect$$libshutdown$$00000009  c_w.l(libshutdown2.o)
    0x000272e2   0x000272e2   0x00000000   Code   RO          701    .ARM.Collect$$libshutdown$$0000000C  c_w.l(libshutdown2.o)
    0x000272e2   0x000272e2   0x00000000   Code   RO          703    .ARM.Collect$$libshutdown$$0000000E  c_w.l(libshutdown2.o)
    0x000272e2   0x000272e2   0x00000000   Code   RO          706    .ARM.Collect$$libshutdown$$00000011  c_w.l(libshutdown2.o)
    0x000272e2   0x000272e2   0x00000002   Code   RO          707    .ARM.Collect$$libshutdown$$00000012  c_w.l(libshutdown2.o)
    0x000272e4   0x000272e4   0x00000000   Code   RO          592    .ARM.Collect$$rtentry$$00000000  c_w.l(__rtentry.o)
    0x000272e4   0x000272e4   0x00000000   Code   RO          613    .ARM.Collect$$rtentry$$00000002  c_w.l(__rtentry2.o)
    0x000272e4   0x000272e4   0x00000006   Code   RO          625    .ARM.Collect$$rtentry$$00000004  c_w.l(__rtentry4.o)
    0x000272ea   0x000272ea   0x00000000   Code   RO          615    .ARM.Collect$$rtentry$$00000009  c_w.l(__rtentry2.o)
    0x000272ea   0x000272ea   0x00000004   Code   RO          616    .ARM.Collect$$rtentry$$0000000A  c_w.l(__rtentry2.o)
    0x000272ee   0x000272ee   0x00000000   Code   RO          618    .ARM.Collect$$rtentry$$0000000C  c_w.l(__rtentry2.o)
    0x000272ee   0x000272ee   0x00000008   Code   RO          619    .ARM.Collect$$rtentry$$0000000D  c_w.l(__rtentry2.o)
    0x000272f6   0x000272f6   0x00000002   Code   RO          729    .ARM.Collect$$rtexit$$00000000  c_w.l(rtexit.o)
    0x000272f8   0x000272f8   0x00000000   Code   RO          741    .ARM.Collect$$rtexit$$00000002  c_w.l(rtexit2.o)
    0x000272f8   0x000272f8   0x00000004   Code   RO          742    .ARM.Collect$$rtexit$$00000003  c_w.l(rtexit2.o)
    0x000272fc   0x000272fc   0x00000006   Code   RO          743    .ARM.Collect$$rtexit$$00000004  c_w.l(rtexit2.o)
    0x00027302   0x00027302   0x00000002   PAD
    0x00027304   0x00027304   0x000000e2   Code   RO          476    .emb_text           nrf_atomic.o
    0x000273e6   0x000273e6   0x00000002   PAD
    0x000273e8   0x000273e8   0x000001d4   Code   RO            4    .text               application.o
    0x000275bc   0x000275bc   0x0000060c   Code   RO           12    .text               cpuport.o
    0x00027bc8   0x00027bc8   0x00000134   Code   RO           15    .text               context_rvds.o
    0x00027cfc   0x00027cfc   0x000002a0   Code   RO           16    .text               pin.o
    0x00027f9c   0x00027f9c   0x000004ec   Code   RO           21    .text               adc.o
    0x00028488   0x00028488   0x00000098   Code   RO           26    .text               mtd_nor.o
    0x00028520   0x00028520   0x00000310   Code   RO           28    .text               rtc.o
    0x00028830   0x00028830   0x000009f4   Code   RO           31    .text               serial.o
    0x00029224   0x00029224   0x000001cc   Code   RO           35    .text               completion.o
    0x000293f0   0x000293f0   0x000005d0   Code   RO           44    .text               ringbuffer.o
    0x000299c0   0x000299c0   0x000001ac   Code   RO           46    .text               waitqueue.o
    0x00029b6c   0x00029b6c   0x00000118   Code   RO           53    .text               board.o
    0x00029c84   0x00029c84   0x000002c0   Code   RO           60    .text               drv_uart.o
    0x00029f44   0x00029f44   0x000002b4   Code   RO           67    .text               drv_flash.o
    0x0002a1f8   0x0002a1f8   0x000002f0   Code   RO           72    .text               drv_qspi_flash.o
    0x0002a4e8   0x0002a4e8   0x000005c8   Code   RO           78    .text               drv_gpio.o
    0x0002aab0   0x0002aab0   0x00000558   Code   RO           87    .text               drv_adc.o
    0x0002b008   0x0002b008   0x00000208   Code   RO           96    .text               drv_rtc.o
    0x0002b210   0x0002b210   0x00000128   Code   RO          104    .text               fal.o
    0x0002b338   0x0002b338   0x000001b8   Code   RO          110    .text               fal_flash.o
    0x0002b4f0   0x0002b4f0   0x0000083c   Code   RO          117    .text               fal_partition.o
    0x0002bd2c   0x0002bd2c   0x0000123c   Code   RO          125    .text               fal_rtt.o
    0x0002cf68   0x0002cf68   0x00000688   Code   RO          131    .text               dfs.o
    0x0002d5f0   0x0002d5f0   0x00000aa0   Code   RO          138    .text               dfs_file.o
    0x0002e090   0x0002e090   0x000007d8   Code   RO          142    .text               dfs_fs.o
    0x0002e868   0x0002e868   0x00000708   Code   RO          147    .text               dfs_posix.o
    0x0002ef70   0x0002ef70   0x000003a4   Code   RO          153    .text               devfs.o
    0x0002f314   0x0002f314   0x0000086c   Code   RO          156    .text               shell.o
    0x0002fb80   0x0002fb80   0x00000db4   Code   RO          161    .text               cmd.o
    0x00030934   0x00030934   0x00000558   Code   RO          166    .text               msh.o
    0x00030e8c   0x00030e8c   0x000008fc   Code   RO          170    .text               msh_file.o
    0x00031788   0x00031788   0x00000360   Code   RO          176    .text               fdb.o
    0x00031ae8   0x00031ae8   0x00000ea8   Code   RO          197    .text               fdb_tsdb.o
    0x00032990   0x00032990   0x00000320   Code   RO          203    .text               fdb_utils.o
    0x00032cb0   0x00032cb0   0x00000320   Code   RO          223    .text               tsdb_sample.o
    0x00032fd0   0x00032fd0   0x00000090   Code   RO          226    .text               clock.o
    0x00033060   0x00033060   0x000000d4   Code   RO          228    .text               components.o
    0x00033134   0x00033134   0x0000056e   Code   RO          234    .text               device.o
    0x000336a2   0x000336a2   0x00000002   PAD
    0x000336a4   0x000336a4   0x000001fc   Code   RO          236    .text               idle.o
    0x000338a0   0x000338a0   0x00001e6c   Code   RO          239    .text               ipc.o
    0x0003570c   0x0003570c   0x0000008c   Code   RO          242    .text               irq.o
    0x00035798   0x00035798   0x00000ad4   Code   RO          244    .text               kservice.o
    0x0003626c   0x0003626c   0x000008c4   Code   RO          248    .text               mem.o
    0x00036b30   0x00036b30   0x00000434   Code   RO          258    .text               object.o
    0x00036f64   0x00036f64   0x000003c8   Code   RO          261    .text               scheduler.o
    0x0003732c   0x0003732c   0x000008ec   Code   RO          265    .text               thread.o
    0x00037c18   0x00037c18   0x000007d4   Code   RO          269    .text               timer.o
    0x000383ec   0x000383ec   0x00000016   Code   RO          273    .text               libc.o
    0x00038402   0x00038402   0x00000038   Code   RO          275    .text               mem_std.o
    0x0003843a   0x0003843a   0x00000002   PAD
    0x0003843c   0x0003843c   0x000000d4   Code   RO          276    .text               stdio.o
    0x00038510   0x00038510   0x000001d0   Code   RO          278    .text               stubs.o
    0x000386e0   0x000386e0   0x00000424   Code   RO          280    .text               time.o
    0x00038b04   0x00038b04   0x00000c64   Code   RO          285    .text               dfs_lfs.o
    0x00039768   0x00039768   0x000048c8   Code   RO          291    .text               lfs.o
    0x0003e030   0x0003e030   0x0000003c   Code   RO          296    .text               lfs_crc.o
    0x0003e06c   0x0003e06c   0x00001cfc   Code   RO          304    .text               nrfx_clock.o
    0x0003fd68   0x0003fd68   0x00000b54   Code   RO          318    .text               nrfx_gpiote.o
    0x000408bc   0x000408bc   0x0000030c   Code   RO          336    .text               nrfx_nvmc.o
    0x00040bc8   0x00040bc8   0x000006b8   Code   RO          356    .text               nrfx_qspi.o
    0x00041280   0x00041280   0x0000041e   Code   RO          365    .text               nrfx_rtc.o
    0x0004169e   0x0004169e   0x00000002   PAD
    0x000416a0   0x000416a0   0x00000b34   Code   RO          370    .text               nrfx_saadc.o
    0x000421d4   0x000421d4   0x00000864   Code   RO          407    .text               nrfx_uart.o
    0x00042a38   0x00042a38   0x00001c70   Code   RO          424    .text               system_nrf52840.o
    0x000446a8   0x000446a8   0x00000040   Code   RO          429    .text               arm_startup_nrf52840.o
    0x000446e8   0x000446e8   0x00000388   Code   RO          433    .text               nrf_sdh.o
    0x00044a70   0x00044a70   0x0000038c   Code   RO          439    .text               nrf_drv_clock.o
    0x00044dfc   0x00044dfc   0x0000005c   Code   RO          447    .text               app_error_weak.o
    0x00044e58   0x00044e58   0x00000070   Code   RO          451    .text               nrf_section_iter.o
    0x00044ec8   0x00044ec8   0x00000140   Code   RO          455    .text               app_util_platform.o
    0x00045008   0x00045008   0x000000a4   Code   RO          461    .text               app_error.o
    0x000450ac   0x000450ac   0x0000005c   Code   RO          466    .text               nrf_strerror.o
    0x00045108   0x00045108   0x0000019c   Code   RO          472    .text               nrf_atflags.o
    0x000452a4   0x000452a4   0x00000180   Code   RO          477    .text               nrf_atomic.o
    0x00045424   0x00045424   0x000003a0   Code   RO          482    .text               nrf_sdh_ble_rtt.o
    0x000457c4   0x000457c4   0x00000418   Code   RO          490    .text               ble_conn_params_rtt.o
    0x00045bdc   0x00045bdc   0x000003c2   Code   RO          497    .text               ble_srv_common.o
    0x00045f9e   0x00045f9e   0x00000002   PAD
    0x00045fa0   0x00045fa0   0x00000428   Code   RO          501    .text               ble_conn_state.o
    0x000463c8   0x000463c8   0x000006e2   Code   RO          507    .text               ble_advertising.o
    0x00046aaa   0x00046aaa   0x00000002   PAD
    0x00046aac   0x00046aac   0x000003b0   Code   RO          511    .text               nrf_ble_gatt.o
    0x00046e5c   0x00046e5c   0x00000186   Code   RO          516    .text               nrf_ble_qwr.o
    0x00046fe2   0x00046fe2   0x0000006c   Code   RO          520    .text               ble_link_ctx_manager.o
    0x0004704e   0x0004704e   0x00000002   PAD
    0x00047050   0x00047050   0x00000314   Code   RO          524    .text               ble_nus.o
    0x00047364   0x00047364   0x000008a0   Code   RO          529    .text               ble_advdata.o
    0x00047c04   0x00047c04   0x00000690   Code   RO          533    .text               ble_app_uart.o
    0x00048294   0x00048294   0x00000002   Code   RO          543    .text               c_w.l(use_no_semi.o)
    0x00048296   0x00048296   0x00000004   Code   RO          544    .text               c_w.l(hguard.o)
    0x0004829a   0x0004829a   0x00000048   Code   RO          545    .text               c_w.l(llsdiv.o)
    0x000482e2   0x000482e2   0x00000002   PAD
    0x000482e4   0x000482e4   0x00000034   Code   RO          547    .text               c_w.l(noretval__2snprintf.o)
    0x00048318   0x00048318   0x00000068   Code   RO          548    .text               c_w.l(__printf.o)
    0x00048380   0x00048380   0x00000052   Code   RO          549    .text               c_w.l(_printf_str.o)
    0x000483d2   0x000483d2   0x0000001a   Code   RO          564    .text               c_w.l(atoi.o)
    0x000483ec   0x000483ec   0x00000070   Code   RO          565    .text               c_w.l(strtol.o)
    0x0004845c   0x0004845c   0x00000004   Code   RO          566    .text               c_w.l(getc.o)
    0x00048460   0x00048460   0x00000014   Code   RO          573    .text               c_w.l(strchr.o)
    0x00048474   0x00048474   0x00000020   Code   RO          574    .text               c_w.l(strcspn.o)
    0x00048494   0x00048494   0x0000001c   Code   RO          575    .text               c_w.l(strspn.o)
    0x000484b0   0x000484b0   0x00000024   Code   RO          576    .text               c_w.l(strstr.o)
    0x000484d4   0x000484d4   0x00000058   Code   RO          577    .text               c_w.l(memcmp.o)
    0x0004852c   0x0004852c   0x00000048   Code   RO          578    .text               c_w.l(strcpy.o)
    0x00048574   0x00048574   0x00000016   Code   RO          579    .text               c_w.l(strrchr.o)
    0x0004858a   0x0004858a   0x0000003e   Code   RO          580    .text               c_w.l(strlen.o)
    0x000485c8   0x000485c8   0x00000096   Code   RO          581    .text               c_w.l(strncmp.o)
    0x0004865e   0x0004865e   0x00000018   Code   RO          582    .text               c_w.l(strcat.o)
    0x00048676   0x00048676   0x0000008a   Code   RO          583    .text               c_w.l(rt_memcpy_v6.o)
    0x00048700   0x00048700   0x00000064   Code   RO          584    .text               c_w.l(rt_memcpy_w.o)
    0x00048764   0x00048764   0x00000010   Code   RO          585    .text               c_w.l(aeabi_memset.o)
    0x00048774   0x00048774   0x00000044   Code   RO          586    .text               c_w.l(rt_memclr.o)
    0x000487b8   0x000487b8   0x0000004e   Code   RO          587    .text               c_w.l(rt_memclr_w.o)
    0x00048806   0x00048806   0x00000056   Code   RO          588    .text               c_w.l(strncpy.o)
    0x0004885c   0x0004885c   0x00000080   Code   RO          589    .text               c_w.l(strcmpv7m.o)
    0x000488dc   0x000488dc   0x00000006   Code   RO          590    .text               c_w.l(heapauxi.o)
    0x000488e2   0x000488e2   0x00000002   PAD
    0x000488e4   0x000488e4   0x00000010   Code   RO          593    .text               c_w.l(rt_ctype_table.o)
    0x000488f4   0x000488f4   0x00000008   Code   RO          596    .text               c_w.l(rt_errno_addr_intlibspace.o)
    0x000488fc   0x000488fc   0x000000ee   Code   RO          597    .text               c_w.l(lludivv7m.o)
    0x000489ea   0x000489ea   0x00000002   PAD
    0x000489ec   0x000489ec   0x00000030   Code   RO          598    .text               c_w.l(_printf_char_common.o)
    0x00048a1c   0x00048a1c   0x0000000a   Code   RO          599    .text               c_w.l(_sputc.o)
    0x00048a26   0x00048a26   0x00000010   Code   RO          600    .text               c_w.l(_snputc.o)
    0x00048a36   0x00048a36   0x0000002c   Code   RO          601    .text               c_w.l(_printf_char.o)
    0x00048a62   0x00048a62   0x0000009e   Code   RO          603    .text               c_w.l(_strtoul.o)
    0x00048b00   0x00048b00   0x00000138   Code   RO          606    .text               c_w.l(initio.o)
    0x00048c38   0x00048c38   0x00000008   Code   RO          609    .text               c_w.l(libspace.o)
    0x00048c40   0x00048c40   0x00000008   Code   RO          631    .text               c_w.l(rt_locale_intlibspace.o)
    0x00048c48   0x00048c48   0x0000001c   Code   RO          633    .text               c_w.l(_chval.o)
    0x00048c64   0x00048c64   0x0000023a   Code   RO          634    .text               c_w.l(filbuf.o)
    0x00048e9e   0x00048e9e   0x00000046   Code   RO          635    .text               c_w.l(setvbuf.o)
    0x00048ee4   0x00048ee4   0x000000ec   Code   RO          637    .text               c_w.l(fopen.o)
    0x00048fd0   0x00048fd0   0x0000004c   Code   RO          638    .text               c_w.l(fclose.o)
    0x0004901c   0x0004901c   0x0000000e   Code   RO          643    .text               c_w.l(defsig_rtred_outer.o)
    0x0004902a   0x0004902a   0x0000004a   Code   RO          709    .text               c_w.l(sys_stackheap_outer.o)
    0x00049074   0x00049074   0x000000f8   Code   RO          712    .text               c_w.l(fseek.o)
    0x0004916c   0x0004916c   0x000000f0   Code   RO          713    .text               c_w.l(stdio.o)
    0x0004925c   0x0004925c   0x00000038   Code   RO          716    .text               c_w.l(flushlinebuffered.o)
    0x00049294   0x00049294   0x00000012   Code   RO          720    .text               c_w.l(exit.o)
    0x000492a6   0x000492a6   0x0000000a   Code   RO          721    .text               c_w.l(defsig_exit.o)
    0x000492b0   0x000492b0   0x00000034   Code   RO          722    .text               c_w.l(defsig_rtred_inner.o)
    0x000492e4   0x000492e4   0x00000064   Code   RO          731    .text               c_w.l(fflush.o)
    0x00049348   0x00049348   0x00000042   Code   RO          732    .text               c_w.l(ftell.o)
    0x0004938a   0x0004938a   0x00000032   Code   RO          735    .text               c_w.l(defsig_general.o)
    0x000493bc   0x000493bc   0x00000030   Code   RO          295    i.__ARM_pop         lfs.o
    0x000493ec   0x000493ec   0x00000018   Code   RO          605    i.fgetc             c_w.l(fgetc.o)
    0x00049404   0x00049404   0x0000002c   Code   RO          642    locale$$code        c_w.l(lc_ctype_c.o)
    0x00049430   0x00049430   0x0000000a   Code   RO          728    x$fpl$fpinit        fz_wm.l(fpinit.o)
    0x0004943a   0x0004943a   0x00000013   Data   RO           13    .constdata          cpuport.o
    0x0004944d   0x0004944d   0x00000088   Data   RO           18    .constdata          pin.o
    0x000494d5   0x000494d5   0x0000003c   Data   RO           22    .constdata          adc.o
    0x00049511   0x00049511   0x0000001b   Data   RO           27    .constdata          mtd_nor.o
    0x0004952c   0x0004952c   0x00000127   Data   RO           32    .constdata          serial.o
    0x00049653   0x00049653   0x00000039   Data   RO           36    .constdata          completion.o
    0x0004968c   0x0004968c   0x000000e9   Data   RO           45    .constdata          ringbuffer.o
    0x00049775   0x00049775   0x0000000f   Data   RO           47    .constdata          waitqueue.o
    0x00049784   0x00049784   0x00000054   Data   RO           62    .constdata          drv_uart.o
    0x000497d8   0x000497d8   0x00000038   Data   RO           68    .constdata          drv_flash.o
    0x00049810   0x00049810   0x0000001c   Data   RO           73    .constdata          drv_qspi_flash.o
    0x0004982c   0x0004982c   0x00000267   Data   RO           79    .constdata          drv_gpio.o
    0x00049a93   0x00049a93   0x00000001   PAD
    0x00049a94   0x00049a94   0x00000044   Data   RO           89    .constdata          drv_adc.o
    0x00049ad8   0x00049ad8   0x0000005c   Data   RO           98    .constdata          drv_rtc.o
    0x00049b34   0x00049b34   0x00000009   Data   RO          105    .constdata          fal.o
    0x00049b3d   0x00049b3d   0x00000003   PAD
    0x00049b40   0x00049b40   0x0000002d   Data   RO          111    .constdata          fal_flash.o
    0x00049b6d   0x00049b6d   0x00000096   Data   RO          118    .constdata          fal_partition.o
    0x00049c03   0x00049c03   0x00000001   PAD
    0x00049c04   0x00049c04   0x0000013c   Data   RO          126    .constdata          fal_rtt.o
    0x00049d40   0x00049d40   0x00000023   Data   RO          133    .constdata          dfs.o
    0x00049d63   0x00049d63   0x00000001   PAD
    0x00049d64   0x00049d64   0x00000040   Data   RO          143    .constdata          dfs_fs.o
    0x00049da4   0x00049da4   0x000000c5   Data   RO          154    .constdata          devfs.o
    0x00049e69   0x00049e69   0x0000004a   Data   RO          158    .constdata          shell.o
    0x00049eb3   0x00049eb3   0x00000001   PAD
    0x00049eb4   0x00049eb4   0x0000005c   Data   RO          162    .constdata          cmd.o
    0x00049f10   0x00049f10   0x0000000e   Data   RO          167    .constdata          msh.o
    0x00049f1e   0x00049f1e   0x0000000d   Data   RO          177    .constdata          fdb.o
    0x00049f2b   0x00049f2b   0x00000049   Data   RO          198    .constdata          fdb_tsdb.o
    0x00049f74   0x00049f74   0x00000423   Data   RO          204    .constdata          fdb_utils.o
    0x0004a397   0x0004a397   0x00000001   PAD
    0x0004a398   0x0004a398   0x00000058   Data   RO          224    .constdata          tsdb_sample.o
    0x0004a3f0   0x0004a3f0   0x00000014   Data   RO          229    .constdata          components.o
    0x0004a404   0x0004a404   0x000000d8   Data   RO          235    .constdata          device.o
    0x0004a4dc   0x0004a4dc   0x00000016   Data   RO          238    .constdata          idle.o
    0x0004a4f2   0x0004a4f2   0x000001fc   Data   RO          240    .constdata          ipc.o
    0x0004a6ee   0x0004a6ee   0x00000122   Data   RO          246    .constdata          kservice.o
    0x0004a810   0x0004a810   0x0000003c   Data   RO          250    .constdata          mem.o
    0x0004a84c   0x0004a84c   0x00000080   Data   RO          259    .constdata          object.o
    0x0004a8cc   0x0004a8cc   0x0000004e   Data   RO          263    .constdata          scheduler.o
    0x0004a91a   0x0004a91a   0x000000cf   Data   RO          266    .constdata          thread.o
    0x0004a9e9   0x0004a9e9   0x0000005c   Data   RO          271    .constdata          timer.o
    0x0004aa45   0x0004aa45   0x0000001b   Data   RO          279    .constdata          stubs.o
    0x0004aa60   0x0004aa60   0x00000075   Data   RO          282    .constdata          time.o
    0x0004aad5   0x0004aad5   0x00000003   PAD
    0x0004aad8   0x0004aad8   0x00000136   Data   RO          287    .constdata          dfs_lfs.o
    0x0004ac0e   0x0004ac0e   0x00000002   PAD
    0x0004ac10   0x0004ac10   0x0000022c   Data   RO          292    .constdata          lfs.o
    0x0004ae3c   0x0004ae3c   0x00000040   Data   RO          297    .constdata          lfs_crc.o
    0x0004ae7c   0x0004ae7c   0x00000008   Data   RO          320    .constdata          nrfx_gpiote.o
    0x0004ae84   0x0004ae84   0x00000006   Data   RO          358    .constdata          nrfx_qspi.o
    0x0004ae8a   0x0004ae8a   0x00000002   PAD
    0x0004ae8c   0x0004ae8c   0x00000058   Data   RO          434    .constdata          nrf_sdh.o
    0x0004aee4   0x0004aee4   0x0000013c   Data   RO          467    .constdata          nrf_strerror.o
    0x0004b020   0x0004b020   0x00000030   Data   RO          483    .constdata          nrf_sdh_ble_rtt.o
    0x0004b050   0x0004b050   0x00000016   Data   RO          512    .constdata          nrf_ble_gatt.o
    0x0004b066   0x0004b066   0x00000002   PAD
    0x0004b068   0x0004b068   0x00000010   Data   RO          525    .constdata          ble_nus.o
    0x0004b078   0x0004b078   0x0000003f   Data   RO            6    .conststring        application.o
    0x0004b0b7   0x0004b0b7   0x00000001   PAD
    0x0004b0b8   0x0004b0b8   0x00000063   Data   RO           33    .conststring        serial.o
    0x0004b11b   0x0004b11b   0x00000001   PAD
    0x0004b11c   0x0004b11c   0x00000052   Data   RO           54    .conststring        board.o
    0x0004b16e   0x0004b16e   0x00000002   PAD
    0x0004b170   0x0004b170   0x0000005b   Data   RO          112    .conststring        fal_flash.o
    0x0004b1cb   0x0004b1cb   0x00000001   PAD
    0x0004b1cc   0x0004b1cc   0x00000132   Data   RO          119    .conststring        fal_partition.o
    0x0004b2fe   0x0004b2fe   0x00000002   PAD
    0x0004b300   0x0004b300   0x000002a2   Data   RO          127    .conststring        fal_rtt.o
    0x0004b5a2   0x0004b5a2   0x00000002   PAD
    0x0004b5a4   0x0004b5a4   0x0000000b   Data   RO          144    .conststring        dfs_fs.o
    0x0004b5af   0x0004b5af   0x00000001   PAD
    0x0004b5b0   0x0004b5b0   0x00000006   Data   RO          155    .conststring        devfs.o
    0x0004b5b6   0x0004b5b6   0x00000002   PAD
    0x0004b5b8   0x0004b5b8   0x00000189   Data   RO          163    .conststring        cmd.o
    0x0004b741   0x0004b741   0x00000003   PAD
    0x0004b744   0x0004b744   0x00000047   Data   RO          178    .conststring        fdb.o
    0x0004b78b   0x0004b78b   0x00000001   PAD
    0x0004b78c   0x0004b78c   0x0000012b   Data   RO          199    .conststring        fdb_tsdb.o
    0x0004b8b7   0x0004b8b7   0x00000001   PAD
    0x0004b8b8   0x0004b8b8   0x00000041   Data   RO          225    .conststring        tsdb_sample.o
    0x0004b8f9   0x0004b8f9   0x00000003   PAD
    0x0004b8fc   0x0004b8fc   0x0000015a   Data   RO          241    .conststring        ipc.o
    0x0004ba56   0x0004ba56   0x00000002   PAD
    0x0004ba58   0x0004ba58   0x000000eb   Data   RO          251    .conststring        mem.o
    0x0004bb43   0x0004bb43   0x00000001   PAD
    0x0004bb44   0x0004bb44   0x00000042   Data   RO          267    .conststring        thread.o
    0x0004bb86   0x0004bb86   0x00000002   PAD
    0x0004bb88   0x0004bb88   0x00000004   Data   RO          288    .conststring        dfs_lfs.o
    0x0004bb8c   0x0004bb8c   0x000000a9   Data   RO          293    .conststring        lfs.o
    0x0004bc35   0x0004bc35   0x00000003   PAD
    0x0004bc38   0x0004bc38   0x000003eb   Data   RO          468    .conststring        nrf_strerror.o
    0x0004c023   0x0004c023   0x00000001   PAD
    0x0004c024   0x0004c024   0x00000192   Data   RO          484    .conststring        nrf_sdh_ble_rtt.o
    0x0004c1b6   0x0004c1b6   0x00000091   Data   RO           19    .rodata.name        pin.o
    0x0004c247   0x0004c247   0x00000017   Data   RO           24    .rodata.name        adc.o
    0x0004c25e   0x0004c25e   0x000000b7   Data   RO           29    .rodata.name        rtc.o
    0x0004c315   0x0004c315   0x0000001b   Data   RO           55    .rodata.name        board.o
    0x0004c330   0x0004c330   0x0000001e   Data   RO           81    .rodata.name        drv_gpio.o
    0x0004c34e   0x0004c34e   0x00000020   Data   RO           90    .rodata.name        drv_adc.o
    0x0004c36e   0x0004c36e   0x00000031   Data   RO          129    .rodata.name        fal_rtt.o
    0x0004c39f   0x0004c39f   0x00000023   Data   RO          135    .rodata.name        dfs.o
    0x0004c3c2   0x0004c3c2   0x0000005f   Data   RO          140    .rodata.name        dfs_file.o
    0x0004c421   0x0004c421   0x00000029   Data   RO          145    .rodata.name        dfs_fs.o
    0x0004c44a   0x0004c44a   0x0000003d   Data   RO          148    .rodata.name        dfs_posix.o
    0x0004c487   0x0004c487   0x00000375   Data   RO          164    .rodata.name        cmd.o
    0x0004c7fc   0x0004c7fc   0x00000076   Data   RO          168    .rodata.name        msh.o
    0x0004c872   0x0004c872   0x00000190   Data   RO          171    .rodata.name        msh_file.o
    0x0004ca02   0x0004ca02   0x00000027   Data   RO          253    .rodata.name        mem.o
    0x0004ca29   0x0004ca29   0x00000020   Data   RO          536    .rodata.name        ble_app_uart.o
    0x0004ca49   0x0004ca49   0x00000003   PAD
    0x0004ca4c   0x0004ca4c   0x00000004   Data   RO          230    .rti_fn.0           components.o
    0x0004ca50   0x0004ca50   0x00000004   Data   RO          231    .rti_fn.0.end       components.o
    0x0004ca54   0x0004ca54   0x00000004   Data   RO           82    .rti_fn.1           drv_gpio.o
    0x0004ca58   0x0004ca58   0x00000004   Data   RO           91    .rti_fn.1           drv_adc.o
    0x0004ca5c   0x0004ca5c   0x00000004   Data   RO          232    .rti_fn.1.end       components.o
    0x0004ca60   0x0004ca60   0x00000004   Data   RO          136    .rti_fn.2           dfs.o
    0x0004ca64   0x0004ca64   0x00000004   Data   RO          100    .rti_fn.3           drv_rtc.o
    0x0004ca68   0x0004ca68   0x00000004   Data   RO          274    .rti_fn.4           libc.o
    0x0004ca6c   0x0004ca6c   0x00000004   Data   RO          290    .rti_fn.4           dfs_lfs.o
    0x0004ca70   0x0004ca70   0x00000004   Data   RO          160    .rti_fn.6           shell.o
    0x0004ca74   0x0004ca74   0x00000004   Data   RO          233    .rti_fn.6.end       components.o
    0x0004ca78   0x0004ca78   0x00000030   Data   RO           20    FSymTab             pin.o
    0x0004caa8   0x0004caa8   0x0000000c   Data   RO           25    FSymTab             adc.o
    0x0004cab4   0x0004cab4   0x00000030   Data   RO           30    FSymTab             rtc.o
    0x0004cae4   0x0004cae4   0x0000000c   Data   RO           56    FSymTab             board.o
    0x0004caf0   0x0004caf0   0x0000000c   Data   RO           83    FSymTab             drv_gpio.o
    0x0004cafc   0x0004cafc   0x0000000c   Data   RO           92    FSymTab             drv_adc.o
    0x0004cb08   0x0004cb08   0x0000000c   Data   RO          130    FSymTab             fal_rtt.o
    0x0004cb14   0x0004cb14   0x0000000c   Data   RO          137    FSymTab             dfs.o
    0x0004cb20   0x0004cb20   0x00000030   Data   RO          141    FSymTab             dfs_file.o
    0x0004cb50   0x0004cb50   0x00000018   Data   RO          146    FSymTab             dfs_fs.o
    0x0004cb68   0x0004cb68   0x00000018   Data   RO          149    FSymTab             dfs_posix.o
    0x0004cb80   0x0004cb80   0x00000120   Data   RO          165    FSymTab             cmd.o
    0x0004cca0   0x0004cca0   0x00000024   Data   RO          169    FSymTab             msh.o
    0x0004ccc4   0x0004ccc4   0x00000084   Data   RO          172    FSymTab             msh_file.o
    0x0004cd48   0x0004cd48   0x0000000c   Data   RO          254    FSymTab             mem.o
    0x0004cd54   0x0004cd54   0x0000000c   Data   RO          537    FSymTab             ble_app_uart.o
    0x0004cd60   0x0004cd60   0x00000140   Data   RO          121    FalPartTable        fal_partition.o
    0x0004cea0   0x0004cea0   0x00000020   Data   RO          761    Region$$Table       anon$$obj.o
    0x0004cec0   0x0004cec0   0x00000110   Data   RO          641    locale$$data        c_w.l(lc_ctype_c.o)
    0x0004cfd0   0x0004cfd0   0x00000008   Data   RO          503    sdh_ble_observers0  ble_conn_state.o
    0x0004cfd8   0x0004cfd8   0x00000008   Data   RO          493    sdh_ble_observers1  ble_conn_params_rtt.o
    0x0004cfe0   0x0004cfe0   0x00000010   Data   RO          538    sdh_ble_observers1  ble_app_uart.o
    0x0004cff0   0x0004cff0   0x00000010   Data   RO          539    sdh_ble_observers2  ble_app_uart.o
    0x0004d000   0x0004d000   0x00000008   Data   RO          540    sdh_ble_observers3  ble_app_uart.o
    0x0004d008   0x0004d008   0x00000008   Data   RO          442    sdh_soc_observers0  nrf_drv_clock.o
    0x0004d010   0x0004d010   0x00000008   Data   RO          486    sdh_stack_observers0  nrf_sdh_ble_rtt.o
    0x0004d018   0x0004d018   0x00000008   Data   RO          443    sdh_state_observers0  nrf_drv_clock.o


    Execution Region RW_IRAM1 (Exec base: 0x20002ae8, Load base: 0x0004d020, Size: 0x00005f20, Max: 0x0003d518, ABSOLUTE, COMPRESSED[0x000000e8])

    Exec Addr    Load Addr    Size         Type   Attr      Idx    E Section Name        Object

    0x20002ae8   COMPRESSED   0x00000060   Data   RW            7    .data               application.o
    0x20002b48   COMPRESSED   0x00000010   Data   RW           14    .data               cpuport.o
    0x20002b58   COMPRESSED   0x00000004   Data   RW           23    .data               adc.o
    0x20002b5c   COMPRESSED   0x00000004   Data   RW           34    .data               serial.o
    0x20002b60   COMPRESSED   0x00000030   Data   RW           63    .data               drv_uart.o
    0x20002b90   COMPRESSED   0x0000003c   Data   RW           74    .data               drv_qspi_flash.o
    0x20002bcc   COMPRESSED   0x0000007c   Data   RW           80    .data               drv_gpio.o
    0x20002c48   COMPRESSED   0x0000000c   Data   RW           99    .data               drv_rtc.o
    0x20002c54   COMPRESSED   0x00000001   Data   RW          106    .data               fal.o
    0x20002c55   COMPRESSED   0x00000001   Data   RW          113    .data               fal_flash.o
    0x20002c56   COMPRESSED   0x00000002   PAD
    0x20002c58   COMPRESSED   0x0000000c   Data   RW          120    .data               fal_partition.o
    0x20002c64   COMPRESSED   0x00000008   Data   RW          128    .data               fal_rtt.o
    0x20002c6c   COMPRESSED   0x00000114   Data   RW          134    .data               dfs.o
    0x20002d80   COMPRESSED   0x00000018   Data   RW          159    .data               shell.o
    0x20002d98   COMPRESSED   0x00000001   Data   RW          179    .data               fdb.o
    0x20002d99   COMPRESSED   0x00000003   PAD
    0x20002d9c   COMPRESSED   0x00000004   Data   RW          227    .data               clock.o
    0x20002da0   COMPRESSED   0x00000009   Data   RW          243    .data               irq.o
    0x20002da9   COMPRESSED   0x00000003   PAD
    0x20002dac   COMPRESSED   0x0000000c   Data   RW          247    .data               kservice.o
    0x20002db8   COMPRESSED   0x00000020   Data   RW          252    .data               mem.o
    0x20002dd8   COMPRESSED   0x000000a4   Data   RW          260    .data               object.o
    0x20002e7c   COMPRESSED   0x0000001c   Data   RW          264    .data               scheduler.o
    0x20002e98   COMPRESSED   0x0000000c   Data   RW          268    .data               thread.o
    0x20002ea4   COMPRESSED   0x00000020   Data   RW          272    .data               timer.o
    0x20002ec4   COMPRESSED   0x00000004   Data   RW          277    .data               stdio.o
    0x20002ec8   COMPRESSED   0x00000004   Data   RW          283    .data               time.o
    0x20002ecc   COMPRESSED   0x00000004   Data   RW          289    .data               dfs_lfs.o
    0x20002ed0   COMPRESSED   0x00000008   Data   RW          305    .data               nrfx_clock.o
    0x20002ed8   COMPRESSED   0x00000008   Data   RW          337    .data               nrfx_nvmc.o
    0x20002ee0   COMPRESSED   0x00000004   Data   RW          425    .data               system_nrf52840.o
    0x20002ee4   COMPRESSED   0x00000003   Data   RW          435    .data               nrf_sdh.o
    0x20002ee7   COMPRESSED   0x00000001   PAD
    0x20002ee8   COMPRESSED   0x00000004   Data   RW          457    .data               app_util_platform.o
    0x20002eec   COMPRESSED   0x00000001   Data   RW          485    .data               nrf_sdh_ble_rtt.o
    0x20002eed   COMPRESSED   0x00000001   PAD
    0x20002eee   COMPRESSED   0x00000008   Data   RW          492    .data               ble_conn_params_rtt.o
    0x20002ef6   COMPRESSED   0x00000002   PAD
    0x20002ef8   COMPRESSED   0x00000038   Data   RW          535    .data               ble_app_uart.o
    0x20002f30   COMPRESSED   0x00000004   Data   RW          570    .data               c_w.l(stdio_streams.o)
    0x20002f34   COMPRESSED   0x00000004   Data   RW          571    .data               c_w.l(stdio_streams.o)
    0x20002f38   COMPRESSED   0x00000004   Data   RW          572    .data               c_w.l(stdio_streams.o)
    0x20002f3c        -       0x00000138   Zero   RW            5    .bss                application.o
    0x20003074        -       0x00000054   Zero   RW           17    .bss                pin.o
    0x200030c8        -       0x00000064   Zero   RW           61    .bss                drv_uart.o
    0x2000312c        -       0x000000c8   Zero   RW           88    .bss                drv_adc.o
    0x200031f4        -       0x00000050   Zero   RW           97    .bss                drv_rtc.o
    0x20003244        -       0x00000044   Zero   RW          132    .bss                dfs.o
    0x20003288        -       0x00000128   Zero   RW          139    .bss                dfs_file.o
    0x200033b0        -       0x00000081   Zero   RW          157    .bss                shell.o
    0x20003431   COMPRESSED   0x00000003   PAD
    0x20003434        -       0x00000190   Zero   RW          237    .bss                idle.o
    0x200035c4        -       0x00000080   Zero   RW          245    .bss                kservice.o
    0x20003644        -       0x00000020   Zero   RW          249    .bss                mem.o
    0x20003664        -       0x00000100   Zero   RW          262    .bss                scheduler.o
    0x20003764        -       0x00000280   Zero   RW          270    .bss                timer.o
    0x200039e4        -       0x00000071   Zero   RW          281    .bss                time.o
    0x20003a55   COMPRESSED   0x00000003   PAD
    0x20003a58        -       0x00000024   Zero   RW          286    .bss                dfs_lfs.o
    0x20003a7c        -       0x0000005c   Zero   RW          319    .bss                nrfx_gpiote.o
    0x20003ad8        -       0x0000000c   Zero   RW          357    .bss                nrfx_qspi.o
    0x20003ae4        -       0x00000015   Zero   RW          366    .bss                nrfx_rtc.o
    0x20003af9   COMPRESSED   0x00000003   PAD
    0x20003afc        -       0x0000002c   Zero   RW          371    .bss                nrfx_saadc.o
    0x20003b28        -       0x0000002c   Zero   RW          408    .bss                nrfx_uart.o
    0x20003b54        -       0x00000014   Zero   RW          440    .bss                nrf_drv_clock.o
    0x20003b68        -       0x0000000c   Zero   RW          456    .bss                app_util_platform.o
    0x20003b74        -       0x00000020   Zero   RW          462    .bss                app_error.o
    0x20003b94        -       0x00000030   Zero   RW          491    .bss                ble_conn_params_rtt.o
    0x20003bc4        -       0x0000007c   Zero   RW          502    .bss                ble_conn_state.o
    0x20003c40        -       0x00000c6c   Zero   RW          534    .bss                ble_app_uart.o
    0x200048ac        -       0x00000054   Zero   RW          567    .bss                c_w.l(stdio_streams.o)
    0x20004900        -       0x00000054   Zero   RW          568    .bss                c_w.l(stdio_streams.o)
    0x20004954        -       0x00000054   Zero   RW          569    .bss                c_w.l(stdio_streams.o)
    0x200049a8        -       0x00000060   Zero   RW          610    .bss                c_w.l(libspace.o)
    0x20004a08        -       0x00002000   Zero   RW          427    HEAP                arm_startup_nrf52840.o
    0x20006a08        -       0x00002000   Zero   RW          426    STACK               arm_startup_nrf52840.o


==============================================================================

Image component sizes


      Code (inc. data)   RO Data    RW Data    ZI Data      Debug   Object Name

      1260        536         95          4          0          0   adc.o
       164          4          0          0         32          0   app_error.o
        92         10          0          0          0          0   app_error_weak.o
       320         24          0          4         12          0   app_util_platform.o
       468        270         63         96        312          0   application.o
        64         26        512          0      16384          0   arm_startup_nrf52840.o
      2208          0          0          0          0          0   ble_advdata.o
      1762          6          0          0          0          0   ble_advertising.o
      1680        286         84         56       3180          0   ble_app_uart.o
      1048         36          8          8         48          0   ble_conn_params_rtt.o
      1064         10          8          0        124          0   ble_conn_state.o
       108          0          0          0          0          0   ble_link_ctx_manager.o
       788          6         16          0          0          0   ble_nus.o
       962          6          0          0          0          0   ble_srv_common.o
       280         76        121          0          0          0   board.o
       144          4          0          4          0          0   clock.o
      3508       1224       1658          0          0          0   cmd.o
       460        128         57          0          0          0   completion.o
       212         42         36          0          0          0   components.o
       308         28          0          0          0          0   context_rvds.o
      1548        738         19         16          0          0   cpuport.o
       932        114        203          0          0          0   devfs.o
      1390        338        216          0          0          0   device.o
      1672        350         86        276         68          0   dfs.o
      2720        478        143          0        296          0   dfs_file.o
      2008        452        140          0          0          0   dfs_fs.o
      3172        356        318          4         36          0   dfs_lfs.o
      1800         12         85          0          0          0   dfs_posix.o
      1368        278        116          0        200          0   drv_adc.o
       692        264         56          0          0          0   drv_flash.o
      1480         48        661        124          0          0   drv_gpio.o
       752        240         28         60          0          0   drv_qspi_flash.o
       520        156         96         12         80          0   drv_rtc.o
       704         84         84         48        100          0   drv_uart.o
       296        192          9          1          0          0   fal.o
       440        176        136          1          0          0   fal_flash.o
      2108        880        776         12          0          0   fal_partition.o
      4668       1614       1051          8          0          0   fal_rtt.o
       864        378         84          1          0          0   fdb.o
      3752        486        372          0          0          0   fdb_tsdb.o
       800        166       1059          0          0          0   fdb_utils.o
       508         78         22          0        400          0   idle.o
      7788       1068        854          0          0          0   ipc.o
       140         14          0          9          0          0   irq.o
      2772        232        290         12        128          0   kservice.o
     18680       1560        725          0          0          0   lfs.o
        60          6         64          0          0          0   lfs_crc.o
        22          0          4          0          0          0   libc.o
      2244        634        346         32         32          0   mem.o
        56          0          0          0          0          0   mem_std.o
      1368        148        168          0          0          0   msh.o
      2300        754        532          0          0          0   msh_file.o
       152         46         27          0          0          0   mtd_nor.o
       412          0          0          0          0          0   nrf_atflags.o
       610          0          0          0          0          0   nrf_atomic.o
       944          6         22          0          0          0   nrf_ble_gatt.o
       390          0          0          0          0          0   nrf_ble_qwr.o
       908         18         16          0         20          0   nrf_drv_clock.o
       904         52         88          3          0          0   nrf_sdh.o
       928        366        458          1          0          0   nrf_sdh_ble_rtt.o
       112          0          0          0          0          0   nrf_section_iter.o
        92         10       1319          0          0          0   nrf_strerror.o
      7420         88          0          8          0          0   nrfx_clock.o
      2900         68          8          0         92          0   nrfx_gpiote.o
       780         22          0          8          0          0   nrfx_nvmc.o
      1720         74          6          0         12          0   nrfx_qspi.o
      1054         40          0          0         21          0   nrfx_rtc.o
      2868         72          0          0         44          0   nrfx_saadc.o
      2148         46          0          0         44          0   nrfx_uart.o
      1076        202        128        164          0          0   object.o
       672        112        329          0         84          0   pin.o
      1488         74        233          0          0          0   ringbuffer.o
       784        314        231          0          0          0   rtc.o
       968        150         78         28        256          0   scheduler.o
      2548        328        394          4          0          0   serial.o
      2156        186         78         24        129          0   shell.o
       212         60          0          4          0          0   stdio.o
       464         20         27          0          0          0   stubs.o
      7280        122          0          4          0          0   system_nrf52840.o
      2284        454        273         12          0          0   thread.o
      1060         62        117          4        113          0   time.o
      2004        324         92         32        640          0   timer.o
       800        354        153          0          0          0   tsdb_sample.o
       428         48         15          0          0          0   waitqueue.o

    ----------------------------------------------------------------------
    135104      18734      15574       1096      22896          0   Object Totals
         0          0         32          0          0          0   (incl. Generated)
        14          0         49         12          9          0   (incl. Padding)

    ----------------------------------------------------------------------

      Code (inc. data)   RO Data    RW Data    ZI Data      Debug   Library Member Name

        90          0          0          0          0          0   __dczerorl2.o
         8          0          0          0          0          0   __main.o
       104          0          0          0          0          0   __printf.o
         0          0          0          0          0          0   __rtentry.o
        12          0          0          0          0          0   __rtentry2.o
         6          0          0          0          0          0   __rtentry4.o
        52          8          0          0          0          0   __scatter.o
        28          0          0          0          0          0   __scatter_zi.o
        28          0          0          0          0          0   _chval.o
        44          0          0          0          0          0   _printf_char.o
        48          6          0          0          0          0   _printf_char_common.o
         0          0          0          0          0          0   _printf_percent.o
         4          0          0          0          0          0   _printf_percent_end.o
         6          0          0          0          0          0   _printf_s.o
        82          0          0          0          0          0   _printf_str.o
        16          0          0          0          0          0   _snputc.o
        10          0          0          0          0          0   _sputc.o
       158          0          0          0          0          0   _strtoul.o
        16          0          0          0          0          0   aeabi_memset.o
        26          0          0          0          0          0   atoi.o
        10          0          0          0          0          0   defsig_exit.o
        50          0          0          0          0          0   defsig_general.o
        52         38          0          0          0          0   defsig_rtred_inner.o
        14          0          0          0          0          0   defsig_rtred_outer.o
        18          0          0          0          0          0   exit.o
        76          0          0          0          0          0   fclose.o
       100          4          0          0          0          0   fflush.o
        24          0          0          0          0          0   fgetc.o
       570          0          0          0          0          0   filbuf.o
        56          6          0          0          0          0   flushlinebuffered.o
       236          4          0          0          0          0   fopen.o
       248          6          0          0          0          0   fseek.o
        66          0          0          0          0          0   ftell.o
         4          0          0          0          0          0   getc.o
         6          0          0          0          0          0   heapauxi.o
         4          0          0          0          0          0   hguard.o
       312         46          0          0          0          0   initio.o
        44         10        272          0          0          0   lc_ctype_c.o
         2          0          0          0          0          0   libinit.o
        28          0          0          0          0          0   libinit2.o
         2          0          0          0          0          0   libshutdown.o
         6          0          0          0          0          0   libshutdown2.o
         8          4          0          0         96          0   libspace.o
        72          0          0          0          0          0   llsdiv.o
       238          0          0          0          0          0   lludivv7m.o
        88          0          0          0          0          0   memcmp.o
        52          4          0          0          0          0   noretval__2snprintf.o
        16          4          0          0          0          0   rt_ctype_table.o
         8          4          0          0          0          0   rt_errno_addr_intlibspace.o
         8          4          0          0          0          0   rt_locale_intlibspace.o
        68          0          0          0          0          0   rt_memclr.o
        78          0          0          0          0          0   rt_memclr_w.o
       138          0          0          0          0          0   rt_memcpy_v6.o
       100          0          0          0          0          0   rt_memcpy_w.o
         2          0          0          0          0          0   rtexit.o
        10          0          0          0          0          0   rtexit2.o
        70          0          0          0          0          0   setvbuf.o
       240          6          0          0          0          0   stdio.o
         0          0          0         12        252          0   stdio_streams.o
        24          0          0          0          0          0   strcat.o
        20          0          0          0          0          0   strchr.o
       128          0          0          0          0          0   strcmpv7m.o
        72          0          0          0          0          0   strcpy.o
        32          0          0          0          0          0   strcspn.o
        62          0          0          0          0          0   strlen.o
       150          0          0          0          0          0   strncmp.o
        86          0          0          0          0          0   strncpy.o
        22          0          0          0          0          0   strrchr.o
        28          0          0          0          0          0   strspn.o
        36          0          0          0          0          0   strstr.o
       112          0          0          0          0          0   strtol.o
        74          0          0          0          0          0   sys_stackheap_outer.o
         2          0          0          0          0          0   use_no_semi.o
        10          0          0          0          0          0   fpinit.o

    ----------------------------------------------------------------------
      4730        154        272         12        348          0   Library Totals
        10          0          0          0          0          0   (incl. Padding)

    ----------------------------------------------------------------------

      Code (inc. data)   RO Data    RW Data    ZI Data      Debug   Library Name

      4710        154        272         12        348          0   c_w.l
        10          0          0          0          0          0   fz_wm.l

    ----------------------------------------------------------------------
      4730        154        272         12        348          0   Library Totals

    ----------------------------------------------------------------------

==============================================================================


      Code (inc. data)   RO Data    RW Data    ZI Data      Debug   

    139834      18888      15846       1108      23244          0   Grand Totals
    139834      18888      15846        232      23244          0   ELF Image Totals (compressed)
    139834      18888      15846        232          0          0   ROM Totals

==============================================================================

    Total RO  Size (Code + RO Data)               155680 ( 152.03kB)
    Total RW  Size (RW Data + ZI Data)             24352 (  23.78kB)
    Total ROM Size (Code + RO Data + RW Data)     155912 ( 152.26kB)

==============================================================================

