Component: ARM Compiler 5.06 update 7 (build 960) Tool: armlink [4d3601]

==============================================================================

Section Cross References

    application.o(.text) refers to fal.o(.text) for fal_init
    application.o(.text) refers to fal_rtt.o(.text) for fal_mtd_nor_device_create
    application.o(.text) refers to kservice.o(.text) for rt_kprintf
    application.o(.text) refers to device.o(.text) for rt_device_find
    application.o(.text) refers to dfs_fs.o(.text) for dfs_mkfs
    application.o(.text) refers to fdb_tsdb.o(.text) for fdb_tsdb_init
    application.o(.text) refers to tsdb_sample.o(.text) for tsdb_sample
    application.o(.text) refers to pin.o(.text) for rt_pin_mode
    application.o(.text) refers to thread.o(.text) for rt_thread_mdelay
    application.o(.text) refers to application.o(.data) for counts
    application.o(.text) refers to application.o(.bss) for tsdb
    application.o(.data) refers to application.o(.conststring) for .conststring
    showmem.o(.text) refers to kservice.o(.text) for rt_assert_handler
    showmem.o(.text) refers to showmem.o(.constdata) for __FUNCTION__
    cpuport.o(.text) refers to kservice.o(.text) for rt_kprintf
    cpuport.o(.text) refers to thread.o(.text) for rt_thread_self
    cpuport.o(.text) refers to cmd.o(.text) for list_thread
    cpuport.o(.text) refers to cpuport.o(.data) for rt_exception_hook
    cpuport.o(.text) refers to cpuport.o(.constdata) for __FUNCTION__
    context_rvds.o(.text) refers to cpuport.o(.text) for rt_hw_hard_fault_exception
    context_rvds.o(.text) refers to cpuport.o(.data) for rt_thread_switch_interrupt_flag
    pin.o(.text) refers to kservice.o(.text) for rt_assert_handler
    pin.o(.text) refers to device.o(.text) for rt_device_register
    pin.o(.text) refers to pin.o(.constdata) for __FUNCTION__
    pin.o(.text) refers to pin.o(.bss) for _hw_pin
    pin.o(FSymTab) refers to pin.o(.rodata.name) for __fsym_pinMode_name
    pin.o(FSymTab) refers to pin.o(.text) for rt_pin_mode
    adc.o(.text) refers to kservice.o(.text) for rt_assert_handler
    adc.o(.text) refers to device.o(.text) for rt_device_register
    adc.o(.text) refers to strcmpv7m.o(.text) for strcmp
    adc.o(.text) refers to atoi.o(.text) for atoi
    adc.o(.text) refers to adc.o(.constdata) for __FUNCTION__
    adc.o(.text) refers to adc.o(.data) for adc_device
    adc.o(FSymTab) refers to adc.o(.rodata.name) for __fsym___cmd_adc_name
    adc.o(FSymTab) refers to adc.o(.text) for adc
    mtd_nor.o(.text) refers to kservice.o(.text) for rt_assert_handler
    mtd_nor.o(.text) refers to device.o(.text) for rt_device_register
    mtd_nor.o(.text) refers to mtd_nor.o(.constdata) for __FUNCTION__
    serial.o(.text) refers to waitqueue.o(.text) for rt_wqueue_wakeup
    serial.o(.text) refers to kservice.o(.text) for rt_assert_handler
    serial.o(.text) refers to device.o(.text) for rt_device_set_rx_indicate
    serial.o(.text) refers to context_rvds.o(.text) for rt_hw_interrupt_disable
    serial.o(.text) refers to mem.o(.text) for rt_malloc
    serial.o(.text) refers to serial.o(.constdata) for __FUNCTION__
    serial.o(.text) refers to serial.o(.data) for already_output
    serial.o(.text) refers to serial.o(.conststring) for .conststring
    serial.o(.text) refers to completion.o(.text) for rt_completion_init
    serial.o(.constdata) refers to serial.o(.text) for serial_fops_open
    completion.o(.text) refers to kservice.o(.text) for rt_assert_handler
    completion.o(.text) refers to context_rvds.o(.text) for rt_hw_interrupt_disable
    completion.o(.text) refers to thread.o(.text) for rt_thread_self
    completion.o(.text) refers to irq.o(.text) for rt_interrupt_get_nest
    completion.o(.text) refers to timer.o(.text) for rt_timer_control
    completion.o(.text) refers to scheduler.o(.text) for rt_schedule
    completion.o(.text) refers to completion.o(.constdata) for __FUNCTION__
    dataqueue.o(.text) refers to kservice.o(.text) for rt_assert_handler
    dataqueue.o(.text) refers to mem.o(.text) for rt_malloc
    dataqueue.o(.text) refers to thread.o(.text) for rt_thread_self
    dataqueue.o(.text) refers to context_rvds.o(.text) for rt_hw_interrupt_disable
    dataqueue.o(.text) refers to irq.o(.text) for rt_interrupt_get_nest
    dataqueue.o(.text) refers to timer.o(.text) for rt_timer_control
    dataqueue.o(.text) refers to scheduler.o(.text) for rt_schedule
    dataqueue.o(.text) refers to dataqueue.o(.constdata) for __FUNCTION__
    pipe.o(.text) refers to kservice.o(.text) for rt_assert_handler
    pipe.o(.text) refers to ipc.o(.text) for rt_mutex_take
    pipe.o(.text) refers to ringbuffer.o(.text) for rt_ringbuffer_create
    pipe.o(.text) refers to device.o(.text) for rt_device_find
    pipe.o(.text) refers to mem.o(.text) for rt_free
    pipe.o(.text) refers to waitqueue.o(.text) for rt_wqueue_wakeup
    pipe.o(.text) refers to pipe.o(.constdata) for __FUNCTION__
[...]
    ble_conn_state_role                      0x00045c19   Thumb Code    42  ble_conn_state.o(.text)
    ble_conn_state_status                    0x00045c43   Thumb Code    42  ble_conn_state.o(.text)
    ble_conn_state_encrypted                 0x00045c6d   Thumb Code    28  ble_conn_state.o(.text)
    ble_conn_state_mitm_protected            0x00045c89   Thumb Code    28  ble_conn_state.o(.text)
    ble_conn_state_lesc                      0x00045ca5   Thumb Code    28  ble_conn_state.o(.text)
    ble_conn_state_conn_count                0x00045cc1   Thumb Code    12  ble_conn_state.o(.text)
    ble_conn_state_central_conn_count        0x00045ccd   Thumb Code    26  ble_conn_state.o(.text)
    ble_conn_state_peripheral_conn_count     0x00045ce7   Thumb Code    28  ble_conn_state.o(.text)
    ble_conn_state_conn_handles              0x00045d03   Thumb Code    16  ble_conn_state.o(.text)
    ble_conn_state_central_handles           0x00045d13   Thumb Code    30  ble_conn_state.o(.text)
    ble_conn_state_periph_handles            0x00045d31   Thumb Code    32  ble_conn_state.o(.text)
    ble_conn_state_conn_idx                  0x00045d51   Thumb Code    20  ble_conn_state.o(.text)
    ble_conn_state_user_flag_acquire         0x00045d65   Thumb Code    22  ble_conn_state.o(.text)
    ble_conn_state_user_flag_get             0x00045d7b   Thumb Code    42  ble_conn_state.o(.text)
    ble_conn_state_user_flag_set             0x00045da5   Thumb Code    42  ble_conn_state.o(.text)
    ble_conn_state_for_each_connected        0x00045e05   Thumb Code    20  ble_conn_state.o(.text)
    ble_conn_state_for_each_set_user_flag    0x00045e19   Thumb Code    38  ble_conn_state.o(.text)
    ble_advertising_start                    0x00046049   Thumb Code   372  ble_advertising.o(.text)
    ble_advertising_conn_cfg_tag_set         0x00046269   Thumb Code     6  ble_advertising.o(.text)
    ble_advertising_init                     0x0004626f   Thumb Code   264  ble_advertising.o(.text)
    ble_advertising_on_ble_evt               0x00046377   Thumb Code    60  ble_advertising.o(.text)
    ble_advertising_peer_addr_reply          0x000463b3   Thumb Code    42  ble_advertising.o(.text)
    ble_advertising_whitelist_reply          0x000463dd   Thumb Code    40  ble_advertising.o(.text)
    ble_advertising_restart_without_whitelist 0x00046405   Thumb Code    74  ble_advertising.o(.text)
    ble_advertising_modes_config_set         0x0004644f   Thumb Code    18  ble_advertising.o(.text)
    ble_advertising_advdata_update           0x00046461   Thumb Code   198  ble_advertising.o(.text)
    nrf_ble_gatt_init                        0x0004672d   Thumb Code    52  nrf_ble_gatt.o(.text)
    nrf_ble_gatt_att_mtu_periph_set          0x00046761   Thumb Code    30  nrf_ble_gatt.o(.text)
    nrf_ble_gatt_att_mtu_central_set         0x0004677f   Thumb Code    30  nrf_ble_gatt.o(.text)
    nrf_ble_gatt_eff_mtu_get                 0x0004679d   Thumb Code    22  nrf_ble_gatt.o(.text)
    nrf_ble_gatt_data_length_set             0x000467b3   Thumb Code    66  nrf_ble_gatt.o(.text)
    nrf_ble_gatt_data_length_get             0x000467f5   Thumb Code    48  nrf_ble_gatt.o(.text)
    nrf_ble_gatt_on_ble_evt                  0x00046825   Thumb Code   174  nrf_ble_gatt.o(.text)
    nrf_ble_qwr_init                         0x000468d9   Thumb Code    50  nrf_ble_qwr.o(.text)
    nrf_ble_qwr_conn_handle_assign           0x0004690b   Thumb Code    32  nrf_ble_qwr.o(.text)
    nrf_ble_qwr_on_ble_evt                   0x000469e3   Thumb Code   124  nrf_ble_qwr.o(.text)
    blcm_link_ctx_get                        0x00046a5f   Thumb Code   108  ble_link_ctx_manager.o(.text)
    ble_nus_on_ble_evt                       0x00046c19   Thumb Code    68  ble_nus.o(.text)
    ble_nus_init                             0x00046c5d   Thumb Code   260  ble_nus.o(.text)
    ble_nus_data_send                        0x00046d61   Thumb Code   122  ble_nus.o(.text)
    ble_advdata_encode                       0x000472cf   Thumb Code   364  ble_advdata.o(.text)
    ble_advdata_search                       0x0004743b   Thumb Code    78  ble_advdata.o(.text)
    ble_advdata_parse                        0x00047489   Thumb Code    40  ble_advdata.o(.text)
    ble_advdata_name_find                    0x000474b1   Thumb Code    78  ble_advdata.o(.text)
    ble_advdata_short_name_find              0x000474ff   Thumb Code    86  ble_advdata.o(.text)
    ble_advdata_uuid_find                    0x00047555   Thumb Code   208  ble_advdata.o(.text)
    ble_advdata_appearance_find              0x00047625   Thumb Code    80  ble_advdata.o(.text)
    uart_getc_hook                           0x0004795f   Thumb Code    24  ble_app_uart.o(.text)
    uart_putc_hook                           0x00047b45   Thumb Code    16  ble_app_uart.o(.text)
    ble_app_uart                             0x00047c01   Thumb Code   140  ble_app_uart.o(.text)
    __semihosting$guard                      0x00047d11   Thumb Code     0  use_no_semi.o(.text)
    __use_no_semihosting_swi                 0x00047d11   Thumb Code     2  use_no_semi.o(.text)
    __use_no_heap                            0x00047d13   Thumb Code     2  hguard.o(.text)
    __I$use$heap                             0x00047d15   Thumb Code     2  hguard.o(.text)
    __aeabi_ldivmod                          0x00047d17   Thumb Code     0  llsdiv.o(.text)
    _ll_sdiv                                 0x00047d17   Thumb Code    72  llsdiv.o(.text)
    __2snprintf                              0x00047d61   Thumb Code    48  noretval__2snprintf.o(.text)
    __printf                                 0x00047d95   Thumb Code   104  __printf.o(.text)
    _printf_str                              0x00047dfd   Thumb Code    82  _printf_str.o(.text)
    atoi                                     0x00047e4f   Thumb Code    26  atoi.o(.text)
    strtol                                   0x00047e69   Thumb Code   112  strtol.o(.text)
    getc                                     0x00047ed9   Thumb Code     4  getc.o(.text)
    strchr                                   0x00047edd   Thumb Code    20  strchr.o(.text)
    strcspn                                  0x00047ef1   Thumb Code    32  strcspn.o(.text)
    strspn                                   0x00047f11   Thumb Code    28  strspn.o(.text)
    strstr                                   0x00047f2d   Thumb Code    36  strstr.o(.text)
    memcmp                                   0x00047f51   Thumb Code    88  memcmp.o(.text)
    strcpy                                   0x00047fa9   Thumb Code    72  strcpy.o(.text)
    strrchr                                  0x00047ff1   Thumb Code    22  strrchr.o(.text)
    strlen                                   0x00048007   Thumb Code    62  strlen.o(.text)
    strncmp                                  0x00048045   Thumb Code   150  strncmp.o(.text)
    strcat                                   0x000480db   Thumb Code    24  strcat.o(.text)
    __aeabi_memcpy                           0x000480f3   Thumb Code     0  rt_memcpy_v6.o(.text)
    __rt_memcpy                              0x000480f3   Thumb Code   138  rt_memcpy_v6.o(.text)
    _memcpy_lastbytes                        0x00048159   Thumb Code     0  rt_memcpy_v6.o(.text)
    __aeabi_memcpy4                          0x0004817d   Thumb Code     0  rt_memcpy_w.o(.text)
    __aeabi_memcpy8                          0x0004817d   Thumb Code     0  rt_memcpy_w.o(.text)
    __rt_memcpy_w                            0x0004817d   Thumb Code   100  rt_memcpy_w.o(.text)
    _memcpy_lastbytes_aligned                0x000481c5   Thumb Code     0  rt_memcpy_w.o(.text)
    __aeabi_memset                           0x000481e1   Thumb Code    16  aeabi_memset.o(.text)
    __aeabi_memclr                           0x000481f1   Thumb Code     0  rt_memclr.o(.text)
    __rt_memclr                              0x000481f1   Thumb Code    68  rt_memclr.o(.text)
    _memset                                  0x000481f5   Thumb Code     0  rt_memclr.o(.text)
    __aeabi_memclr4                          0x00048235   Thumb Code     0  rt_memclr_w.o(.text)
    __aeabi_memclr8                          0x00048235   Thumb Code     0  rt_memclr_w.o(.text)
    __rt_memclr_w                            0x00048235   Thumb Code    78  rt_memclr_w.o(.text)
    _memset_w                                0x00048239   Thumb Code     0  rt_memclr_w.o(.text)
    strncpy                                  0x00048283   Thumb Code    86  strncpy.o(.text)
    strcmp                                   0x000482d9   Thumb Code   128  strcmpv7m.o(.text)
    __use_two_region_memory                  0x00048359   Thumb Code     2  heapauxi.o(.text)
    __rt_heap_escrow$2region                 0x0004835b   Thumb Code     2  heapauxi.o(.text)
    __rt_heap_expand$2region                 0x0004835d   Thumb Code     2  heapauxi.o(.text)
    __rt_ctype_table                         0x00048361   Thumb Code    16  rt_ctype_table.o(.text)
    __aeabi_errno_addr                       0x00048371   Thumb Code     8  rt_errno_addr_intlibspace.o(.text)
    __errno$intlibspace                      0x00048371   Thumb Code     0  rt_errno_addr_intlibspace.o(.text)
    __rt_errno_addr$intlibspace              0x00048371   Thumb Code     0  rt_errno_addr_intlibspace.o(.text)
    __aeabi_uldivmod                         0x00048379   Thumb Code     0  lludivv7m.o(.text)
    _ll_udiv                                 0x00048379   Thumb Code   238  lludivv7m.o(.text)
    _printf_char_common                      0x00048473   Thumb Code    32  _printf_char_common.o(.text)
    _sputc                                   0x00048499   Thumb Code    10  _sputc.o(.text)
    _snputc                                  0x000484a3   Thumb Code    16  _snputc.o(.text)
    _printf_cs_common                        0x000484b3   Thumb Code    20  _printf_char.o(.text)
    _printf_char                             0x000484c7   Thumb Code    16  _printf_char.o(.text)
    _printf_string                           0x000484d7   Thumb Code     8  _printf_char.o(.text)
    _strtoul                                 0x000484df   Thumb Code   158  _strtoul.o(.text)
    _initio                                  0x0004857d   Thumb Code   210  initio.o(.text)
    _terminateio                             0x0004864f   Thumb Code    56  initio.o(.text)
    __user_libspace                          0x000486b5   Thumb Code     8  libspace.o(.text)
    __user_perproc_libspace                  0x000486b5   Thumb Code     0  libspace.o(.text)
    __user_perthread_libspace                0x000486b5   Thumb Code     0  libspace.o(.text)
    __rt_locale                              0x000486bd   Thumb Code     8  rt_locale_intlibspace.o(.text)
    _chval                                   0x000486c5   Thumb Code    28  _chval.o(.text)
    _readbuf                                 0x000486e1   Thumb Code    54  filbuf.o(.text)
    _seteof                                  0x00048717   Thumb Code    40  filbuf.o(.text)
    __filbuf                                 0x0004873f   Thumb Code   476  filbuf.o(.text)
    __filbuf_byte                            0x0004873f   Thumb Code     0  filbuf.o(.text)
    __filbuf_wide                            0x0004873f   Thumb Code     0  filbuf.o(.text)
    setvbuf                                  0x0004891b   Thumb Code    70  setvbuf.o(.text)
    freopen                                  0x00048961   Thumb Code   158  fopen.o(.text)
    fopen                                    0x000489ff   Thumb Code    74  fopen.o(.text)
    _fclose_internal                         0x00048a4d   Thumb Code    76  fclose.o(.text)
    fclose                                   0x00048a4d   Thumb Code     0  fclose.o(.text)
    __rt_SIGRTRED                            0x00048a99   Thumb Code    14  defsig_rtred_outer.o(.text)
    __user_setup_stackheap                   0x00048aa7   Thumb Code    74  sys_stackheap_outer.o(.text)
    _fseek                                   0x00048af1   Thumb Code   242  fseek.o(.text)
    fseek                                    0x00048af1   Thumb Code     0  fseek.o(.text)
    _seterr                                  0x00048be9   Thumb Code    20  stdio.o(.text)
    _writebuf                                0x00048bfd   Thumb Code    84  stdio.o(.text)
    _fflush                                  0x00048c51   Thumb Code    70  stdio.o(.text)
    _deferredlazyseek                        0x00048c97   Thumb Code    60  stdio.o(.text)
    _flushlinebuffered                       0x00048cd9   Thumb Code    50  flushlinebuffered.o(.text)
    exit                                     0x00048d11   Thumb Code    18  exit.o(.text)
    __sig_exit                               0x00048d23   Thumb Code    10  defsig_exit.o(.text)
    __rt_SIGRTRED_inner                      0x00048d2d   Thumb Code    14  defsig_rtred_inner.o(.text)
    _do_fflush                               0x00048d61   Thumb Code    54  fflush.o(.text)
    fflush                                   0x00048d97   Thumb Code    42  fflush.o(.text)
    _ftell_internal                          0x00048dc5   Thumb Code    66  ftell.o(.text)
    ftell                                    0x00048dc5   Thumb Code     0  ftell.o(.text)
    __default_signal_display                 0x00048e07   Thumb Code    50  defsig_general.o(.text)
    __ARM_pop                                0x00048e39   Thumb Code    48  lfs.o(i.__ARM_pop)
    fgetc                                    0x00048e69   Thumb Code    24  fgetc.o(i.fgetc)
    _get_lc_ctype                            0x00048e81   Thumb Code    44  lc_ctype_c.o(locale$$code)
    _fp_init                                 0x00048ead   Thumb Code    10  fpinit.o(x$fpl$fpinit)
    __fplib_config_fpu_vfp                   0x00048eb5   Thumb Code     0  fpinit.o(x$fpl$fpinit)
    __fplib_config_pureend_doubles           0x00048eb5   Thumb Code     0  fpinit.o(x$fpl$fpinit)
    mcu_onchip_flash                         0x00049254   Data          56  drv_flash.o(.constdata)
    __lowest_bit_bitmap                      0x0004a10e   Data         256  kservice.o(.constdata)
    __stdin_name                             0x0004a465   Data           6  stubs.o(.constdata)
    __stdout_name                            0x0004a46b   Data           7  stubs.o(.constdata)
    __stderr_name                            0x0004a472   Data           7  stubs.o(.constdata)
    __spm                                    0x0004a480   Data          26  time.o(.constdata)
    m_ram_start                              0x0004aa6c   Data           4  nrf_sdh_ble_rtt.o(.constdata)
    __fsym_pinMode_name                      0x0004bbd6   Data           8  pin.o(.rodata.name)
    __fsym_pinMode_desc                      0x0004bbde   Data          22  pin.o(.rodata.name)
    __fsym_pinWrite_name                     0x0004bbf4   Data           9  pin.o(.rodata.name)
    __fsym_pinWrite_desc                     0x0004bbfd   Data          28  pin.o(.rodata.name)
    __fsym_pinRead_name                      0x0004bc19   Data           8  pin.o(.rodata.name)
    __fsym_pinRead_desc                      0x0004bc21   Data          30  pin.o(.rodata.name)
    __fsym_pinGet_name                       0x0004bc3f   Data           7  pin.o(.rodata.name)
    __fsym_pinGet_desc                       0x0004bc46   Data          33  pin.o(.rodata.name)
    __fsym___cmd_adc_name                    0x0004bc67   Data          10  adc.o(.rodata.name)
    __fsym___cmd_adc_desc                    0x0004bc71   Data          13  adc.o(.rodata.name)
    __fsym___cmd_gpio_sample_name            0x0004bc7e   Data          18  drv_gpio.o(.rodata.name)
    __fsym___cmd_gpio_sample_desc            0x0004bc90   Data          12  drv_gpio.o(.rodata.name)
    __fsym___cmd_saadc_sample_name           0x0004bc9c   Data          19  drv_adc.o(.rodata.name)
    __fsym___cmd_saadc_sample_desc           0x0004bcaf   Data          13  drv_adc.o(.rodata.name)
    __fsym___cmd_fal_name                    0x0004bcbc   Data          10  fal_rtt.o(.rodata.name)
    __fsym___cmd_fal_desc                    0x0004bcc6   Data          39  fal_rtt.o(.rodata.name)
    __fsym___cmd_list_fd_name                0x0004bced   Data          14  dfs.o(.rodata.name)
    __fsym___cmd_list_fd_desc                0x0004bcfb   Data          21  dfs.o(.rodata.name)
    __fsym_ls_name                           0x0004bd10   Data           3  dfs_file.o(.rodata.name)
    __fsym_ls_desc                           0x0004bd13   Data          24  dfs_file.o(.rodata.name)
    __fsym_rm_name                           0x0004bd2b   Data           3  dfs_file.o(.rodata.name)
    __fsym_rm_desc                           0x0004bd2e   Data          28  dfs_file.o(.rodata.name)
    __fsym_cat_name                          0x0004bd4a   Data           4  dfs_file.o(.rodata.name)
    __fsym_cat_desc                          0x0004bd4e   Data          11  dfs_file.o(.rodata.name)
    __fsym_copy_name                         0x0004bd59   Data           5  dfs_file.o(.rodata.name)
    __fsym_copy_desc                         0x0004bd5e   Data          17  dfs_file.o(.rodata.name)
    __fsym_mkfs_name                         0x0004bd6f   Data           5  dfs_fs.o(.rodata.name)
    __fsym_mkfs_desc                         0x0004bd74   Data          19  dfs_fs.o(.rodata.name)
    __fsym_df_name                           0x0004bd87   Data           3  dfs_fs.o(.rodata.name)
    __fsym_df_desc                           0x0004bd8a   Data          14  dfs_fs.o(.rodata.name)
    __fsym_mkdir_name                        0x0004bd98   Data           6  dfs_posix.o(.rodata.name)
    __fsym_mkdir_desc                        0x0004bd9e   Data          19  dfs_posix.o(.rodata.name)
    __fsym_cd_name                           0x0004bdb1   Data           3  dfs_posix.o(.rodata.name)
    __fsym_cd_desc                           0x0004bdb4   Data          33  dfs_posix.o(.rodata.name)
    __fsym_hello_name                        0x0004bdd5   Data           6  cmd.o(.rodata.name)
    __fsym_hello_desc                        0x0004bddb   Data          16  cmd.o(.rodata.name)
    __fsym_clear_name                        0x0004bdeb   Data           6  cmd.o(.rodata.name)
    __fsym_clear_desc                        0x0004bdf1   Data          26  cmd.o(.rodata.name)
    __fsym___cmd_clear_name                  0x0004be0b   Data          12  cmd.o(.rodata.name)
    __fsym___cmd_clear_desc                  0x0004be17   Data          26  cmd.o(.rodata.name)
    __fsym_version_name                      0x0004be31   Data           8  cmd.o(.rodata.name)
    __fsym_version_desc                      0x0004be39   Data          35  cmd.o(.rodata.name)
    __fsym___cmd_version_name                0x0004be5c   Data          14  cmd.o(.rodata.name)
    __fsym___cmd_version_desc                0x0004be6a   Data          35  cmd.o(.rodata.name)
    __fsym_list_thread_name                  0x0004be8d   Data          12  cmd.o(.rodata.name)
    __fsym_list_thread_desc                  0x0004be99   Data          12  cmd.o(.rodata.name)
    __fsym___cmd_list_thread_name            0x0004bea5   Data          18  cmd.o(.rodata.name)
    __fsym___cmd_list_thread_desc            0x0004beb7   Data          12  cmd.o(.rodata.name)
    __fsym_list_sem_name                     0x0004bec3   Data           9  cmd.o(.rodata.name)
    __fsym_list_sem_desc                     0x0004becc   Data          25  cmd.o(.rodata.name)
    __fsym___cmd_list_sem_name               0x0004bee5   Data          15  cmd.o(.rodata.name)
    __fsym___cmd_list_sem_desc               0x0004bef4   Data          25  cmd.o(.rodata.name)
    __fsym_list_event_name                   0x0004bf0d   Data          11  cmd.o(.rodata.name)
    __fsym_list_event_desc                   0x0004bf18   Data          21  cmd.o(.rodata.name)
    __fsym___cmd_list_event_name             0x0004bf2d   Data          17  cmd.o(.rodata.name)
    __fsym___cmd_list_event_desc             0x0004bf3e   Data          21  cmd.o(.rodata.name)
    __fsym_list_mutex_name                   0x0004bf53   Data          11  cmd.o(.rodata.name)
    __fsym_list_mutex_desc                   0x0004bf5e   Data          21  cmd.o(.rodata.name)
    __fsym___cmd_list_mutex_name             0x0004bf73   Data          17  cmd.o(.rodata.name)
    __fsym___cmd_list_mutex_desc             0x0004bf84   Data          21  cmd.o(.rodata.name)
    __fsym_list_mailbox_name                 0x0004bf99   Data          13  cmd.o(.rodata.name)
    __fsym_list_mailbox_desc                 0x0004bfa6   Data          24  cmd.o(.rodata.name)
    __fsym___cmd_list_mailbox_name           0x0004bfbe   Data          19  cmd.o(.rodata.name)
    __fsym___cmd_list_mailbox_desc           0x0004bfd1   Data          24  cmd.o(.rodata.name)
    __fsym_list_msgqueue_name                0x0004bfe9   Data          14  cmd.o(.rodata.name)
    __fsym_list_msgqueue_desc                0x0004bff7   Data          29  cmd.o(.rodata.name)
    __fsym___cmd_list_msgqueue_name          0x0004c014   Data          20  cmd.o(.rodata.name)
    __fsym___cmd_list_msgqueue_desc          0x0004c028   Data          29  cmd.o(.rodata.name)
    __fsym_list_mempool_name                 0x0004c045   Data          13  cmd.o(.rodata.name)
    __fsym_list_mempool_desc                 0x0004c052   Data          27  cmd.o(.rodata.name)
    __fsym___cmd_list_mempool_name           0x0004c06d   Data          19  cmd.o(.rodata.name)
    __fsym___cmd_list_mempool_desc           0x0004c080   Data          27  cmd.o(.rodata.name)
    __fsym_list_timer_name                   0x0004c09b   Data          11  cmd.o(.rodata.name)
    __fsym_list_timer_desc                   0x0004c0a6   Data          21  cmd.o(.rodata.name)
    __fsym___cmd_list_timer_name             0x0004c0bb   Data          17  cmd.o(.rodata.name)
    __fsym___cmd_list_timer_desc             0x0004c0cc   Data          21  cmd.o(.rodata.name)
    __fsym_list_device_name                  0x0004c0e1   Data          12  cmd.o(.rodata.name)
    __fsym_list_device_desc                  0x0004c0ed   Data          22  cmd.o(.rodata.name)
    __fsym___cmd_list_device_name            0x0004c103   Data          18  cmd.o(.rodata.name)
    __fsym___cmd_list_device_desc            0x0004c115   Data          22  cmd.o(.rodata.name)
    __fsym_list_name                         0x0004c12b   Data           5  cmd.o(.rodata.name)
    __fsym_list_desc                         0x0004c130   Data          26  cmd.o(.rodata.name)
    __fsym___cmd_help_name                   0x0004c14a   Data          11  msh.o(.rodata.name)
    __fsym___cmd_help_desc                   0x0004c155   Data          22  msh.o(.rodata.name)
    __fsym___cmd_ps_name                     0x0004c16b   Data           9  msh.o(.rodata.name)
    __fsym___cmd_ps_desc                     0x0004c174   Data          28  msh.o(.rodata.name)
    __fsym___cmd_free_name                   0x0004c190   Data          11  msh.o(.rodata.name)
    __fsym___cmd_free_desc                   0x0004c19b   Data          37  msh.o(.rodata.name)
    __fsym___cmd_ls_name                     0x0004c1c0   Data           9  msh_file.o(.rodata.name)
    __fsym___cmd_ls_desc                     0x0004c1c9   Data          34  msh_file.o(.rodata.name)
    __fsym___cmd_cp_name                     0x0004c1eb   Data           9  msh_file.o(.rodata.name)
    __fsym___cmd_cp_desc                     0x0004c1f4   Data          21  msh_file.o(.rodata.name)
    __fsym___cmd_mv_name                     0x0004c209   Data           9  msh_file.o(.rodata.name)
    __fsym___cmd_mv_desc                     0x0004c212   Data          23  msh_file.o(.rodata.name)
    __fsym___cmd_cat_name                    0x0004c229   Data          10  msh_file.o(.rodata.name)
    __fsym___cmd_cat_desc                    0x0004c233   Data          20  msh_file.o(.rodata.name)
    __fsym___cmd_rm_name                     0x0004c247   Data           9  msh_file.o(.rodata.name)
    __fsym___cmd_rm_desc                     0x0004c250   Data          28  msh_file.o(.rodata.name)
    __fsym___cmd_cd_name                     0x0004c26c   Data           9  msh_file.o(.rodata.name)
    __fsym___cmd_cd_desc                     0x0004c275   Data          36  msh_file.o(.rodata.name)
    __fsym___cmd_pwd_name                    0x0004c299   Data          10  msh_file.o(.rodata.name)
    __fsym___cmd_pwd_desc                    0x0004c2a3   Data          49  msh_file.o(.rodata.name)
    __fsym___cmd_mkdir_name                  0x0004c2d4   Data          12  msh_file.o(.rodata.name)
    __fsym___cmd_mkdir_desc                  0x0004c2e0   Data          22  msh_file.o(.rodata.name)
    __fsym___cmd_mkfs_name                   0x0004c2f6   Data          11  msh_file.o(.rodata.name)
    __fsym___cmd_mkfs_desc                   0x0004c301   Data          29  msh_file.o(.rodata.name)
    __fsym___cmd_df_name                     0x0004c31e   Data           9  msh_file.o(.rodata.name)
    __fsym___cmd_df_desc                     0x0004c327   Data          10  msh_file.o(.rodata.name)
    __fsym___cmd_echo_name                   0x0004c331   Data          11  msh_file.o(.rodata.name)
    __fsym___cmd_echo_desc                   0x0004c33c   Data          20  msh_file.o(.rodata.name)
    __fsym_list_mem_name                     0x0004c350   Data           9  mem.o(.rodata.name)
    __fsym_list_mem_desc                     0x0004c359   Data          30  mem.o(.rodata.name)
    __fsym___cmd_ble_app_uart_name           0x0004c377   Data          19  ble_app_uart.o(.rodata.name)
    __fsym___cmd_ble_app_uart_desc           0x0004c38a   Data          13  ble_app_uart.o(.rodata.name)
    __rt_init_rti_start                      0x0004c398   Data           4  components.o(.rti_fn.0)
    __rt_init_rti_board_start                0x0004c39c   Data           4  components.o(.rti_fn.0.end)
    __rt_init_rt_hw_pin_init                 0x0004c3a0   Data           4  drv_gpio.o(.rti_fn.1)
    __rt_init_rt_hw_adc_init                 0x0004c3a4   Data           4  drv_adc.o(.rti_fn.1)
    __rt_init_rti_board_end                  0x0004c3a8   Data           4  components.o(.rti_fn.1.end)
    __rt_init_dfs_init                       0x0004c3ac   Data           4  dfs.o(.rti_fn.2)
    __rt_init_libc_system_init               0x0004c3b0   Data           4  libc.o(.rti_fn.4)
    __rt_init_dfs_lfs_init                   0x0004c3b4   Data           4  dfs_lfs.o(.rti_fn.4)
    __rt_init_finsh_system_init              0x0004c3b8   Data           4  shell.o(.rti_fn.6)
    __rt_init_rti_end                        0x0004c3bc   Data           4  components.o(.rti_fn.6.end)
    FSymTab$$Base                            0x0004c3c0   Number         0  pin.o(FSymTab)
    __fsym_pinMode                           0x0004c3c0   Data          12  pin.o(FSymTab)
    __fsym_pinWrite                          0x0004c3cc   Data          12  pin.o(FSymTab)
    __fsym_pinRead                           0x0004c3d8   Data          12  pin.o(FSymTab)
    __fsym_pinGet                            0x0004c3e4   Data          12  pin.o(FSymTab)
    __fsym___cmd_adc                         0x0004c3f0   Data          12  adc.o(FSymTab)
    __fsym___cmd_gpio_sample                 0x0004c3fc   Data          12  drv_gpio.o(FSymTab)
    __fsym___cmd_saadc_sample                0x0004c408   Data          12  drv_adc.o(FSymTab)
    __fsym___cmd_fal                         0x0004c414   Data          12  fal_rtt.o(FSymTab)
    __fsym___cmd_list_fd                     0x0004c420   Data          12  dfs.o(FSymTab)
    __fsym_ls                                0x0004c42c   Data          12  dfs_file.o(FSymTab)
    __fsym_rm                                0x0004c438   Data          12  dfs_file.o(FSymTab)
    __fsym_cat                               0x0004c444   Data          12  dfs_file.o(FSymTab)
    __fsym_copy                              0x0004c450   Data          12  dfs_file.o(FSymTab)
    __fsym_mkfs                              0x0004c45c   Data          12  dfs_fs.o(FSymTab)
    __fsym_df                                0x0004c468   Data          12  dfs_fs.o(FSymTab)
    __fsym_mkdir                             0x0004c474   Data          12  dfs_posix.o(FSymTab)
    __fsym_cd                                0x0004c480   Data          12  dfs_posix.o(FSymTab)
    __fsym_hello                             0x0004c48c   Data          12  cmd.o(FSymTab)
    __fsym_clear                             0x0004c498   Data          12  cmd.o(FSymTab)
    __fsym___cmd_clear                       0x0004c4a4   Data          12  cmd.o(FSymTab)
    __fsym_version                           0x0004c4b0   Data          12  cmd.o(FSymTab)
    __fsym___cmd_version                     0x0004c4bc   Data          12  cmd.o(FSymTab)
    __fsym_list_thread                       0x0004c4c8   Data          12  cmd.o(FSymTab)
    __fsym___cmd_list_thread                 0x0004c4d4   Data          12  cmd.o(FSymTab)
    __fsym_list_sem                          0x0004c4e0   Data          12  cmd.o(FSymTab)
    __fsym___cmd_list_sem                    0x0004c4ec   Data          12  cmd.o(FSymTab)
    __fsym_list_event                        0x0004c4f8   Data          12  cmd.o(FSymTab)
    __fsym___cmd_list_event                  0x0004c504   Data          12  cmd.o(FSymTab)
    __fsym_list_mutex                        0x0004c510   Data          12  cmd.o(FSymTab)
    __fsym___cmd_list_mutex                  0x0004c51c   Data          12  cmd.o(FSymTab)
    __fsym_list_mailbox                      0x0004c528   Data          12  cmd.o(FSymTab)
    __fsym___cmd_list_mailbox                0x0004c534   Data          12  cmd.o(FSymTab)
    __fsym_list_msgqueue                     0x0004c540   Data          12  cmd.o(FSymTab)
    __fsym___cmd_list_msgqueue               0x0004c54c   Data          12  cmd.o(FSymTab)
    __fsym_list_mempool                      0x0004c558   Data          12  cmd.o(FSymTab)
    __fsym___cmd_list_mempool                0x0004c564   Data          12  cmd.o(FSymTab)
    __fsym_list_timer                        0x0004c570   Data          12  cmd.o(FSymTab)
    __fsym___cmd_list_timer                  0x0004c57c   Data          12  cmd.o(FSymTab)
    __fsym_list_device                       0x0004c588   Data          12  cmd.o(FSymTab)
    __fsym___cmd_list_device                 0x0004c594   Data          12  cmd.o(FSymTab)
    __fsym_list                              0x0004c5a0   Data          12  cmd.o(FSymTab)
    __fsym___cmd_help                        0x0004c5ac   Data          12  msh.o(FSymTab)
    __fsym___cmd_ps                          0x0004c5b8   Data          12  msh.o(FSymTab)
    __fsym___cmd_free                        0x0004c5c4   Data          12  msh.o(FSymTab)
    __fsym___cmd_ls                          0x0004c5d0   Data          12  msh_file.o(FSymTab)
    __fsym___cmd_cp                          0x0004c5dc   Data          12  msh_file.o(FSymTab)
    __fsym___cmd_mv                          0x0004c5e8   Data          12  msh_file.o(FSymTab)
    __fsym___cmd_cat                         0x0004c5f4   Data          12  msh_file.o(FSymTab)
    __fsym___cmd_rm                          0x0004c600   Data          12  msh_file.o(FSymTab)
    __fsym___cmd_cd                          0x0004c60c   Data          12  msh_file.o(FSymTab)
    __fsym___cmd_pwd                         0x0004c618   Data          12  msh_file.o(FSymTab)
    __fsym___cmd_mkdir                       0x0004c624   Data          12  msh_file.o(FSymTab)
    __fsym___cmd_mkfs                        0x0004c630   Data          12  msh_file.o(FSymTab)
    __fsym___cmd_df                          0x0004c63c   Data          12  msh_file.o(FSymTab)
    __fsym___cmd_echo                        0x0004c648   Data          12  msh_file.o(FSymTab)
    __fsym_list_mem                          0x0004c654   Data          12  mem.o(FSymTab)
    __fsym___cmd_ble_app_uart                0x0004c660   Data          12  ble_app_uart.o(FSymTab)
    FSymTab$$Limit                           0x0004c66c   Number         0  ble_app_uart.o(FSymTab)
    Region$$Table$$Base                      0x0004c7ac   Number         0  anon$$obj.o(Region$$Table)
    Region$$Table$$Limit                     0x0004c7cc   Number         0  anon$$obj.o(Region$$Table)
    __ctype                                  0x0004c7d9   Data           0  lc_ctype_c.o(locale$$data)
    sdh_ble_observers0$$Base                 0x0004c8dc   Number         0  ble_conn_state.o(sdh_ble_observers0)
    sdh_ble_observers0$$Limit                0x0004c8e4   Number         0  ble_conn_state.o(sdh_ble_observers0)
    sdh_ble_observers1$$Base                 0x0004c8e4   Number         0  ble_conn_params_rtt.o(sdh_ble_observers1)
    sdh_ble_observers1$$Limit                0x0004c8fc   Number         0  ble_app_uart.o(sdh_ble_observers1)
    sdh_ble_observers2$$Base                 0x0004c8fc   Number         0  ble_app_uart.o(sdh_ble_observers2)
    sdh_ble_observers2$$Limit                0x0004c90c   Number         0  ble_app_uart.o(sdh_ble_observers2)
    sdh_ble_observers3$$Base                 0x0004c90c   Number         0  ble_app_uart.o(sdh_ble_observers3)
    sdh_ble_observers3$$Limit                0x0004c914   Number         0  ble_app_uart.o(sdh_ble_observers3)
    sdh_stack_observers0$$Base               0x0004c91c   Number         0  nrf_sdh_ble_rtt.o(sdh_stack_observers0)
    sdh_stack_observers0$$Limit              0x0004c924   Number         0  nrf_sdh_ble_rtt.o(sdh_stack_observers0)
    sdh_state_observers0$$Base               0x0004c924   Number         0  nrf_drv_clock.o(sdh_state_observers0)
    sdh_state_observers0$$Limit              0x0004c92c   Number         0  nrf_drv_clock.o(sdh_state_observers0)
    Image$$RW_IRAM1$$Base                    0x20002ae8   Number         0  anon$$obj.o ABSOLUTE
    rt_interrupt_from_thread                 0x20002b48   Data           4  cpuport.o(.data)
    rt_interrupt_to_thread                   0x20002b4c   Data           4  cpuport.o(.data)
    rt_thread_switch_interrupt_flag          0x20002b50   Data           4  cpuport.o(.data)
    m_uart0_cfg                              0x20002b60   Data          28  drv_uart.o(.data)
    nor_flash0                               0x20002b94   Data          56  drv_qspi_flash.o(.data)
    filesystem_operation_table               0x20002c60   Data           8  dfs.o(.data)
    working_directory                        0x20002c68   Data         256  dfs.o(.data)
    _syscall_table_begin                     0x20002d74   Data           4  shell.o(.data)
    _syscall_table_end                       0x20002d78   Data           4  shell.o(.data)
    _sysvar_table_begin                      0x20002d7c   Data           4  shell.o(.data)
    _sysvar_table_end                        0x20002d80   Data           4  shell.o(.data)
    shell                                    0x20002d84   Data           4  shell.o(.data)
    rt_interrupt_nest                        0x20002d9c   Data           1  irq.o(.data)
    rt_assert_hook                           0x20002da8   Data           4  kservice.o(.data)
    rt_object_trytake_hook                   0x20002e64   Data           4  object.o(.data)
    rt_object_take_hook                      0x20002e68   Data           4  object.o(.data)
    rt_object_put_hook                       0x20002e6c   Data           4  object.o(.data)
    rt_thread_ready_priority_group           0x20002e70   Data           4  scheduler.o(.data)
    rt_current_thread                        0x20002e78   Data           4  scheduler.o(.data)
    rt_current_priority                      0x20002e7c   Data           1  scheduler.o(.data)
    rt_thread_defunct                        0x20002e80   Data           8  scheduler.o(.data)
    SystemCoreClock                          0x20002ed8   Data           4  system_nrf52840.o(.data)
    __aeabi_stdin                            0x20002f28   Data           4  stdio_streams.o(.data)
    __aeabi_stdout                           0x20002f2c   Data           4  stdio_streams.o(.data)
    __aeabi_stderr                           0x20002f30   Data           4  stdio_streams.o(.data)
    tsdb                                     0x20003008   Data         100  application.o(.bss)
    nrf5x_adc_device                         0x20003124   Data          84  drv_adc.o(.bss)
    results                                  0x20003178   Data         100  drv_adc.o(.bss)
    result_buff_cache                        0x200031dc   Data          16  drv_adc.o(.bss)
    filesystem_table                         0x200031ec   Data          32  dfs.o(.bss)
    rt_thread_priority_table                 0x2000360c   Data         256  scheduler.o(.bss)
    nrf_nvic_state                           0x20003af8   Data          12  app_util_platform.o(.bss)
    __stdin                                  0x2000483c   Data          84  stdio_streams.o(.bss)
    __stdout                                 0x20004890   Data          84  stdio_streams.o(.bss)
    __stderr                                 0x200048e4   Data          84  stdio_streams.o(.bss)
    __libspace_start                         0x20004938   Data          96  libspace.o(.bss)
    __temporary_stack_top$libspace           0x20004998   Data           0  libspace.o(.bss)
    Image$$RW_IRAM1$$ZI$$Limit               0x20008998   Number         0  anon$$obj.o ABSOLUTE



==============================================================================

Memory Map of the image

  Image Entry point : 0x00027201

  Load Region LR_IROM1 (Base: 0x00027000, Size: 0x00025d78, Max: 0x000d9000, ABSOLUTE, COMPRESSED[0x00025a14])

    Execution Region ER_IROM1 (Exec base: 0x00027000, Load base: 0x00027000, Size: 0x0002592c, Max: 0x000d9000, ABSOLUTE)

    Exec Addr    Load Addr    Size         Type   Attr      Idx    E Section Name        Object

    0x00027000   0x00027000   0x00000200   Data   RO          414    RESET               arm_startup_nrf52840.o
    0x00027200   0x00027200   0x00000008   Code   RO          577  * !!!main             c_w.l(__main.o)
    0x00027208   0x00027208   0x00000034   Code   RO          750    !!!scatter          c_w.l(__scatter.o)
    0x0002723c   0x0002723c   0x0000005a   Code   RO          749    !!dczerorl2         c_w.l(__dczerorl2.o)
    0x00027296   0x00027296   0x00000002   PAD
    0x00027298   0x00027298   0x0000001c   Code   RO          751    !!handler_zi        c_w.l(__scatter_zi.o)
    0x000272b4   0x000272b4   0x00000000   Code   RO          549    .ARM.Collect$$_printf_percent$$00000000  c_w.l(_printf_percent.o)
    0x000272b4   0x000272b4   0x00000006   Code   RO          548    .ARM.Collect$$_printf_percent$$00000014  c_w.l(_printf_s.o)
    0x000272ba   0x000272ba   0x00000004   Code   RO          588    .ARM.Collect$$_printf_percent$$00000017  c_w.l(_printf_percent_end.o)
    0x000272be   0x000272be   0x00000002   Code   RO          713    .ARM.Collect$$libinit$$00000000  c_w.l(libinit.o)
    0x000272c0   0x000272c0   0x00000004   Code   RO          631    .ARM.Collect$$libinit$$00000001  c_w.l(libinit2.o)
    0x000272c4   0x000272c4   0x00000000   Code   RO          634    .ARM.Collect$$libinit$$00000004  c_w.l(libinit2.o)
    0x000272c4   0x000272c4   0x00000000   Code   RO          637    .ARM.Collect$$libinit$$0000000A  c_w.l(libinit2.o)
    0x000272c4   0x000272c4   0x00000000   Code   RO          639    .ARM.Collect$$libinit$$0000000C  c_w.l(libinit2.o)
    0x000272c4   0x000272c4   0x00000000   Code   RO          641    .ARM.Collect$$libinit$$0000000E  c_w.l(libinit2.o)
    0x000272c4   0x000272c4   0x00000006   Code   RO          642    .ARM.Collect$$libinit$$0000000F  c_w.l(libinit2.o)
    0x000272ca   0x000272ca   0x00000000   Code   RO          644    .ARM.Collect$$libinit$$00000011  c_w.l(libinit2.o)
    0x000272ca   0x000272ca   0x0000000c   Code   RO          645    .ARM.Collect$$libinit$$00000012  c_w.l(libinit2.o)
    0x000272d6   0x000272d6   0x00000000   Code   RO          646    .ARM.Collect$$libinit$$00000013  c_w.l(libinit2.o)
    0x000272d6   0x000272d6   0x00000000   Code   RO          648    .ARM.Collect$$libinit$$00000015  c_w.l(libinit2.o)
    0x000272d6   0x000272d6   0x00000000   Code   RO          650    .ARM.Collect$$libinit$$00000017  c_w.l(libinit2.o)
    0x000272d6   0x000272d6   0x00000000   Code   RO          652    .ARM.Collect$$libinit$$00000019  c_w.l(libinit2.o)
    0x000272d6   0x000272d6   0x00000000   Code   RO          654    .ARM.Collect$$libinit$$0000001B  c_w.l(libinit2.o)
    0x000272d6   0x000272d6   0x00000000   Code   RO          656    .ARM.Collect$$libinit$$0000001D  c_w.l(libinit2.o)
    0x000272d6   0x000272d6   0x00000000   Code   RO          658    .ARM.Collect$$libinit$$0000001F  c_w.l(libinit2.o)
    0x000272d6   0x000272d6   0x00000000   Code   RO          660    .ARM.Collect$$libinit$$00000021  c_w.l(libinit2.o)
    0x000272d6   0x000272d6   0x00000000   Code   RO          662    .ARM.Collect$$libinit$$00000023  c_w.l(libinit2.o)
    0x000272d6   0x000272d6   0x00000004   Code   RO          663    .ARM.Collect$$libinit$$00000024  c_w.l(libinit2.o)
    0x000272da   0x000272da   0x00000000   Code   RO          664    .ARM.Collect$$libinit$$00000025  c_w.l(libinit2.o)
    0x000272da   0x000272da   0x00000000   Code   RO          668    .ARM.Collect$$libinit$$0000002C  c_w.l(libinit2.o)
    0x000272da   0x000272da   0x00000000   Code   RO          670    .ARM.Collect$$libinit$$0000002E  c_w.l(libinit2.o)
    0x000272da   0x000272da   0x00000000   Code   RO          672    .ARM.Collect$$libinit$$00000030  c_w.l(libinit2.o)
    0x000272da   0x000272da   0x00000000   Code   RO          674    .ARM.Collect$$libinit$$00000032  c_w.l(libinit2.o)
    0x000272da   0x000272da   0x00000002   Code   RO          675    .ARM.Collect$$libinit$$00000033  c_w.l(libinit2.o)
    0x000272dc   0x000272dc   0x00000002   Code   RO          746    .ARM.Collect$$libshutdown$$00000000  c_w.l(libshutdown.o)
    0x000272de   0x000272de   0x00000000   Code   RO          677    .ARM.Collect$$libshutdown$$00000002  c_w.l(libshutdown2.o)
    0x000272de   0x000272de   0x00000000   Code   RO          679    .ARM.Collect$$libshutdown$$00000004  c_w.l(libshutdown2.o)
    0x000272de   0x000272de   0x00000004   Code   RO          680    .ARM.Collect$$libshutdown$$00000005  c_w.l(libshutdown2.o)
    0x000272e2   0x000272e2   0x00000000   Code   RO          681    .ARM.Collect$$libshutdown$$00000006  c_w.l(libshutdown2.o)
    0x000272e2   0x000272e2   0x00000000   Code   RO          684    .ARM.Collect$$libshutdown$$00000009  c_w.l(libshutdown2.o)
    0x000272e2   0x000272e2   0x00000000   Code   RO          687    .ARM.Collect$$libshutdown$$0000000C  c_w.l(libshutdown2.o)
    0x000272e2   0x000272e2   0x00000000   Code   RO          689    .ARM.Collect$$libshutdown$$0000000E  c_w.l(libshutdown2.o)
    0x000272e2   0x000272e2   0x00000000   Code   RO          692    .ARM.Collect$$libshutdown$$00000011  c_w.l(libshutdown2.o)
    0x000272e2   0x000272e2   0x00000002   Code   RO          693    .ARM.Collect$$libshutdown$$00000012  c_w.l(libshutdown2.o)
    0x000272e4   0x000272e4   0x00000000   Code   RO          578    .ARM.Collect$$rtentry$$00000000  c_w.l(__rtentry.o)
    0x000272e4   0x000272e4   0x00000000   Code   RO          599    .ARM.Collect$$rtentry$$00000002  c_w.l(__rtentry2.o)
    0x000272e4   0x000272e4   0x00000006   Code   RO          611    .ARM.Collect$$rtentry$$00000004  c_w.l(__rtentry4.o)
    0x000272ea   0x000272ea   0x00000000   Code   RO          601    .ARM.Collect$$rtentry$$00000009  c_w.l(__rtentry2.o)
    0x000272ea   0x000272ea   0x00000004   Code   RO          602    .ARM.Collect$$rtentry$$0000000A  c_w.l(__rtentry2.o)
    0x000272ee   0x000272ee   0x00000000   Code   RO          604    .ARM.Collect$$rtentry$$0000000C  c_w.l(__rtentry2.o)
    0x000272ee   0x000272ee   0x00000008   Code   RO          605    .ARM.Collect$$rtentry$$0000000D  c_w.l(__rtentry2.o)
    0x000272f6   0x000272f6   0x00000002   Code   RO          715    .ARM.Collect$$rtexit$$00000000  c_w.l(rtexit.o)
    0x000272f8   0x000272f8   0x00000000   Code   RO          727    .ARM.Collect$$rtexit$$00000002  c_w.l(rtexit2.o)
    0x000272f8   0x000272f8   0x00000004   Code   RO          728    .ARM.Collect$$rtexit$$00000003  c_w.l(rtexit2.o)
    0x000272fc   0x000272fc   0x00000006   Code   RO          729    .ARM.Collect$$rtexit$$00000004  c_w.l(rtexit2.o)
    0x00027302   0x00027302   0x00000002   PAD
    0x00027304   0x00027304   0x000000e2   Code   RO          462    .emb_text           nrf_atomic.o
    0x000273e6   0x000273e6   0x00000002   PAD
    0x000273e8   0x000273e8   0x000001dc   Code   RO            4    .text               application.o
    0x000275c4   0x000275c4   0x0000060c   Code   RO           12    .text               cpuport.o
    0x00027bd0   0x00027bd0   0x00000134   Code   RO           15    .text               context_rvds.o
    0x00027d04   0x00027d04   0x000002a0   Code   RO           16    .text               pin.o
    0x00027fa4   0x00027fa4   0x000004ec   Code   RO           21    .text               adc.o
    0x00028490   0x00028490   0x00000098   Code   RO           26    .text               mtd_nor.o
    0x00028528   0x00028528   0x000009f4   Code   RO           28    .text               serial.o
    0x00028f1c   0x00028f1c   0x000001cc   Code   RO           32    .text               completion.o
    0x000290e8   0x000290e8   0x000005d0   Code   RO           41    .text               ringbuffer.o
    0x000296b8   0x000296b8   0x000001ac   Code   RO           43    .text               waitqueue.o
    0x00029864   0x00029864   0x0000010c   Code   RO           50    .text               board.o
    0x00029970   0x00029970   0x000002c0   Code   RO           55    .text               drv_uart.o
    0x00029c30   0x00029c30   0x000002b4   Code   RO           62    .text               drv_flash.o
    0x00029ee4   0x00029ee4   0x000002f0   Code   RO           67    .text               drv_qspi_flash.o
    0x0002a1d4   0x0002a1d4   0x000005c8   Code   RO           73    .text               drv_gpio.o
    0x0002a79c   0x0002a79c   0x00000558   Code   RO           82    .text               drv_adc.o
    0x0002acf4   0x0002acf4   0x00000128   Code   RO           91    .text               fal.o
    0x0002ae1c   0x0002ae1c   0x000001b8   Code   RO           97    .text               fal_flash.o
    0x0002afd4   0x0002afd4   0x0000083c   Code   RO          104    .text               fal_partition.o
    0x0002b810   0x0002b810   0x0000123c   Code   RO          112    .text               fal_rtt.o
    0x0002ca4c   0x0002ca4c   0x00000688   Code   RO          118    .text               dfs.o
    0x0002d0d4   0x0002d0d4   0x00000aa0   Code   RO          125    .text               dfs_file.o
    0x0002db74   0x0002db74   0x000007d8   Code   RO          129    .text               dfs_fs.o
    0x0002e34c   0x0002e34c   0x00000708   Code   RO          134    .text               dfs_posix.o
    0x0002ea54   0x0002ea54   0x000003a4   Code   RO          140    .text               devfs.o
    0x0002edf8   0x0002edf8   0x0000086c   Code   RO          143    .text               shell.o
    0x0002f664   0x0002f664   0x00000db4   Code   RO          148    .text               cmd.o
    0x00030418   0x00030418   0x00000558   Code   RO          153    .text               msh.o
    0x00030970   0x00030970   0x000008fc   Code   RO          157    .text               msh_file.o
    0x0003126c   0x0003126c   0x00000360   Code   RO          163    .text               fdb.o
    0x000315cc   0x000315cc   0x00000ea8   Code   RO          184    .text               fdb_tsdb.o
    0x00032474   0x00032474   0x00000320   Code   RO          190    .text               fdb_utils.o
    0x00032794   0x00032794   0x00000320   Code   RO          210    .text               tsdb_sample.o
    0x00032ab4   0x00032ab4   0x00000090   Code   RO          213    .text               clock.o
    0x00032b44   0x00032b44   0x000000d4   Code   RO          215    .text               components.o
    0x00032c18   0x00032c18   0x0000056e   Code   RO          221    .text               device.o
    0x00033186   0x00033186   0x00000002   PAD
    0x00033188   0x00033188   0x000001fc   Code   RO          223    .text               idle.o
    0x00033384   0x00033384   0x00001e6c   Code   RO          226    .text               ipc.o
    0x000351f0   0x000351f0   0x0000008c   Code   RO          229    .text               irq.o
    0x0003527c   0x0003527c   0x00000ad4   Code   RO          231    .text               kservice.o
    0x00035d50   0x00035d50   0x000008c4   Code   RO          235    .text               mem.o
    0x00036614   0x00036614   0x00000434   Code   RO          245    .text               object.o
    0x00036a48   0x00036a48   0x000003c8   Code   RO          248    .text               scheduler.o
    0x00036e10   0x00036e10   0x000008ec   Code   RO          252    .text               thread.o
    0x000376fc   0x000376fc   0x000007d4   Code   RO          256    .text               timer.o
    0x00037ed0   0x00037ed0   0x00000016   Code   RO          260    .text               libc.o
    0x00037ee6   0x00037ee6   0x00000038   Code   RO          262    .text               mem_std.o
    0x00037f1e   0x00037f1e   0x00000002   PAD
    0x00037f20   0x00037f20   0x000000d4   Code   RO          263    .text               stdio.o
    0x00037ff4   0x00037ff4   0x000001d0   Code   RO          265    .text               stubs.o
    0x000381c4   0x000381c4   0x000003e0   Code   RO          267    .text               time.o
    0x000385a4   0x000385a4   0x00000c64   Code   RO          271    .text               dfs_lfs.o
    0x00039208   0x00039208   0x000048c8   Code   RO          277    .text               lfs.o
    0x0003dad0   0x0003dad0   0x0000003c   Code   RO          282    .text               lfs_crc.o
    0x0003db0c   0x0003db0c   0x00001cfc   Code   RO          290    .text               nrfx_clock.o
    0x0003f808   0x0003f808   0x00000b54   Code   RO          304    .text               nrfx_gpiote.o
    0x0004035c   0x0004035c   0x0000030c   Code   RO          322    .text               nrfx_nvmc.o
    0x00040668   0x00040668   0x000006b8   Code   RO          342    .text               nrfx_qspi.o
    0x00040d20   0x00040d20   0x000003fc   Code   RO          351    .text               nrfx_rtc.o
    0x0004111c   0x0004111c   0x00000b34   Code   RO          356    .text               nrfx_saadc.o
    0x00041c50   0x00041c50   0x00000864   Code   RO          393    .text               nrfx_uart.o
    0x000424b4   0x000424b4   0x00001c70   Code   RO          410    .text               system_nrf52840.o
    0x00044124   0x00044124   0x00000040   Code   RO          415    .text               arm_startup_nrf52840.o
    0x00044164   0x00044164   0x00000388   Code   RO          419    .text               nrf_sdh.o
    0x000444ec   0x000444ec   0x0000038c   Code   RO          425    .text               nrf_drv_clock.o
    0x00044878   0x00044878   0x0000005c   Code   RO          433    .text               app_error_weak.o
    0x000448d4   0x000448d4   0x00000070   Code   RO          437    .text               nrf_section_iter.o
    0x00044944   0x00044944   0x00000140   Code   RO          441    .text               app_util_platform.o
    0x00044a84   0x00044a84   0x000000a4   Code   RO          447    .text               app_error.o
    0x00044b28   0x00044b28   0x0000005c   Code   RO          452    .text               nrf_strerror.o
    0x00044b84   0x00044b84   0x0000019c   Code   RO          458    .text               nrf_atflags.o
    0x00044d20   0x00044d20   0x00000180   Code   RO          463    .text               nrf_atomic.o
    0x00044ea0   0x00044ea0   0x000003a0   Code   RO          468    .text               nrf_sdh_ble_rtt.o
    0x00045240   0x00045240   0x00000418   Code   RO          476    .text               ble_conn_params_rtt.o
    0x00045658   0x00045658   0x000003c2   Code   RO          483    .text               ble_srv_common.o
    0x00045a1a   0x00045a1a   0x00000002   PAD
    0x00045a1c   0x00045a1c   0x00000428   Code   RO          487    .text               ble_conn_state.o
    0x00045e44   0x00045e44   0x000006e2   Code   RO          493    .text               ble_advertising.o
    0x00046526   0x00046526   0x00000002   PAD
    0x00046528   0x00046528   0x000003b0   Code   RO          497    .text               nrf_ble_gatt.o
    0x000468d8   0x000468d8   0x00000186   Code   RO          502    .text               nrf_ble_qwr.o
    0x00046a5e   0x00046a5e   0x0000006c   Code   RO          506    .text               ble_link_ctx_manager.o
    0x00046aca   0x00046aca   0x00000002   PAD
    0x00046acc   0x00046acc   0x00000314   Code   RO          510    .text               ble_nus.o
    0x00046de0   0x00046de0   0x000008a0   Code   RO          515    .text               ble_advdata.o
    0x00047680   0x00047680   0x00000690   Code   RO          519    .text               ble_app_uart.o
    0x00047d10   0x00047d10   0x00000002   Code   RO          529    .text               c_w.l(use_no_semi.o)
    0x00047d12   0x00047d12   0x00000004   Code   RO          530    .text               c_w.l(hguard.o)
    0x00047d16   0x00047d16   0x00000048   Code   RO          531    .text               c_w.l(llsdiv.o)
    0x00047d5e   0x00047d5e   0x00000002   PAD
    0x00047d60   0x00047d60   0x00000034   Code   RO          533    .text               c_w.l(noretval__2snprintf.o)
    0x00047d94   0x00047d94   0x00000068   Code   RO          534    .text               c_w.l(__printf.o)
    0x00047dfc   0x00047dfc   0x00000052   Code   RO          535    .text               c_w.l(_printf_str.o)
    0x00047e4e   0x00047e4e   0x0000001a   Code   RO          550    .text               c_w.l(atoi.o)
    0x00047e68   0x00047e68   0x00000070   Code   RO          551    .text               c_w.l(strtol.o)
    0x00047ed8   0x00047ed8   0x00000004   Code   RO          552    .text               c_w.l(getc.o)
    0x00047edc   0x00047edc   0x00000014   Code   RO          559    .text               c_w.l(strchr.o)
    0x00047ef0   0x00047ef0   0x00000020   Code   RO          560    .text               c_w.l(strcspn.o)
    0x00047f10   0x00047f10   0x0000001c   Code   RO          561    .text               c_w.l(strspn.o)
    0x00047f2c   0x00047f2c   0x00000024   Code   RO          562    .text               c_w.l(strstr.o)
    0x00047f50   0x00047f50   0x00000058   Code   RO          563    .text               c_w.l(memcmp.o)
    0x00047fa8   0x00047fa8   0x00000048   Code   RO          564    .text               c_w.l(strcpy.o)
    0x00047ff0   0x00047ff0   0x00000016   Code   RO          565    .text               c_w.l(strrchr.o)
    0x00048006   0x00048006   0x0000003e   Code   RO          566    .text               c_w.l(strlen.o)
    0x00048044   0x00048044   0x00000096   Code   RO          567    .text               c_w.l(strncmp.o)
    0x000480da   0x000480da   0x00000018   Code   RO          568    .text               c_w.l(strcat.o)
    0x000480f2   0x000480f2   0x0000008a   Code   RO          569    .text               c_w.l(rt_memcpy_v6.o)
    0x0004817c   0x0004817c   0x00000064   Code   RO          570    .text               c_w.l(rt_memcpy_w.o)
    0x000481e0   0x000481e0   0x00000010   Code   RO          571    .text               c_w.l(aeabi_memset.o)
    0x000481f0   0x000481f0   0x00000044   Code   RO          572    .text               c_w.l(rt_memclr.o)
    0x00048234   0x00048234   0x0000004e   Code   RO          573    .text               c_w.l(rt_memclr_w.o)
    0x00048282   0x00048282   0x00000056   Code   RO          574    .text               c_w.l(strncpy.o)
    0x000482d8   0x000482d8   0x00000080   Code   RO          575    .text               c_w.l(strcmpv7m.o)
    0x00048358   0x00048358   0x00000006   Code   RO          576    .text               c_w.l(heapauxi.o)
    0x0004835e   0x0004835e   0x00000002   PAD
    0x00048360   0x00048360   0x00000010   Code   RO          579    .text               c_w.l(rt_ctype_table.o)
    0x00048370   0x00048370   0x00000008   Code   RO          582    .text               c_w.l(rt_errno_addr_intlibspace.o)
    0x00048378   0x00048378   0x000000ee   Code   RO          583    .text               c_w.l(lludivv7m.o)
    0x00048466   0x00048466   0x00000002   PAD
    0x00048468   0x00048468   0x00000030   Code   RO          584    .text               c_w.l(_printf_char_common.o)
    0x00048498   0x00048498   0x0000000a   Code   RO          585    .text               c_w.l(_sputc.o)
    0x000484a2   0x000484a2   0x00000010   Code   RO          586    .text               c_w.l(_snputc.o)
    0x000484b2   0x000484b2   0x0000002c   Code   RO          587    .text               c_w.l(_printf_char.o)
    0x000484de   0x000484de   0x0000009e   Code   RO          589    .text               c_w.l(_strtoul.o)
    0x0004857c   0x0004857c   0x00000138   Code   RO          592    .text               c_w.l(initio.o)
    0x000486b4   0x000486b4   0x00000008   Code   RO          595    .text               c_w.l(libspace.o)
    0x000486bc   0x000486bc   0x00000008   Code   RO          617    .text               c_w.l(rt_locale_intlibspace.o)
    0x000486c4   0x000486c4   0x0000001c   Code   RO          619    .text               c_w.l(_chval.o)
    0x000486e0   0x000486e0   0x0000023a   Code   RO          620    .text               c_w.l(filbuf.o)
    0x0004891a   0x0004891a   0x00000046   Code   RO          621    .text               c_w.l(setvbuf.o)
    0x00048960   0x00048960   0x000000ec   Code   RO          623    .text               c_w.l(fopen.o)
    0x00048a4c   0x00048a4c   0x0000004c   Code   RO          624    .text               c_w.l(fclose.o)
    0x00048a98   0x00048a98   0x0000000e   Code   RO          629    .text               c_w.l(defsig_rtred_outer.o)
    0x00048aa6   0x00048aa6   0x0000004a   Code   RO          695    .text               c_w.l(sys_stackheap_outer.o)
    0x00048af0   0x00048af0   0x000000f8   Code   RO          698    .text               c_w.l(fseek.o)
    0x00048be8   0x00048be8   0x000000f0   Code   RO          699    .text               c_w.l(stdio.o)
    0x00048cd8   0x00048cd8   0x00000038   Code   RO          702    .text               c_w.l(flushlinebuffered.o)
    0x00048d10   0x00048d10   0x00000012   Code   RO          706    .text               c_w.l(exit.o)
    0x00048d22   0x00048d22   0x0000000a   Code   RO          707    .text               c_w.l(defsig_exit.o)
    0x00048d2c   0x00048d2c   0x00000034   Code   RO          708    .text               c_w.l(defsig_rtred_inner.o)
    0x00048d60   0x00048d60   0x00000064   Code   RO          717    .text               c_w.l(fflush.o)
    0x00048dc4   0x00048dc4   0x00000042   Code   RO          718    .text               c_w.l(ftell.o)
    0x00048e06   0x00048e06   0x00000032   Code   RO          721    .text               c_w.l(defsig_general.o)
    0x00048e38   0x00048e38   0x00000030   Code   RO          281    i.__ARM_pop         lfs.o
    0x00048e68   0x00048e68   0x00000018   Code   RO          591    i.fgetc             c_w.l(fgetc.o)
    0x00048e80   0x00048e80   0x0000002c   Code   RO          628    locale$$code        c_w.l(lc_ctype_c.o)
    0x00048eac   0x00048eac   0x0000000a   Code   RO          714    x$fpl$fpinit        fz_wm.l(fpinit.o)
    0x00048eb6   0x00048eb6   0x00000013   Data   RO           13    .constdata          cpuport.o
    0x00048ec9   0x00048ec9   0x00000088   Data   RO           18    .constdata          pin.o
    0x00048f51   0x00048f51   0x0000003c   Data   RO           22    .constdata          adc.o
    0x00048f8d   0x00048f8d   0x0000001b   Data   RO           27    .constdata          mtd_nor.o
    0x00048fa8   0x00048fa8   0x00000127   Data   RO           29    .constdata          serial.o
    0x000490cf   0x000490cf   0x00000039   Data   RO           33    .constdata          completion.o
    0x00049108   0x00049108   0x000000e9   Data   RO           42    .constdata          ringbuffer.o
    0x000491f1   0x000491f1   0x0000000f   Data   RO           44    .constdata          waitqueue.o
    0x00049200   0x00049200   0x00000054   Data   RO           57    .constdata          drv_uart.o
    0x00049254   0x00049254   0x00000038   Data   RO           63    .constdata          drv_flash.o
    0x0004928c   0x0004928c   0x0000001c   Data   RO           68    .constdata          drv_qspi_flash.o
    0x000492a8   0x000492a8   0x00000267   Data   RO           74    .constdata          drv_gpio.o
    0x0004950f   0x0004950f   0x00000001   PAD
    0x00049510   0x00049510   0x00000044   Data   RO           84    .constdata          drv_adc.o
    0x00049554   0x00049554   0x00000009   Data   RO           92    .constdata          fal.o
    0x0004955d   0x0004955d   0x00000003   PAD
    0x00049560   0x00049560   0x0000002d   Data   RO           98    .constdata          fal_flash.o
    0x0004958d   0x0004958d   0x00000096   Data   RO          105    .constdata          fal_partition.o
    0x00049623   0x00049623   0x00000001   PAD
    0x00049624   0x00049624   0x0000013c   Data   RO          113    .constdata          fal_rtt.o
    0x00049760   0x00049760   0x00000023   Data   RO          120    .constdata          dfs.o
    0x00049783   0x00049783   0x00000001   PAD
    0x00049784   0x00049784   0x00000040   Data   RO          130    .constdata          dfs_fs.o
    0x000497c4   0x000497c4   0x000000c5   Data   RO          141    .constdata          devfs.o
    0x00049889   0x00049889   0x0000004a   Data   RO          145    .constdata          shell.o
    0x000498d3   0x000498d3   0x00000001   PAD
    0x000498d4   0x000498d4   0x0000005c   Data   RO          149    .constdata          cmd.o
    0x00049930   0x00049930   0x0000000e   Data   RO          154    .constdata          msh.o
    0x0004993e   0x0004993e   0x0000000d   Data   RO          164    .constdata          fdb.o
    0x0004994b   0x0004994b   0x00000049   Data   RO          185    .constdata          fdb_tsdb.o
    0x00049994   0x00049994   0x00000423   Data   RO          191    .constdata          fdb_utils.o
    0x00049db7   0x00049db7   0x00000001   PAD
    0x00049db8   0x00049db8   0x00000058   Data   RO          211    .constdata          tsdb_sample.o
    0x00049e10   0x00049e10   0x00000014   Data   RO          216    .constdata          components.o
    0x00049e24   0x00049e24   0x000000d8   Data   RO          222    .constdata          device.o
    0x00049efc   0x00049efc   0x00000016   Data   RO          225    .constdata          idle.o
    0x00049f12   0x00049f12   0x000001fc   Data   RO          227    .constdata          ipc.o
    0x0004a10e   0x0004a10e   0x00000122   Data   RO          233    .constdata          kservice.o
    0x0004a230   0x0004a230   0x0000003c   Data   RO          237    .constdata          mem.o
    0x0004a26c   0x0004a26c   0x00000080   Data   RO          246    .constdata          object.o
    0x0004a2ec   0x0004a2ec   0x0000004e   Data   RO          250    .constdata          scheduler.o
    0x0004a33a   0x0004a33a   0x000000cf   Data   RO          253    .constdata          thread.o
    0x0004a409   0x0004a409   0x0000005c   Data   RO          258    .constdata          timer.o
    0x0004a465   0x0004a465   0x0000001b   Data   RO          266    .constdata          stubs.o
    0x0004a480   0x0004a480   0x00000075   Data   RO          269    .constdata          time.o
    0x0004a4f5   0x0004a4f5   0x00000003   PAD
    0x0004a4f8   0x0004a4f8   0x00000136   Data   RO          273    .constdata          dfs_lfs.o
    0x0004a62e   0x0004a62e   0x00000002   PAD
    0x0004a630   0x0004a630   0x0000022c   Data   RO          278    .constdata          lfs.o
    0x0004a85c   0x0004a85c   0x00000040   Data   RO          283    .constdata          lfs_crc.o
    0x0004a89c   0x0004a89c   0x00000008   Data   RO          306    .constdata          nrfx_gpiote.o
    0x0004a8a4   0x0004a8a4   0x00000006   Data   RO          344    .constdata          nrfx_qspi.o
    0x0004a8aa   0x0004a8aa   0x00000002   PAD
    0x0004a8ac   0x0004a8ac   0x00000058   Data   RO          420    .constdata          nrf_sdh.o
    0x0004a904   0x0004a904   0x0000013c   Data   RO          453    .constdata          nrf_strerror.o
    0x0004aa40   0x0004aa40   0x00000030   Data   RO          469    .constdata          nrf_sdh_ble_rtt.o
    0x0004aa70   0x0004aa70   0x00000016   Data   RO          498    .constdata          nrf_ble_gatt.o
    0x0004aa86   0x0004aa86   0x00000002   PAD
    0x0004aa88   0x0004aa88   0x00000010   Data   RO          511    .constdata          ble_nus.o
    0x0004aa98   0x0004aa98   0x0000003f   Data   RO            6    .conststring        application.o
    0x0004aad7   0x0004aad7   0x00000001   PAD
    0x0004aad8   0x0004aad8   0x00000063   Data   RO           30    .conststring        serial.o
    0x0004ab3b   0x0004ab3b   0x00000001   PAD
    0x0004ab3c   0x0004ab3c   0x00000052   Data   RO           51    .conststring        board.o
    0x0004ab8e   0x0004ab8e   0x00000002   PAD
    0x0004ab90   0x0004ab90   0x0000005b   Data   RO           99    .conststring        fal_flash.o
    0x0004abeb   0x0004abeb   0x00000001   PAD
    0x0004abec   0x0004abec   0x00000132   Data   RO          106    .conststring        fal_partition.o
    0x0004ad1e   0x0004ad1e   0x00000002   PAD
    0x0004ad20   0x0004ad20   0x000002a2   Data   RO          114    .conststring        fal_rtt.o
    0x0004afc2   0x0004afc2   0x00000002   PAD
    0x0004afc4   0x0004afc4   0x0000000b   Data   RO          131    .conststring        dfs_fs.o
    0x0004afcf   0x0004afcf   0x00000001   PAD
    0x0004afd0   0x0004afd0   0x00000006   Data   RO          142    .conststring        devfs.o
    0x0004afd6   0x0004afd6   0x00000002   PAD
    0x0004afd8   0x0004afd8   0x00000189   Data   RO          150    .conststring        cmd.o
    0x0004b161   0x0004b161   0x00000003   PAD
    0x0004b164   0x0004b164   0x00000047   Data   RO          165    .conststring        fdb.o
    0x0004b1ab   0x0004b1ab   0x00000001   PAD
    0x0004b1ac   0x0004b1ac   0x0000012b   Data   RO          186    .conststring        fdb_tsdb.o
    0x0004b2d7   0x0004b2d7   0x00000001   PAD
    0x0004b2d8   0x0004b2d8   0x00000041   Data   RO          212    .conststring        tsdb_sample.o
    0x0004b319   0x0004b319   0x00000003   PAD
    0x0004b31c   0x0004b31c   0x0000015a   Data   RO          228    .conststring        ipc.o
    0x0004b476   0x0004b476   0x00000002   PAD
    0x0004b478   0x0004b478   0x000000eb   Data   RO          238    .conststring        mem.o
    0x0004b563   0x0004b563   0x00000001   PAD
    0x0004b564   0x0004b564   0x00000042   Data   RO          254    .conststring        thread.o
    0x0004b5a6   0x0004b5a6   0x00000002   PAD
    0x0004b5a8   0x0004b5a8   0x00000004   Data   RO          274    .conststring        dfs_lfs.o
    0x0004b5ac   0x0004b5ac   0x000000a9   Data   RO          279    .conststring        lfs.o
    0x0004b655   0x0004b655   0x00000003   PAD
    0x0004b658   0x0004b658   0x000003eb   Data   RO          454    .conststring        nrf_strerror.o
    0x0004ba43   0x0004ba43   0x00000001   PAD
    0x0004ba44   0x0004ba44   0x00000192   Data   RO          470    .conststring        nrf_sdh_ble_rtt.o
    0x0004bbd6   0x0004bbd6   0x00000091   Data   RO           19    .rodata.name        pin.o
    0x0004bc67   0x0004bc67   0x00000017   Data   RO           24    .rodata.name        adc.o
    0x0004bc7e   0x0004bc7e   0x0000001e   Data   RO           76    .rodata.name        drv_gpio.o
    0x0004bc9c   0x0004bc9c   0x00000020   Data   RO           85    .rodata.name        drv_adc.o
    0x0004bcbc   0x0004bcbc   0x00000031   Data   RO          116    .rodata.name        fal_rtt.o
    0x0004bced   0x0004bced   0x00000023   Data   RO          122    .rodata.name        dfs.o
    0x0004bd10   0x0004bd10   0x0000005f   Data   RO          127    .rodata.name        dfs_file.o
    0x0004bd6f   0x0004bd6f   0x00000029   Data   RO          132    .rodata.name        dfs_fs.o
    0x0004bd98   0x0004bd98   0x0000003d   Data   RO          135    .rodata.name        dfs_posix.o
    0x0004bdd5   0x0004bdd5   0x00000375   Data   RO          151    .rodata.name        cmd.o
    0x0004c14a   0x0004c14a   0x00000076   Data   RO          155    .rodata.name        msh.o
    0x0004c1c0   0x0004c1c0   0x00000190   Data   RO          158    .rodata.name        msh_file.o
    0x0004c350   0x0004c350   0x00000027   Data   RO          240    .rodata.name        mem.o
    0x0004c377   0x0004c377   0x00000020   Data   RO          522    .rodata.name        ble_app_uart.o
    0x0004c397   0x0004c397   0x00000001   PAD
    0x0004c398   0x0004c398   0x00000004   Data   RO          217    .rti_fn.0           components.o
    0x0004c39c   0x0004c39c   0x00000004   Data   RO          218    .rti_fn.0.end       components.o
    0x0004c3a0   0x0004c3a0   0x00000004   Data   RO           77    .rti_fn.1           drv_gpio.o
    0x0004c3a4   0x0004c3a4   0x00000004   Data   RO           86    .rti_fn.1           drv_adc.o
    0x0004c3a8   0x0004c3a8   0x00000004   Data   RO          219    .rti_fn.1.end       components.o
    0x0004c3ac   0x0004c3ac   0x00000004   Data   RO          123    .rti_fn.2           dfs.o
    0x0004c3b0   0x0004c3b0   0x00000004   Data   RO          261    .rti_fn.4           libc.o
    0x0004c3b4   0x0004c3b4   0x00000004   Data   RO          276    .rti_fn.4           dfs_lfs.o
    0x0004c3b8   0x0004c3b8   0x00000004   Data   RO          147    .rti_fn.6           shell.o
    0x0004c3bc   0x0004c3bc   0x00000004   Data   RO          220    .rti_fn.6.end       components.o
    0x0004c3c0   0x0004c3c0   0x00000030   Data   RO           20    FSymTab             pin.o
    0x0004c3f0   0x0004c3f0   0x0000000c   Data   RO           25    FSymTab             adc.o
    0x0004c3fc   0x0004c3fc   0x0000000c   Data   RO           78    FSymTab             drv_gpio.o
    0x0004c408   0x0004c408   0x0000000c   Data   RO           87    FSymTab             drv_adc.o
    0x0004c414   0x0004c414   0x0000000c   Data   RO          117    FSymTab             fal_rtt.o
    0x0004c420   0x0004c420   0x0000000c   Data   RO          124    FSymTab             dfs.o
    0x0004c42c   0x0004c42c   0x00000030   Data   RO          128    FSymTab             dfs_file.o
    0x0004c45c   0x0004c45c   0x00000018   Data   RO          133    FSymTab             dfs_fs.o
    0x0004c474   0x0004c474   0x00000018   Data   RO          136    FSymTab             dfs_posix.o
    0x0004c48c   0x0004c48c   0x00000120   Data   RO          152    FSymTab             cmd.o
    0x0004c5ac   0x0004c5ac   0x00000024   Data   RO          156    FSymTab             msh.o
    0x0004c5d0   0x0004c5d0   0x00000084   Data   RO          159    FSymTab             msh_file.o
    0x0004c654   0x0004c654   0x0000000c   Data   RO          241    FSymTab             mem.o
    0x0004c660   0x0004c660   0x0000000c   Data   RO          523    FSymTab             ble_app_uart.o
    0x0004c66c   0x0004c66c   0x00000140   Data   RO          108    FalPartTable        fal_partition.o
    0x0004c7ac   0x0004c7ac   0x00000020   Data   RO          747    Region$$Table       anon$$obj.o
    0x0004c7cc   0x0004c7cc   0x00000110   Data   RO          627    locale$$data        c_w.l(lc_ctype_c.o)
    0x0004c8dc   0x0004c8dc   0x00000008   Data   RO          489    sdh_ble_observers0  ble_conn_state.o
    0x0004c8e4   0x0004c8e4   0x00000008   Data   RO          479    sdh_ble_observers1  ble_conn_params_rtt.o
    0x0004c8ec   0x0004c8ec   0x00000010   Data   RO          524    sdh_ble_observers1  ble_app_uart.o
    0x0004c8fc   0x0004c8fc   0x00000010   Data   RO          525    sdh_ble_observers2  ble_app_uart.o
    0x0004c90c   0x0004c90c   0x00000008   Data   RO          526    sdh_ble_observers3  ble_app_uart.o
    0x0004c914   0x0004c914   0x00000008   Data   RO          428    sdh_soc_observers0  nrf_drv_clock.o
    0x0004c91c   0x0004c91c   0x00000008   Data   RO          472    sdh_stack_observers0  nrf_sdh_ble_rtt.o
    0x0004c924   0x0004c924   0x00000008   Data   RO          429    sdh_state_observers0  nrf_drv_clock.o


    Execution Region RW_IRAM1 (Exec base: 0x20002ae8, Load base: 0x0004c92c, Size: 0x00005eb0, Max: 0x0003d518, ABSOLUTE, COMPRESSED[0x000000e8])

    Exec Addr    Load Addr    Size         Type   Attr      Idx    E Section Name        Object

    0x20002ae8   COMPRESSED   0x00000060   Data   RW            7    .data               application.o
    0x20002b48   COMPRESSED   0x00000010   Data   RW           14    .data               cpuport.o
    0x20002b58   COMPRESSED   0x00000004   Data   RW           23    .data               adc.o
    0x20002b5c   COMPRESSED   0x00000004   Data   RW           31    .data               serial.o
    0x20002b60   COMPRESSED   0x00000030   Data   RW           58    .data               drv_uart.o
    0x20002b90   COMPRESSED   0x0000003c   Data   RW           69    .data               drv_qspi_flash.o
    0x20002bcc   COMPRESSED   0x0000007c   Data   RW           75    .data               drv_gpio.o
    0x20002c48   COMPRESSED   0x00000001   Data   RW           93    .data               fal.o
    0x20002c49   COMPRESSED   0x00000001   Data   RW          100    .data               fal_flash.o
    0x20002c4a   COMPRESSED   0x00000002   PAD
    0x20002c4c   COMPRESSED   0x0000000c   Data   RW          107    .data               fal_partition.o
    0x20002c58   COMPRESSED   0x00000008   Data   RW          115    .data               fal_rtt.o
    0x20002c60   COMPRESSED   0x00000114   Data   RW          121    .data               dfs.o
    0x20002d74   COMPRESSED   0x00000018   Data   RW          146    .data               shell.o
    0x20002d8c   COMPRESSED   0x00000001   Data   RW          166    .data               fdb.o
    0x20002d8d   COMPRESSED   0x00000003   PAD
    0x20002d90   COMPRESSED   0x00000004   Data   RW          214    .data               clock.o
    0x20002d94   COMPRESSED   0x00000009   Data   RW          230    .data               irq.o
    0x20002d9d   COMPRESSED   0x00000003   PAD
    0x20002da0   COMPRESSED   0x0000000c   Data   RW          234    .data               kservice.o
    0x20002dac   COMPRESSED   0x00000020   Data   RW          239    .data               mem.o
    0x20002dcc   COMPRESSED   0x000000a4   Data   RW          247    .data               object.o
    0x20002e70   COMPRESSED   0x0000001c   Data   RW          251    .data               scheduler.o
    0x20002e8c   COMPRESSED   0x0000000c   Data   RW          255    .data               thread.o
    0x20002e98   COMPRESSED   0x00000020   Data   RW          259    .data               timer.o
    0x20002eb8   COMPRESSED   0x00000004   Data   RW          264    .data               stdio.o
    0x20002ebc   COMPRESSED   0x00000004   Data   RW          275    .data               dfs_lfs.o
    0x20002ec0   COMPRESSED   0x00000008   Data   RW          291    .data               nrfx_clock.o
    0x20002ec8   COMPRESSED   0x00000008   Data   RW          323    .data               nrfx_nvmc.o
    0x20002ed0   COMPRESSED   0x00000007   Data   RW          352    .data               nrfx_rtc.o
    0x20002ed7   COMPRESSED   0x00000001   PAD
    0x20002ed8   COMPRESSED   0x00000004   Data   RW          411    .data               system_nrf52840.o
    0x20002edc   COMPRESSED   0x00000003   Data   RW          421    .data               nrf_sdh.o
    0x20002edf   COMPRESSED   0x00000001   PAD
    0x20002ee0   COMPRESSED   0x00000004   Data   RW          443    .data               app_util_platform.o
    0x20002ee4   COMPRESSED   0x00000001   Data   RW          471    .data               nrf_sdh_ble_rtt.o
    0x20002ee5   COMPRESSED   0x00000001   PAD
    0x20002ee6   COMPRESSED   0x00000008   Data   RW          478    .data               ble_conn_params_rtt.o
    0x20002eee   COMPRESSED   0x00000002   PAD
    0x20002ef0   COMPRESSED   0x00000038   Data   RW          521    .data               ble_app_uart.o
    0x20002f28   COMPRESSED   0x00000004   Data   RW          556    .data               c_w.l(stdio_streams.o)
    0x20002f2c   COMPRESSED   0x00000004   Data   RW          557    .data               c_w.l(stdio_streams.o)
    0x20002f30   COMPRESSED   0x00000004   Data   RW          558    .data               c_w.l(stdio_streams.o)
    0x20002f34        -       0x00000138   Zero   RW            5    .bss                application.o
    0x2000306c        -       0x00000054   Zero   RW           17    .bss                pin.o
    0x200030c0        -       0x00000064   Zero   RW           56    .bss                drv_uart.o
    0x20003124        -       0x000000c8   Zero   RW           83    .bss                drv_adc.o
    0x200031ec        -       0x00000044   Zero   RW          119    .bss                dfs.o
    0x20003230        -       0x00000128   Zero   RW          126    .bss                dfs_file.o
    0x20003358        -       0x00000081   Zero   RW          144    .bss                shell.o
    0x200033d9   COMPRESSED   0x00000003   PAD
    0x200033dc        -       0x00000190   Zero   RW          224    .bss                idle.o
    0x2000356c        -       0x00000080   Zero   RW          232    .bss                kservice.o
    0x200035ec        -       0x00000020   Zero   RW          236    .bss                mem.o
    0x2000360c        -       0x00000100   Zero   RW          249    .bss                scheduler.o
    0x2000370c        -       0x00000280   Zero   RW          257    .bss                timer.o
    0x2000398c        -       0x00000071   Zero   RW          268    .bss                time.o
    0x200039fd   COMPRESSED   0x00000003   PAD
    0x20003a00        -       0x00000024   Zero   RW          272    .bss                dfs_lfs.o
    0x20003a24        -       0x0000005c   Zero   RW          305    .bss                nrfx_gpiote.o
    0x20003a80        -       0x0000000c   Zero   RW          343    .bss                nrfx_qspi.o
    0x20003a8c        -       0x0000002c   Zero   RW          357    .bss                nrfx_saadc.o
    0x20003ab8        -       0x0000002c   Zero   RW          394    .bss                nrfx_uart.o
    0x20003ae4        -       0x00000014   Zero   RW          426    .bss                nrf_drv_clock.o
    0x20003af8        -       0x0000000c   Zero   RW          442    .bss                app_util_platform.o
    0x20003b04        -       0x00000020   Zero   RW          448    .bss                app_error.o
    0x20003b24        -       0x00000030   Zero   RW          477    .bss                ble_conn_params_rtt.o
    0x20003b54        -       0x0000007c   Zero   RW          488    .bss                ble_conn_state.o
    0x20003bd0        -       0x00000c6c   Zero   RW          520    .bss                ble_app_uart.o
    0x2000483c        -       0x00000054   Zero   RW          553    .bss                c_w.l(stdio_streams.o)
    0x20004890        -       0x00000054   Zero   RW          554    .bss                c_w.l(stdio_streams.o)
    0x200048e4        -       0x00000054   Zero   RW          555    .bss                c_w.l(stdio_streams.o)
    0x20004938        -       0x00000060   Zero   RW          596    .bss                c_w.l(libspace.o)
    0x20004998        -       0x00002000   Zero   RW          413    HEAP                arm_startup_nrf52840.o
    0x20006998        -       0x00002000   Zero   RW          412    STACK               arm_startup_nrf52840.o


==============================================================================

Image component sizes


      Code (inc. data)   RO Data    RW Data    ZI Data      Debug   Object Name

      1260        536         95          4          0          0   adc.o
       164          4          0          0         32          0   app_error.o
        92         10          0          0          0          0   app_error_weak.o
       320         24          0          4         12          0   app_util_platform.o
       476        270         63         96        312          0   application.o
        64         26        512          0      16384          0   arm_startup_nrf52840.o
      2208          0          0          0          0          0   ble_advdata.o
      1762          6          0          0          0          0   ble_advertising.o
      1680        286         84         56       3180          0   ble_app_uart.o
      1048         36          8          8         48          0   ble_conn_params_rtt.o
      1064         10          8          0        124          0   ble_conn_state.o
       108          0          0          0          0          0   ble_link_ctx_manager.o
       788          6         16          0          0          0   ble_nus.o
       962          6          0          0          0          0   ble_srv_common.o
       268         76         82          0          0          0   board.o
       144          4          0          4          0          0   clock.o
      3508       1224       1658          0          0          0   cmd.o
       460        128         57          0          0          0   completion.o
       212         42         36          0          0          0   components.o
       308         28          0          0          0          0   context_rvds.o
      1548        738         19         16          0          0   cpuport.o
       932        114        203          0          0          0   devfs.o
      1390        338        216          0          0          0   device.o
      1672        350         86        276         68          0   dfs.o
      2720        478        143          0        296          0   dfs_file.o
      2008        452        140          0          0          0   dfs_fs.o
      3172        356        318          4         36          0   dfs_lfs.o
      1800         12         85          0          0          0   dfs_posix.o
      1368        278        116          0        200          0   drv_adc.o
       692        264         56          0          0          0   drv_flash.o
      1480         48        661        124          0          0   drv_gpio.o
       752        240         28         60          0          0   drv_qspi_flash.o
       704         84         84         48        100          0   drv_uart.o
       296        192          9          1          0          0   fal.o
       440        176        136          1          0          0   fal_flash.o
      2108        880        776         12          0          0   fal_partition.o
      4668       1614       1051          8          0          0   fal_rtt.o
       864        378         84          1          0          0   fdb.o
      3752        486        372          0          0          0   fdb_tsdb.o
       800        166       1059          0          0          0   fdb_utils.o
       508         78         22          0        400          0   idle.o
      7788       1068        854          0          0          0   ipc.o
       140         14          0          9          0          0   irq.o
      2772        232        290         12        128          0   kservice.o
     18680       1560        725          0          0          0   lfs.o
        60          6         64          0          0          0   lfs_crc.o
        22          0          4          0          0          0   libc.o
      2244        634        346         32         32          0   mem.o
        56          0          0          0          0          0   mem_std.o
      1368        148        168          0          0          0   msh.o
      2300        754        532          0          0          0   msh_file.o
       152         46         27          0          0          0   mtd_nor.o
       412          0          0          0          0          0   nrf_atflags.o
       610          0          0          0          0          0   nrf_atomic.o
       944          6         22          0          0          0   nrf_ble_gatt.o
       390          0          0          0          0          0   nrf_ble_qwr.o
       908         18         16          0         20          0   nrf_drv_clock.o
       904         52         88          3          0          0   nrf_sdh.o
       928        366        458          1          0          0   nrf_sdh_ble_rtt.o
       112          0          0          0          0          0   nrf_section_iter.o
        92         10       1319          0          0          0   nrf_strerror.o
      7420         88          0          8          0          0   nrfx_clock.o
      2900         68          8          0         92          0   nrfx_gpiote.o
       780         22          0          8          0          0   nrfx_nvmc.o
      1720         74          6          0         12          0   nrfx_qspi.o
      1020         34          0          7          0          0   nrfx_rtc.o
      2868         72          0          0         44          0   nrfx_saadc.o
      2148         46          0          0         44          0   nrfx_uart.o
      1076        202        128        164          0          0   object.o
       672        112        329          0         84          0   pin.o
      1488         74        233          0          0          0   ringbuffer.o
       968        150         78         28        256          0   scheduler.o
      2548        328        394          4          0          0   serial.o
      2156        186         78         24        129          0   shell.o
       212         60          0          4          0          0   stdio.o
       464         20         27          0          0          0   stubs.o
      7280        122          0          4          0          0   system_nrf52840.o
      2284        454        273         12          0          0   thread.o
       992         56        117          0        113          0   time.o
      2004        324         92         32        640          0   timer.o
       800        354        153          0          0          0   tsdb_sample.o
       428         48         15          0          0          0   waitqueue.o

    ----------------------------------------------------------------------
    133692      18252      15206       1088      22792          0   Object Totals
         0          0         32          0          0          0   (incl. Generated)
        12          0         47         13          6          0   (incl. Padding)

    ----------------------------------------------------------------------

      Code (inc. data)   RO Data    RW Data    ZI Data      Debug   Library Member Name

        90          0          0          0          0          0   __dczerorl2.o
         8          0          0          0          0          0   __main.o
       104          0          0          0          0          0   __printf.o
         0          0          0          0          0          0   __rtentry.o
        12          0          0          0          0          0   __rtentry2.o
         6          0          0          0          0          0   __rtentry4.o
        52          8          0          0          0          0   __scatter.o
        28          0          0          0          0          0   __scatter_zi.o
        28          0          0          0          0          0   _chval.o
        44          0          0          0          0          0   _printf_char.o
        48          6          0          0          0          0   _printf_char_common.o
         0          0          0          0          0          0   _printf_percent.o
         4          0          0          0          0          0   _printf_percent_end.o
         6          0          0          0          0          0   _printf_s.o
        82          0          0          0          0          0   _printf_str.o
        16          0          0          0          0          0   _snputc.o
        10          0          0          0          0          0   _sputc.o
       158          0          0          0          0          0   _strtoul.o
        16          0          0          0          0          0   aeabi_memset.o
        26          0          0          0          0          0   atoi.o
        10          0          0          0          0          0   defsig_exit.o
        50          0          0          0          0          0   defsig_general.o
        52         38          0          0          0          0   defsig_rtred_inner.o
        14          0          0          0          0          0   defsig_rtred_outer.o
        18          0          0          0          0          0   exit.o
        76          0          0          0          0          0   fclose.o
       100          4          0          0          0          0   fflush.o
        24          0          0          0          0          0   fgetc.o
       570          0          0          0          0          0   filbuf.o
        56          6          0          0          0          0   flushlinebuffered.o
       236          4          0          0          0          0   fopen.o
       248          6          0          0          0          0   fseek.o
        66          0          0          0          0          0   ftell.o
         4          0          0          0          0          0   getc.o
         6          0          0          0          0          0   heapauxi.o
         4          0          0          0          0          0   hguard.o
       312         46          0          0          0          0   initio.o
        44         10        272          0          0          0   lc_ctype_c.o
         2          0          0          0          0          0   libinit.o
        28          0          0          0          0          0   libinit2.o
         2          0          0          0          0          0   libshutdown.o
         6          0          0          0          0          0   libshutdown2.o
         8          4          0          0         96          0   libspace.o
        72          0          0          0          0          0   llsdiv.o
       238          0          0          0          0          0   lludivv7m.o
        88          0          0          0          0          0   memcmp.o
        52          4          0          0          0          0   noretval__2snprintf.o
        16          4          0          0          0          0   rt_ctype_table.o
         8          4          0          0          0          0   rt_errno_addr_intlibspace.o
         8          4          0          0          0          0   rt_locale_intlibspace.o
        68          0          0          0          0          0   rt_memclr.o
        78          0          0          0          0          0   rt_memclr_w.o
       138          0          0          0          0          0   rt_memcpy_v6.o
       100          0          0          0          0          0   rt_memcpy_w.o
         2          0          0          0          0          0   rtexit.o
        10          0          0          0          0          0   rtexit2.o
        70          0          0          0          0          0   setvbuf.o
       240          6          0          0          0          0   stdio.o
         0          0          0         12        252          0   stdio_streams.o
        24          0          0          0          0          0   strcat.o
        20          0          0          0          0          0   strchr.o
       128          0          0          0          0          0   strcmpv7m.o
        72          0          0          0          0          0   strcpy.o
        32          0          0          0          0          0   strcspn.o
        62          0          0          0          0          0   strlen.o
       150          0          0          0          0          0   strncmp.o
        86          0          0          0          0          0   strncpy.o
        22          0          0          0          0          0   strrchr.o
        28          0          0          0          0          0   strspn.o
        36          0          0          0          0          0   strstr.o
       112          0          0          0          0          0   strtol.o
        74          0          0          0          0          0   sys_stackheap_outer.o
         2          0          0          0          0          0   use_no_semi.o
        10          0          0          0          0          0   fpinit.o

    ----------------------------------------------------------------------
      4730        154        272         12        348          0   Library Totals
        10          0          0          0          0          0   (incl. Padding)

    ----------------------------------------------------------------------

      Code (inc. data)   RO Data    RW Data    ZI Data      Debug   Library Name

      4710        154        272         12        348          0   c_w.l
        10          0          0          0          0          0   fz_wm.l

    ----------------------------------------------------------------------
      4730        154        272         12        348          0   Library Totals

    ----------------------------------------------------------------------

==============================================================================


      Code (inc. data)   RO Data    RW Data    ZI Data      Debug   

    138422      18406      15478       1100      23140          0   Grand Totals
    138422      18406      15478        232      23140          0   ELF Image Totals (compressed)
    138422      18406      15478        232          0          0   ROM Totals

==============================================================================

    Total RO  Size (Code + RO Data)               153900 ( 150.29kB)
    Total RW  Size (RW Data + ZI Data)             24240 (  23.67kB)
    Total ROM Size (Code + RO Data + RW Data)     154132 ( 150.52kB)

==============================================================================

