<!doctype html public "-//w3c//dtd html 4.0 transitional//en">
<html><head>
<title>Static Call Graph - [.\build\rtthread.axf]</title></head>
<body><HR>
<H1>Static Call Graph for image .\build\rtthread.axf</H1><HR>
<BR><P>#&#060CALLGRAPH&#062# ARM Linker, 5060960: Last Updated: Wed Jan 06 08:23:02 2021
<BR><P>
<H3>Maximum Stack Usage =          0 bytes + Unknown(Cycles, Untraceable Function Pointers)</H3><H3>
Call chain for Maximum Stack Depth:</H3>

<P>
<H3>
Mutually Recursive functions
</H3> <LI><a href="#[14b]">rt_assert_handler</a>&nbsp;&nbsp;&nbsp;&rArr;&nbsp;&nbsp;&nbsp;<a href="#[144]">rt_kprintf</a><BR>
 <LI><a href="#[211]">copydir</a>&nbsp;&nbsp;&nbsp;&rArr;&nbsp;&nbsp;&nbsp;<a href="#[211]">copydir</a><BR>
 <LI><a href="#[25a]">msh_exec_script</a>&nbsp;&nbsp;&nbsp;&rArr;&nbsp;&nbsp;&nbsp;<a href="#[24b]">msh_exec</a><BR>
 <LI><a href="#[25f]">directory_delete_for_msh</a>&nbsp;&nbsp;&nbsp;&rArr;&nbsp;&nbsp;&nbsp;<a href="#[25f]">directory_delete_for_msh</a><BR>
 <LI><a href="#[10]">NMI_Handler</a>&nbsp;&nbsp;&nbsp;&rArr;&nbsp;&nbsp;&nbsp;<a href="#[10]">NMI_Handler</a><BR>
 <LI><a href="#[12]">MemoryManagement_Handler</a>&nbsp;&nbsp;&nbsp;&rArr;&nbsp;&nbsp;&nbsp;<a href="#[12]">MemoryManagement_Handler</a><BR>
 <LI><a href="#[13]">BusFault_Handler</a>&nbsp;&nbsp;&nbsp;&rArr;&nbsp;&nbsp;&nbsp;<a href="#[13]">BusFault_Handler</a><BR>
 <LI><a href="#[14]">UsageFault_Handler</a>&nbsp;&nbsp;&nbsp;&rArr;&nbsp;&nbsp;&nbsp;<a href="#[14]">UsageFault_Handler</a><BR>
 <LI><a href="#[15]">SVC_Handler</a>&nbsp;&nbsp;&nbsp;&rArr;&nbsp;&nbsp;&nbsp;<a href="#[15]">SVC_Handler</a><BR>
 <LI><a href="#[16]">DebugMon_Handler</a>&nbsp;&nbsp;&nbsp;&rArr;&nbsp;&nbsp;&nbsp;<a href="#[16]">DebugMon_Handler</a><BR>
 <LI><a href="#[28]">CCM_AAR_IRQHandler</a>&nbsp;&nbsp;&nbsp;&rArr;&nbsp;&nbsp;&nbsp;<a href="#[28]">CCM_AAR_IRQHandler</a><BR>
 <LI><a href="#[374]">lfs_dir_drop</a>&nbsp;&nbsp;&nbsp;&rArr;&nbsp;&nbsp;&nbsp;<a href="#[367]">lfs_dir_commit</a><BR>
 <LI><a href="#[324]">lfs_file_write</a>&nbsp;&nbsp;&nbsp;&rArr;&nbsp;&nbsp;&nbsp;<a href="#[324]">lfs_file_write</a><BR>
 <LI><a href="#[323]">lfs_file_read</a>&nbsp;&nbsp;&nbsp;&rArr;&nbsp;&nbsp;&nbsp;<a href="#[372]">lfs_file_flush</a><BR>
 <LI><a href="#[368]">lfs_dir_split</a>&nbsp;&nbsp;&nbsp;&rArr;&nbsp;&nbsp;&nbsp;<a href="#[369]">lfs_dir_compact</a><BR>
 <LI><a href="#[366]">lfs_fs_relocate</a>&nbsp;&nbsp;&nbsp;&rArr;&nbsp;&nbsp;&nbsp;<a href="#[367]">lfs_dir_commit</a><BR>
 <LI><a href="#[355]">lfs_dir_traverse</a>&nbsp;&nbsp;&nbsp;&rArr;&nbsp;&nbsp;&nbsp;<a href="#[355]">lfs_dir_traverse</a><BR>
</UL>
<P>
<H3>
Function Pointers
</H3><UL>
 <LI><a href="#[13]">BusFault_Handler</a> from arm_startup_nrf52840.o(.text) referenced from arm_startup_nrf52840.o(RESET)
 <LI><a href="#[28]">CCM_AAR_IRQHandler</a> from arm_startup_nrf52840.o(.text) referenced from arm_startup_nrf52840.o(RESET)
 <LI><a href="#[2c]">COMP_LPCOMP_IRQHandler</a> from arm_startup_nrf52840.o(.text) referenced from arm_startup_nrf52840.o(RESET)
 <LI><a href="#[41]">CRYPTOCELL_IRQHandler</a> from arm_startup_nrf52840.o(.text) referenced from arm_startup_nrf52840.o(RESET)
 <LI><a href="#[16]">DebugMon_Handler</a> from arm_startup_nrf52840.o(.text) referenced from arm_startup_nrf52840.o(RESET)
 <LI><a href="#[27]">ECB_IRQHandler</a> from arm_startup_nrf52840.o(.text) referenced from arm_startup_nrf52840.o(RESET)
 <LI><a href="#[3d]">FPU_IRQHandler</a> from arm_startup_nrf52840.o(.text) referenced from arm_startup_nrf52840.o(RESET)
 <LI><a href="#[1f]">GPIOTE_IRQHandler</a> from nrfx_gpiote.o(.text) referenced from arm_startup_nrf52840.o(RESET)
 <LI><a href="#[11]">HardFault_Handler</a> from context_rvds.o(.text) referenced from arm_startup_nrf52840.o(RESET)
 <LI><a href="#[3c]">I2S_IRQHandler</a> from arm_startup_nrf52840.o(.text) referenced from arm_startup_nrf52840.o(RESET)
 <LI><a href="#[37]">MWU_IRQHandler</a> from arm_startup_nrf52840.o(.text) referenced from arm_startup_nrf52840.o(RESET)
 <LI><a href="#[12]">MemoryManagement_Handler</a> from arm_startup_nrf52840.o(.text) referenced from arm_startup_nrf52840.o(RESET)
 <LI><a href="#[1e]">NFCT_IRQHandler</a> from arm_startup_nrf52840.o(.text) referenced from arm_startup_nrf52840.o(RESET)
 <LI><a href="#[10]">NMI_Handler</a> from arm_startup_nrf52840.o(.text) referenced from arm_startup_nrf52840.o(RESET)
 <LI><a href="#[36]">PDM_IRQHandler</a> from arm_startup_nrf52840.o(.text) referenced from arm_startup_nrf52840.o(RESET)
 <LI><a href="#[19]">POWER_CLOCK_IRQHandler</a> from nrfx_clock.o(.text) referenced from arm_startup_nrf52840.o(RESET)
 <LI><a href="#[35]">PWM0_IRQHandler</a> from arm_startup_nrf52840.o(.text) referenced from arm_startup_nrf52840.o(RESET)
 <LI><a href="#[38]">PWM1_IRQHandler</a> from arm_startup_nrf52840.o(.text) referenced from arm_startup_nrf52840.o(RESET)
 <LI><a href="#[39]">PWM2_IRQHandler</a> from arm_startup_nrf52840.o(.text) referenced from arm_startup_nrf52840.o(RESET)
 <LI><a href="#[42]">PWM3_IRQHandler</a> from arm_startup_nrf52840.o(.text) referenced from arm_startup_nrf52840.o(RESET)
 <LI><a href="#[17]">PendSV_Handler</a> from context_rvds.o(.text) referenced from arm_startup_nrf52840.o(RESET)
 <LI><a href="#[2b]">QDEC_IRQHandler</a> from arm_startup_nrf52840.o(.text) referenced from arm_startup_nrf52840.o(RESET)
 <LI><a href="#[40]">QSPI_IRQHandler</a> from nrfx_qspi.o(.text) referenced from arm_startup_nrf52840.o(RESET)
 <LI><a href="#[1a]">RADIO_IRQHandler</a> from arm_startup_nrf52840.o(.text) referenced from arm_startup_nrf52840.o(RESET)
 <LI><a href="#[26]">RNG_IRQHandler</a> from arm_startup_nrf52840.o(.text) referenced from arm_startup_nrf52840.o(RESET)
 <LI><a href="#[24]">RTC0_IRQHandler</a> from nrfx_rtc.o(.text) referenced from arm_startup_nrf52840.o(RESET)
 <LI><a href="#[2a]">RTC1_IRQHandler</a> from nrfx_rtc.o(.text) referenced from arm_startup_nrf52840.o(RESET)
 <LI><a href="#[3b]">RTC2_IRQHandler</a> from nrfx_rtc.o(.text) referenced from arm_startup_nrf52840.o(RESET)
 <LI><a href="#[f]">Reset_Handler</a> from arm_startup_nrf52840.o(.text) referenced from arm_startup_nrf52840.o(RESET)
 <LI><a href="#[20]">SAADC_IRQHandler</a> from nrfx_saadc.o(.text) referenced from arm_startup_nrf52840.o(RESET)
 <LI><a href="#[1c]">SPIM0_SPIS0_TWIM0_TWIS0_SPI0_TWI0_IRQHandler</a> from arm_startup_nrf52840.o(.text) referenced from arm_startup_nrf52840.o(RESET)
 <LI><a href="#[1d]">SPIM1_SPIS1_TWIM1_TWIS1_SPI1_TWI1_IRQHandler</a> from arm_startup_nrf52840.o(.text) referenced from arm_startup_nrf52840.o(RESET)
 <LI><a href="#[3a]">SPIM2_SPIS2_SPI2_IRQHandler</a> from arm_startup_nrf52840.o(.text) referenced from arm_startup_nrf52840.o(RESET)
 <LI><a href="#[43]">SPIM3_IRQHandler</a> from arm_startup_nrf52840.o(.text) referenced from arm_startup_nrf52840.o(RESET)
 <LI><a href="#[15]">SVC_Handler</a> from arm_startup_nrf52840.o(.text) referenced from arm_startup_nrf52840.o(RESET)
 <LI><a href="#[2d]">SWI0_EGU0_IRQHandler</a> from arm_startup_nrf52840.o(.text) referenced from arm_startup_nrf52840.o(RESET)
 <LI><a href="#[2e]">SWI1_EGU1_IRQHandler</a> from arm_startup_nrf52840.o(.text) referenced from arm_startup_nrf52840.o(RESET)
 <LI><a href="#[2f]">SWI2_EGU2_IRQHandler</a> from nrf_sdh.o(.text) referenced from arm_startup_nrf52840.o(RESET)
 <LI><a href="#[30]">SWI3_EGU3_IRQHandler</a> from arm_startup_nrf52840.o(.text) referenced from arm_startup_nrf52840.o(RESET)
 <LI><a href="#[31]">SWI4_EGU4_IRQHandler</a> from arm_startup_nrf52840.o(.text) referenced from arm_startup_nrf52840.o(RESET)
 <LI><a href="#[32]">SWI5_EGU5_IRQHandler</a> from arm_startup_nrf52840.o(.text) referenced from arm_startup_nrf52840.o(RESET)
 <LI><a href="#[18]">SysTick_Handler</a> from board.o(.text) referenced from arm_startup_nrf52840.o(RESET)
 <LI><a href="#[73]">SystemInit</a> from system_nrf52840.o(.text) referenced from arm_startup_nrf52840.o(.text)
 <LI><a href="#[25]">TEMP_IRQHandler</a> from arm_startup_nrf52840.o(.text) referenced from arm_startup_nrf52840.o(RESET)
 <LI><a href="#[21]">TIMER0_IRQHandler</a> from arm_startup_nrf52840.o(.text) referenced from arm_startup_nrf52840.o(RESET)
 <LI><a href="#[22]">TIMER1_IRQHandler</a> from arm_startup_nrf52840.o(.text) referenced from arm_startup_nrf52840.o(RESET)
 <LI><a href="#[23]">TIMER2_IRQHandler</a> from arm_startup_nrf52840.o(.text) referenced from arm_startup_nrf52840.o(RESET)
 <LI><a href="#[33]">TIMER3_IRQHandler</a> from arm_startup_nrf52840.o(.text) referenced from arm_startup_nrf52840.o(RESET)
 <LI><a href="#[34]">TIMER4_IRQHandler</a> from arm_startup_nrf52840.o(.text) referenced from arm_startup_nrf52840.o(RESET)
 <LI><a href="#[1b]">UARTE0_UART0_IRQHandler</a> from nrfx_uart.o(.text) referenced from arm_startup_nrf52840.o(RESET)
 <LI><a href="#[3f]">UARTE1_IRQHandler</a> from arm_startup_nrf52840.o(.text) referenced from arm_startup_nrf52840.o(RESET)
 <LI><a href="#[3e]">USBD_IRQHandler</a> from arm_startup_nrf52840.o(.text) referenced from arm_startup_nrf52840.o(RESET)
 <LI><a href="#[14]">UsageFault_Handler</a> from arm_startup_nrf52840.o(.text) referenced from arm_startup_nrf52840.o(RESET)
 <LI><a href="#[29]">WDT_IRQHandler</a> from arm_startup_nrf52840.o(.text) referenced from arm_startup_nrf52840.o(RESET)
 <LI><a href="#[fc]">__main</a> from __main.o(!!!main) referenced from arm_startup_nrf52840.o(.text)
 <LI><a href="#[1a3]">__wqueue_default_wake</a> from waitqueue.o(.text) referenced from waitqueue.o(.text)
 <LI><a href="#[49]">_adc_control</a> from adc.o(.text) referenced from adc.o(.text)
 <LI><a href="#[48]">_adc_read</a> from adc.o(.text) referenced from adc.o(.text)
 <LI><a href="#[a4]">_dfs_lfs_close</a> from dfs_lfs.o(.text) referenced from dfs_lfs.o(.constdata)
 <LI><a href="#[a8]">_dfs_lfs_flush</a> from dfs_lfs.o(.text) referenced from dfs_lfs.o(.constdata)
 <LI><a href="#[aa]">_dfs_lfs_getdents</a> from dfs_lfs.o(.text) referenced from dfs_lfs.o(.constdata)
 <LI><a href="#[a5]">_dfs_lfs_ioctl</a> from dfs_lfs.o(.text) referenced from dfs_lfs.o(.constdata)
 <LI><a href="#[a9]">_dfs_lfs_lseek</a> from dfs_lfs.o(.text) referenced from dfs_lfs.o(.constdata)
 <LI><a href="#[ad]">_dfs_lfs_mkfs</a> from dfs_lfs.o(.text) referenced from dfs_lfs.o(.constdata)
 <LI><a href="#[ab]">_dfs_lfs_mount</a> from dfs_lfs.o(.text) referenced from dfs_lfs.o(.constdata)
 <LI><a href="#[a3]">_dfs_lfs_open</a> from dfs_lfs.o(.text) referenced from dfs_lfs.o(.constdata)
 <LI><a href="#[a6]">_dfs_lfs_read</a> from dfs_lfs.o(.text) referenced from dfs_lfs.o(.constdata)
 <LI><a href="#[b1]">_dfs_lfs_rename</a> from dfs_lfs.o(.text) referenced from dfs_lfs.o(.constdata)
 <LI><a href="#[b0]">_dfs_lfs_stat</a> from dfs_lfs.o(.text) referenced from dfs_lfs.o(.constdata)
 <LI><a href="#[ae]">_dfs_lfs_statfs</a> from dfs_lfs.o(.text) referenced from dfs_lfs.o(.constdata)
 <LI><a href="#[6b]">_dfs_lfs_statfs_count</a> from dfs_lfs.o(.text) referenced from dfs_lfs.o(.text)
 <LI><a href="#[af]">_dfs_lfs_unlink</a> from dfs_lfs.o(.text) referenced from dfs_lfs.o(.constdata)
 <LI><a href="#[ac]">_dfs_lfs_unmount</a> from dfs_lfs.o(.text) referenced from dfs_lfs.o(.constdata)
 <LI><a href="#[a7]">_dfs_lfs_write</a> from dfs_lfs.o(.text) referenced from dfs_lfs.o(.constdata)
 <LI><a href="#[81]">_get_lc_ctype</a> from lc_ctype_c.o(locale$$code) referenced from rt_ctype_table.o(.text)
 <LI><a href="#[69]">_lfs_flash_erase</a> from dfs_lfs.o(.text) referenced from dfs_lfs.o(.text)
 <LI><a href="#[68]">_lfs_flash_prog</a> from dfs_lfs.o(.text) referenced from dfs_lfs.o(.text)
 <LI><a href="#[67]">_lfs_flash_read</a> from dfs_lfs.o(.text) referenced from dfs_lfs.o(.text)
 <LI><a href="#[6a]">_lfs_flash_sync</a> from dfs_lfs.o(.text) referenced from dfs_lfs.o(.text)
 <LI><a href="#[4e]">_mtd_close</a> from mtd_nor.o(.text) referenced from mtd_nor.o(.text)
 <LI><a href="#[4f]">_mtd_control</a> from mtd_nor.o(.text) referenced from mtd_nor.o(.text)
 <LI><a href="#[4a]">_mtd_init</a> from mtd_nor.o(.text) referenced from mtd_nor.o(.text)
 <LI><a href="#[4b]">_mtd_open</a> from mtd_nor.o(.text) referenced from mtd_nor.o(.text)
 <LI><a href="#[4c]">_mtd_read</a> from mtd_nor.o(.text) referenced from mtd_nor.o(.text)
 <LI><a href="#[4d]">_mtd_write</a> from mtd_nor.o(.text) referenced from mtd_nor.o(.text)
 <LI><a href="#[47]">_pin_control</a> from pin.o(.text) referenced from pin.o(.text)
 <LI><a href="#[45]">_pin_read</a> from pin.o(.text) referenced from pin.o(.text)
 <LI><a href="#[46]">_pin_write</a> from pin.o(.text) referenced from pin.o(.text)
 <LI><a href="#[82]">_printf_input_char</a> from _printf_char_common.o(.text) referenced from _printf_char_common.o(.text)
 <LI><a href="#[80]">_snputc</a> from _snputc.o(.text) referenced 2 times from vsnprintf.o(.text)
 <LI><a href="#[7]">_uart_cfg</a> from drv_uart.o(.text) referenced 2 times from drv_uart.o(.data)
 <LI><a href="#[8]">_uart_ctrl</a> from drv_uart.o(.text) referenced 2 times from drv_uart.o(.data)
 <LI><a href="#[a]">_uart_getc</a> from drv_uart.o(.text) referenced 2 times from drv_uart.o(.data)
 <LI><a href="#[9]">_uart_putc</a> from drv_uart.o(.text) referenced 2 times from drv_uart.o(.data)
 <LI><a href="#[c4]">adc</a> from adc.o(.text) referenced from adc.o(FSymTab)
 <LI><a href="#[75]">app_error_fault_handler</a> from app_error_weak.o(.text) referenced from nrf_sdh.o(.text)
 <LI><a href="#[7f]">async_output_thread_entry</a> from ulog.o(.text) referenced from ulog.o(.text)
 <LI><a href="#[f5]">ble_advertising_on_ble_evt</a> from ble_advertising.o(.text) referenced from ble_app_uart.o(sdh_ble_observers1)
 <LI><a href="#[7d]">ble_app_softdevice</a> from ble_app_uart.o(.text) referenced from ble_app_uart.o(.text)
 <LI><a href="#[be]">ble_app_uart</a> from ble_app_uart.o(.text) referenced from ble_app_uart.o(.rti_fn.6)
 <LI><a href="#[be]">ble_app_uart</a> from ble_app_uart.o(.text) referenced from ble_app_uart.o(FSymTab)
 <LI><a href="#[f2]">ble_evt_handler</a> from ble_conn_state.o(.text) referenced from ble_conn_state.o(sdh_ble_observers0)
 <LI><a href="#[f3]">ble_evt_handler</a> from ble_conn_params_rtt.o(.text) referenced from ble_conn_params_rtt.o(sdh_ble_observers1)
 <LI><a href="#[f8]">ble_evt_handler</a> from ble_app_uart.o(.text) referenced from ble_app_uart.o(sdh_ble_observers3)
 <LI><a href="#[f6]">ble_nus_on_ble_evt</a> from ble_nus.o(.text) referenced from ble_app_uart.o(sdh_ble_observers2)
 <LI><a href="#[5f]">blk_dev_control</a> from fal_rtt.o(.text) referenced from fal_rtt.o(.text)
 <LI><a href="#[5d]">blk_dev_read</a> from fal_rtt.o(.text) referenced from fal_rtt.o(.text)
 <LI><a href="#[5e]">blk_dev_write</a> from fal_rtt.o(.text) referenced from fal_rtt.o(.text)
 <LI><a href="#[1cb]">button_1_callback</a> from drv_gpio.o(.text) referenced from drv_gpio.o(.text)
 <LI><a href="#[1cc]">button_2_callback</a> from drv_gpio.o(.text) referenced from drv_gpio.o(.text)
 <LI><a href="#[1cd]">button_3_callback</a> from drv_gpio.o(.text) referenced from drv_gpio.o(.text)
 <LI><a href="#[1ce]">button_4_callback</a> from drv_gpio.o(.text) referenced from drv_gpio.o(.text)
 <LI><a href="#[d0]">cat</a> from dfs_file.o(.text) referenced from dfs_file.o(FSymTab)
 <LI><a href="#[97]">char_dev_fopen</a> from fal_rtt.o(.text) referenced from fal_rtt.o(.constdata)
 <LI><a href="#[98]">char_dev_fread</a> from fal_rtt.o(.text) referenced from fal_rtt.o(.constdata)
 <LI><a href="#[99]">char_dev_fwrite</a> from fal_rtt.o(.text) referenced from fal_rtt.o(.constdata)
 <LI><a href="#[60]">char_dev_read</a> from fal_rtt.o(.text) referenced from fal_rtt.o(.text)
 <LI><a href="#[61]">char_dev_write</a> from fal_rtt.o(.text) referenced from fal_rtt.o(.text)
 <LI><a href="#[d5]">chdir</a> from dfs_posix.o(.text) referenced from dfs_posix.o(FSymTab)
 <LI><a href="#[64]">check_sec_hdr_cb</a> from fdb_tsdb.o(.text) referenced from fdb_tsdb.o(.text)
 <LI><a href="#[d7]">clear</a> from cmd.o(.text) referenced 2 times from cmd.o(FSymTab)
 <LI><a href="#[57]">clk_event_handler</a> from board.o(.text) referenced from board.o(.text)
 <LI><a href="#[76]">clock_irq_handler</a> from nrf_drv_clock.o(.text) referenced from nrf_drv_clock.o(.text)
 <LI><a href="#[e9]">cmd_cat</a> from msh_file.o(.text) referenced from msh_file.o(FSymTab)
 <LI><a href="#[eb]">cmd_cd</a> from msh_file.o(.text) referenced from msh_file.o(FSymTab)
 <LI><a href="#[e7]">cmd_cp</a> from msh_file.o(.text) referenced from msh_file.o(FSymTab)
 <LI><a href="#[ef]">cmd_df</a> from msh_file.o(.text) referenced from msh_file.o(FSymTab)
 <LI><a href="#[f0]">cmd_echo</a> from msh_file.o(.text) referenced from msh_file.o(FSymTab)
 <LI><a href="#[e5]">cmd_free</a> from msh.o(.text) referenced from msh.o(FSymTab)
 <LI><a href="#[e6]">cmd_ls</a> from msh_file.o(.text) referenced from msh_file.o(FSymTab)
 <LI><a href="#[ed]">cmd_mkdir</a> from msh_file.o(.text) referenced from msh_file.o(FSymTab)
 <LI><a href="#[ee]">cmd_mkfs</a> from msh_file.o(.text) referenced from msh_file.o(FSymTab)
 <LI><a href="#[e8]">cmd_mv</a> from msh_file.o(.text) referenced from msh_file.o(FSymTab)
 <LI><a href="#[e4]">cmd_ps</a> from msh.o(.text) referenced from msh.o(FSymTab)
 <LI><a href="#[ec]">cmd_pwd</a> from msh_file.o(.text) referenced from msh_file.o(FSymTab)
 <LI><a href="#[ea]">cmd_rm</a> from msh_file.o(.text) referenced from msh_file.o(FSymTab)
 <LI><a href="#[7c]">conn_params_error_handler</a> from ble_app_uart.o(.text) referenced from ble_app_uart.o(.text)
 <LI><a href="#[d1]">copy</a> from dfs_file.o(.text) referenced from dfs_file.o(FSymTab)
 <LI><a href="#[c8]">date</a> from rtc.o(.text) referenced from rtc.o(FSymTab)
 <LI><a href="#[d3]">df</a> from dfs_fs.o(.text) referenced from dfs_fs.o(FSymTab)
 <LI><a href="#[9b]">dfs_device_fs_close</a> from devfs.o(.text) referenced from devfs.o(.constdata)
 <LI><a href="#[9f]">dfs_device_fs_getdents</a> from devfs.o(.text) referenced from devfs.o(.constdata)
 <LI><a href="#[9c]">dfs_device_fs_ioctl</a> from devfs.o(.text) referenced from devfs.o(.constdata)
 <LI><a href="#[a1]">dfs_device_fs_mount</a> from devfs.o(.text) referenced from devfs.o(.constdata)
 <LI><a href="#[9a]">dfs_device_fs_open</a> from devfs.o(.text) referenced from devfs.o(.constdata)
 <LI><a href="#[a0]">dfs_device_fs_poll</a> from devfs.o(.text) referenced from devfs.o(.constdata)
 <LI><a href="#[9d]">dfs_device_fs_read</a> from devfs.o(.text) referenced from devfs.o(.constdata)
 <LI><a href="#[a2]">dfs_device_fs_stat</a> from devfs.o(.text) referenced from devfs.o(.constdata)
 <LI><a href="#[9e]">dfs_device_fs_write</a> from devfs.o(.text) referenced from devfs.o(.constdata)
 <LI><a href="#[b7]">dfs_init</a> from dfs.o(.text) referenced from dfs.o(.rti_fn.2)
 <LI><a href="#[bc]">dfs_lfs_init</a> from dfs_lfs.o(.text) referenced from dfs_lfs.o(.rti_fn.4)
 <LI><a href="#[e]">erase</a> from drv_qspi_flash.o(.text) referenced 2 times from drv_qspi_flash.o(.data)
 <LI><a href="#[cc]">fal</a> from fal_rtt.o(.text) referenced from fal_rtt.o(FSymTab)
 <LI><a href="#[8b]">fal_flash_erase</a> from drv_flash.o(.text) referenced from drv_flash.o(.constdata)
 <LI><a href="#[89]">fal_flash_read</a> from drv_flash.o(.text) referenced from drv_flash.o(.constdata)
 <LI><a href="#[8a]">fal_flash_write</a> from drv_flash.o(.text) referenced from drv_flash.o(.constdata)
 <LI><a href="#[bd]">finsh_system_init</a> from shell.o(.text) referenced from shell.o(.rti_fn.6)
 <LI><a href="#[249]">finsh_thread_entry</a> from shell.o(.text) referenced from shell.o(.text)
 <LI><a href="#[63]">format_all_cb</a> from fdb_tsdb.o(.text) referenced from fdb_tsdb.o(.text)
 <LI><a href="#[44]">get_time</a> from application.o(.text) referenced from application.o(.text)
 <LI><a href="#[ca]">gpio_sample</a> from drv_gpio.o(.text) referenced from drv_gpio.o(FSymTab)
 <LI><a href="#[d6]">hello</a> from cmd.o(.text) referenced from cmd.o(FSymTab)
 <LI><a href="#[b]">init</a> from drv_qspi_flash.o(.text) referenced 2 times from drv_qspi_flash.o(.data)
 <LI><a href="#[6c]">lfs_alloc_lookahead</a> from lfs.o(.text) referenced from lfs.o(.text)
 <LI><a href="#[72]">lfs_dir_commit_commit</a> from lfs.o(.text) referenced 2 times from lfs.o(.text)
 <LI><a href="#[71]">lfs_dir_commit_size</a> from lfs.o(.text) referenced from lfs.o(.text)
 <LI><a href="#[6e]">lfs_dir_find_match</a> from lfs.o(.text) referenced 2 times from lfs.o(.text)
 <LI><a href="#[6d]">lfs_dir_traverse_filter</a> from lfs.o(.text) referenced from lfs.o(.text)
 <LI><a href="#[6f]">lfs_fs_parent_match</a> from lfs.o(.text) referenced from lfs.o(.text)
 <LI><a href="#[70]">lfs_fs_size_count</a> from lfs.o(.text) referenced from lfs.o(.text)
 <LI><a href="#[bb]">libc_system_init</a> from libc.o(.text) referenced from libc.o(.rti_fn.4)
 <LI><a href="#[e2]">list</a> from cmd.o(.text) referenced from cmd.o(FSymTab)
 <LI><a href="#[c5]">list_date</a> from rtc.o(.text) referenced from rtc.o(FSymTab)
 <LI><a href="#[e1]">list_device</a> from cmd.o(.text) referenced 2 times from cmd.o(FSymTab)
 <LI><a href="#[db]">list_event</a> from cmd.o(.text) referenced 2 times from cmd.o(FSymTab)
 <LI><a href="#[cd]">list_fd</a> from dfs.o(.text) referenced from dfs.o(FSymTab)
 <LI><a href="#[dd]">list_mailbox</a> from cmd.o(.text) referenced 2 times from cmd.o(FSymTab)
 <LI><a href="#[f1]">list_mem</a> from mem.o(.text) referenced from mem.o(FSymTab)
 <LI><a href="#[df]">list_mempool</a> from cmd.o(.text) referenced 2 times from cmd.o(FSymTab)
 <LI><a href="#[de]">list_msgqueue</a> from cmd.o(.text) referenced 2 times from cmd.o(FSymTab)
 <LI><a href="#[dc]">list_mutex</a> from cmd.o(.text) referenced 2 times from cmd.o(FSymTab)
 <LI><a href="#[da]">list_sem</a> from cmd.o(.text) referenced 2 times from cmd.o(FSymTab)
 <LI><a href="#[d9]">list_thread</a> from cmd.o(.text) referenced 2 times from cmd.o(FSymTab)
 <LI><a href="#[e0]">list_timer</a> from cmd.o(.text) referenced 2 times from cmd.o(FSymTab)
 <LI><a href="#[ce]">ls</a> from dfs_file.o(.text) referenced from dfs_file.o(FSymTab)
 <LI><a href="#[27e]">main_thread_entry</a> from components.o(.text) referenced from components.o(.text)
 <LI><a href="#[d4]">mkdir</a> from dfs_posix.o(.text) referenced from dfs_posix.o(FSymTab)
 <LI><a href="#[d2]">mkfs</a> from dfs_fs.o(.text) referenced from dfs_fs.o(FSymTab)
 <LI><a href="#[e3]">msh_help</a> from msh.o(.text) referenced from msh.o(FSymTab)
 <LI><a href="#[96]">mtd_nor_dev_erase</a> from fal_rtt.o(.text) referenced from fal_rtt.o(.constdata)
 <LI><a href="#[94]">mtd_nor_dev_read</a> from fal_rtt.o(.text) referenced from fal_rtt.o(.constdata)
 <LI><a href="#[95]">mtd_nor_dev_write</a> from fal_rtt.o(.text) referenced from fal_rtt.o(.constdata)
 <LI><a href="#[92]">nrf5x_adc_enabled</a> from drv_adc.o(.text) referenced from drv_adc.o(.constdata)
 <LI><a href="#[93]">nrf5x_get_adc_value</a> from drv_adc.o(.text) referenced from drv_adc.o(.constdata)
 <LI><a href="#[8f]">nrf5x_pin_attach_irq</a> from drv_gpio.o(.text) referenced from drv_gpio.o(.constdata)
 <LI><a href="#[90]">nrf5x_pin_dettach_irq</a> from drv_gpio.o(.text) referenced from drv_gpio.o(.constdata)
 <LI><a href="#[91]">nrf5x_pin_irq_enable</a> from drv_gpio.o(.text) referenced from drv_gpio.o(.constdata)
 <LI><a href="#[8c]">nrf5x_pin_mode</a> from drv_gpio.o(.text) referenced from drv_gpio.o(.constdata)
 <LI><a href="#[8e]">nrf5x_pin_read</a> from drv_gpio.o(.text) referenced from drv_gpio.o(.constdata)
 <LI><a href="#[8d]">nrf5x_pin_write</a> from drv_gpio.o(.text) referenced from drv_gpio.o(.constdata)
 <LI><a href="#[5a]">nrf5x_saadc_event_hdr</a> from drv_adc.o(.text) referenced from drv_adc.o(.text)
 <LI><a href="#[f4]">nrf_ble_gatt_on_ble_evt</a> from nrf_ble_gatt.o(.text) referenced from ble_app_uart.o(sdh_ble_observers1)
 <LI><a href="#[f7]">nrf_ble_qwr_on_ble_evt</a> from nrf_ble_qwr.o(.text) referenced from ble_app_uart.o(sdh_ble_observers2)
 <LI><a href="#[79]">nrf_qwr_error_handler</a> from ble_app_uart.o(.text) referenced from ble_app_uart.o(.text)
 <LI><a href="#[fa]">nrf_sdh_ble_evts_poll</a> from nrf_sdh_ble_rtt.o(.text) referenced from nrf_sdh_ble_rtt.o(sdh_stack_observers0)
 <LI><a href="#[7a]">nus_data_handler</a> from ble_app_uart.o(.text) referenced from ble_app_uart.o(.text)
 <LI><a href="#[78]">on_adv_evt</a> from ble_app_uart.o(.text) referenced from ble_app_uart.o(.text)
 <LI><a href="#[7b]">on_conn_params_evt</a> from ble_app_uart.o(.text) referenced from ble_app_uart.o(.text)
 <LI><a href="#[59]">pin_irq_hdr</a> from drv_gpio.o(.text) referenced from drv_gpio.o(.text)
 <LI><a href="#[58]">qspi_handler</a> from drv_qspi_flash.o(.text) referenced from drv_qspi_flash.o(.text)
 <LI><a href="#[62]">query_count_cb</a> from fdb_tsdb.o(.text) referenced from fdb_tsdb.o(.text)
 <LI><a href="#[c]">read</a> from drv_qspi_flash.o(.text) referenced 2 times from drv_qspi_flash.o(.data)
 <LI><a href="#[c9]">reboot</a> from board.o(.text) referenced from board.o(FSymTab)
 <LI><a href="#[cf]">rm</a> from dfs_file.o(.text) referenced from dfs_file.o(FSymTab)
 <LI><a href="#[b5]">rt_hw_adc_init</a> from drv_adc.o(.text) referenced from drv_adc.o(.rti_fn.1)
 <LI><a href="#[b4]">rt_hw_pin_init</a> from drv_gpio.o(.text) referenced from drv_gpio.o(.rti_fn.1)
 <LI><a href="#[ba]">rt_hw_rtc_init</a> from drv_rtc.o(.text) referenced from drv_rtc.o(.rti_fn.3)
 <LI><a href="#[c3]">rt_pin_get</a> from pin.o(.text) referenced from pin.o(FSymTab)
 <LI><a href="#[c0]">rt_pin_mode</a> from pin.o(.text) referenced from pin.o(FSymTab)
 <LI><a href="#[c2]">rt_pin_read</a> from pin.o(.text) referenced from pin.o(FSymTab)
 <LI><a href="#[c1]">rt_pin_write</a> from pin.o(.text) referenced from pin.o(FSymTab)
 <LI><a href="#[5c]">rt_rtc_control</a> from drv_rtc.o(.text) referenced from drv_rtc.o(.text)
 <LI><a href="#[53]">rt_serial_close</a> from serial.o(.text) referenced from serial.o(.text)
 <LI><a href="#[56]">rt_serial_control</a> from serial.o(.text) referenced from serial.o(.text)
 <LI><a href="#[51]">rt_serial_init</a> from serial.o(.text) referenced from serial.o(.text)
 <LI><a href="#[52]">rt_serial_open</a> from serial.o(.text) referenced from serial.o(.text)
 <LI><a href="#[54]">rt_serial_read</a> from serial.o(.text) referenced from serial.o(.text)
 <LI><a href="#[55]">rt_serial_write</a> from serial.o(.text) referenced from serial.o(.text)
 <LI><a href="#[2df]">rt_thread_exit</a> from thread.o(.text) referenced from thread.o(.text)
 <LI><a href="#[65]">rt_thread_idle_entry</a> from idle.o(.text) referenced from idle.o(.text)
 <LI><a href="#[2e2]">rt_thread_timeout</a> from thread.o(.text) referenced from thread.o(.text)
 <LI><a href="#[66]">rt_thread_timer_entry</a> from timer.o(.text) referenced from timer.o(.text)
 <LI><a href="#[5b]">rtc_callback</a> from drv_rtc.o(.text) referenced from drv_rtc.o(.text)
 <LI><a href="#[b6]">rti_board_end</a> from components.o(.text) referenced from components.o(.rti_fn.1.end)
 <LI><a href="#[b3]">rti_board_start</a> from components.o(.text) referenced from components.o(.rti_fn.0.end)
 <LI><a href="#[bf]">rti_end</a> from components.o(.text) referenced from components.o(.rti_fn.6.end)
 <LI><a href="#[b2]">rti_start</a> from components.o(.text) referenced from components.o(.rti_fn.0)
 <LI><a href="#[cb]">saadc_sample</a> from drv_adc.o(.text) referenced from drv_adc.o(FSymTab)
 <LI><a href="#[fb]">sd_state_evt_handler</a> from nrf_drv_clock.o(.text) referenced from nrf_drv_clock.o(sdh_state_observers0)
 <LI><a href="#[84]">serial_fops_close</a> from serial.o(.text) referenced from serial.o(.constdata)
 <LI><a href="#[85]">serial_fops_ioctl</a> from serial.o(.text) referenced from serial.o(.constdata)
 <LI><a href="#[83]">serial_fops_open</a> from serial.o(.text) referenced from serial.o(.constdata)
 <LI><a href="#[88]">serial_fops_poll</a> from serial.o(.text) referenced from serial.o(.constdata)
 <LI><a href="#[86]">serial_fops_read</a> from serial.o(.text) referenced from serial.o(.constdata)
 <LI><a href="#[50]">serial_fops_rx_ind</a> from serial.o(.text) referenced from serial.o(.text)
 <LI><a href="#[87]">serial_fops_write</a> from serial.o(.text) referenced from serial.o(.constdata)
 <LI><a href="#[c6]">set_date</a> from rtc.o(.text) referenced from rtc.o(FSymTab)
 <LI><a href="#[c7]">set_time</a> from rtc.o(.text) referenced from rtc.o(FSymTab)
 <LI><a href="#[f9]">soc_evt_handler</a> from nrf_drv_clock.o(.text) referenced from nrf_drv_clock.o(sdh_soc_observers0)
 <LI><a href="#[6]">uart0_event_hander</a> from drv_uart.o(.text) referenced 2 times from drv_uart.o(.data)
 <LI><a href="#[7e]">uart_task</a> from ble_app_uart.o(.text) referenced from ble_app_uart.o(.text)
 <LI><a href="#[b9]">ulog_console_backend_init</a> from console_be.o(.text) referenced from console_be.o(.rti_fn.2)
 <LI><a href="#[521]">ulog_console_backend_output</a> from console_be.o(.text) referenced from console_be.o(.text)
 <LI><a href="#[b8]">ulog_init</a> from ulog.o(.text) referenced from ulog.o(.rti_fn.2)
 <LI><a href="#[77]">update_timeout_handler</a> from ble_conn_params_rtt.o(.text) referenced from ble_conn_params_rtt.o(.text)
 <LI><a href="#[d8]">version</a> from cmd.o(.text) referenced 2 times from cmd.o(FSymTab)
 <LI><a href="#[d]">write</a> from drv_qspi_flash.o(.text) referenced 2 times from drv_qspi_flash.o(.data)
</UL>
<P>
<H3>
Global Symbols
</H3>
<P><STRONG><a name="[fc]"></a>__main</STRONG> (Thumb, 8 bytes, Stack size 0 bytes, __main.o(!!!main))
<BR><BR>[Calls]<UL><LI><a href="#[fe]">&gt;&gt;</a>&nbsp;&nbsp;&nbsp;__rt_entry
<LI><a href="#[fd]">&gt;&gt;</a>&nbsp;&nbsp;&nbsp;__scatterload
</UL>

<P><STRONG><a name="[fd]"></a>__scatterload</STRONG> (Thumb, 0 bytes, Stack size 0 bytes, __scatter.o(!!!scatter))
<BR><BR>[Called By]<UL><LI><a href="#[fc]">&gt;&gt;</a>&nbsp;&nbsp;&nbsp;__main
</UL>

<P><STRONG><a name="[ff]"></a>__scatterload_rt2</STRONG> (Thumb, 44 bytes, Stack size 0 bytes, __scatter.o(!!!scatter), UNUSED)
<BR><BR>[Calls]<UL><LI><a href="#[fe]">&gt;&gt;</a>&nbsp;&nbsp;&nbsp;__rt_entry
</UL>

<P><STRONG><a name="[100]"></a>_printf_n</STRONG> (Thumb, 0 bytes, Stack size 0 bytes, _printf_n.o(.ARM.Collect$$_printf_percent$$00000001))
<BR><BR>[Calls]<UL><LI><a href="#[101]">&gt;&gt;</a>&nbsp;&nbsp;&nbsp;_printf_charcount
</UL>

<P><STRONG><a name="[52b]"></a>_printf_percent</STRONG> (Thumb, 0 bytes, Stack size 0 bytes, _printf_percent.o(.ARM.Collect$$_printf_percent$$00000000))
<BR><BR>[Called By]<UL><LI><a href="#[529]">&gt;&gt;</a>&nbsp;&nbsp;&nbsp;__printf
</UL>

<P><STRONG><a name="[102]"></a>_printf_p</STRONG> (Thumb, 0 bytes, Stack size 0 bytes, _printf_p.o(.ARM.Collect$$_printf_percent$$00000002))
<BR><BR>[Calls]<UL><LI><a href="#[103]">&gt;&gt;</a>&nbsp;&nbsp;&nbsp;_printf_hex_ptr
</UL>

<P><STRONG><a name="[104]"></a>_printf_f</STRONG> (Thumb, 0 bytes, Stack size 0 bytes, _printf_f.o(.ARM.Collect$$_printf_percent$$00000003))
<BR><BR>[Calls]<UL><LI><a href="#[105]">&gt;&gt;</a>&nbsp;&nbsp;&nbsp;_printf_fp_dec
</UL>

<P><STRONG><a name="[106]"></a>_printf_e</STRONG> (Thumb, 0 bytes, Stack size 0 bytes, _printf_e.o(.ARM.Collect$$_printf_percent$$00000004))
<BR><BR>[Calls]<UL><LI><a href="#[105]">&gt;&gt;</a>&nbsp;&nbsp;&nbsp;_printf_fp_dec
</UL>

<P><STRONG><a name="[107]"></a>_printf_g</STRONG> (Thumb, 0 bytes, Stack size 0 bytes, _printf_g.o(.ARM.Collect$$_printf_percent$$00000005))
<BR><BR>[Calls]<UL><LI><a href="#[105]">&gt;&gt;</a>&nbsp;&nbsp;&nbsp;_printf_fp_dec
</UL>

<P><STRONG><a name="[108]"></a>_printf_a</STRONG> (Thumb, 0 bytes, Stack size 0 bytes, _printf_a.o(.ARM.Collect$$_printf_percent$$00000006))
<BR><BR>[Calls]<UL><LI><a href="#[109]">&gt;&gt;</a>&nbsp;&nbsp;&nbsp;_printf_fp_hex
</UL>

<P><STRONG><a name="[10a]"></a>_printf_i</STRONG> (Thumb, 0 bytes, Stack size 0 bytes, _printf_i.o(.ARM.Collect$$_printf_percent$$00000008))
<BR><BR>[Calls]<UL><LI><a href="#[10b]">&gt;&gt;</a>&nbsp;&nbsp;&nbsp;_printf_int_dec
</UL>

<P><STRONG><a name="[10c]"></a>_printf_d</STRONG> (Thumb, 0 bytes, Stack size 0 bytes, _printf_d.o(.ARM.Collect$$_printf_percent$$00000009))
<BR><BR>[Calls]<UL><LI><a href="#[10b]">&gt;&gt;</a>&nbsp;&nbsp;&nbsp;_printf_int_dec
</UL>

<P><STRONG><a name="[10d]"></a>_printf_u</STRONG> (Thumb, 0 bytes, Stack size 0 bytes, _printf_u.o(.ARM.Collect$$_printf_percent$$0000000A))
<BR><BR>[Calls]<UL><LI><a href="#[10b]">&gt;&gt;</a>&nbsp;&nbsp;&nbsp;_printf_int_dec
</UL>

<P><STRONG><a name="[10e]"></a>_printf_o</STRONG> (Thumb, 0 bytes, Stack size 0 bytes, _printf_o.o(.ARM.Collect$$_printf_percent$$0000000B))
<BR><BR>[Calls]<UL><LI><a href="#[10f]">&gt;&gt;</a>&nbsp;&nbsp;&nbsp;_printf_int_oct
</UL>

<P><STRONG><a name="[110]"></a>_printf_x</STRONG> (Thumb, 0 bytes, Stack size 0 bytes, _printf_x.o(.ARM.Collect$$_printf_percent$$0000000C))
<BR><BR>[Calls]<UL><LI><a href="#[111]">&gt;&gt;</a>&nbsp;&nbsp;&nbsp;_printf_int_hex
</UL>

<P><STRONG><a name="[112]"></a>_printf_lli</STRONG> (Thumb, 0 bytes, Stack size 0 bytes, _printf_lli.o(.ARM.Collect$$_printf_percent$$0000000D))
<BR><BR>[Calls]<UL><LI><a href="#[113]">&gt;&gt;</a>&nbsp;&nbsp;&nbsp;_printf_longlong_dec
</UL>

<P><STRONG><a name="[114]"></a>_printf_lld</STRONG> (Thumb, 0 bytes, Stack size 0 bytes, _printf_lld.o(.ARM.Collect$$_printf_percent$$0000000E))
<BR><BR>[Calls]<UL><LI><a href="#[113]">&gt;&gt;</a>&nbsp;&nbsp;&nbsp;_printf_longlong_dec
</UL>

<P><STRONG><a name="[115]"></a>_printf_llu</STRONG> (Thumb, 0 bytes, Stack size 0 bytes, _printf_llu.o(.ARM.Collect$$_printf_percent$$0000000F))
<BR><BR>[Calls]<UL><LI><a href="#[113]">&gt;&gt;</a>&nbsp;&nbsp;&nbsp;_printf_longlong_dec
</UL>

<P><STRONG><a name="[116]"></a>_printf_llo</STRONG> (Thumb, 0 bytes, Stack size 0 bytes, _printf_llo.o(.ARM.Collect$$_printf_percent$$00000010))
<BR><BR>[Calls]<UL><LI><a href="#[117]">&gt;&gt;</a>&nbsp;&nbsp;&nbsp;_printf_ll_oct
</UL>

<P><STRONG><a name="[118]"></a>_printf_llx</STRONG> (Thumb, 0 bytes, Stack size 0 bytes, _printf_llx.o(.ARM.Collect$$_printf_percent$$00000011))
<BR><BR>[Calls]<UL><LI><a href="#[119]">&gt;&gt;</a>&nbsp;&nbsp;&nbsp;_printf_ll_hex
</UL>

<P><STRONG><a name="[11a]"></a>_printf_c</STRONG> (Thumb, 0 bytes, Stack size 0 bytes, _printf_c.o(.ARM.Collect$$_printf_percent$$00000013))
<BR><BR>[Calls]<UL><LI><a href="#[11b]">&gt;&gt;</a>&nbsp;&nbsp;&nbsp;_printf_char
</UL>

<P><STRONG><a name="[11c]"></a>_printf_s</STRONG> (Thumb, 0 bytes, Stack size 0 bytes, _printf_s.o(.ARM.Collect$$_printf_percent$$00000014))
<BR><BR>[Calls]<UL><LI><a href="#[11d]">&gt;&gt;</a>&nbsp;&nbsp;&nbsp;_printf_string
</UL>

<P><STRONG><a name="[11e]"></a>_printf_lc</STRONG> (Thumb, 0 bytes, Stack size 0 bytes, _printf_lc.o(.ARM.Collect$$_printf_percent$$00000015))
<BR><BR>[Calls]<UL><LI><a href="#[11f]">&gt;&gt;</a>&nbsp;&nbsp;&nbsp;_printf_wchar
</UL>

<P><STRONG><a name="[120]"></a>_printf_ls</STRONG> (Thumb, 0 bytes, Stack size 0 bytes, _printf_ls.o(.ARM.Collect$$_printf_percent$$00000016))
<BR><BR>[Calls]<UL><LI><a href="#[121]">&gt;&gt;</a>&nbsp;&nbsp;&nbsp;_printf_wstring
</UL>

<P><STRONG><a name="[130]"></a>__rt_lib_init</STRONG> (Thumb, 0 bytes, Stack size 0 bytes, libinit.o(.ARM.Collect$$libinit$$00000000))
<BR><BR>[Called By]<UL><LI><a href="#[12f]">&gt;&gt;</a>&nbsp;&nbsp;&nbsp;__rt_entry_li
</UL>

<P><STRONG><a name="[122]"></a>__rt_lib_init_fp_1</STRONG> (Thumb, 0 bytes, Stack size 0 bytes, libinit2.o(.ARM.Collect$$libinit$$00000001))
<BR><BR>[Calls]<UL><LI><a href="#[123]">&gt;&gt;</a>&nbsp;&nbsp;&nbsp;_fp_init
</UL>

<P><STRONG><a name="[124]"></a>__rt_lib_init_lc_common</STRONG> (Thumb, 0 bytes, Stack size 0 bytes, libinit2.o(.ARM.Collect$$libinit$$0000000F))
<BR><BR>[Calls]<UL><LI><a href="#[125]">&gt;&gt;</a>&nbsp;&nbsp;&nbsp;__rt_locale
</UL>

<P><STRONG><a name="[126]"></a>__rt_lib_init_lc_ctype_2</STRONG> (Thumb, 0 bytes, Stack size 0 bytes, libinit2.o(.ARM.Collect$$libinit$$00000012))
<BR><BR>[Calls]<UL><LI><a href="#[81]">&gt;&gt;</a>&nbsp;&nbsp;&nbsp;_get_lc_ctype
</UL>

<P><STRONG><a name="[127]"></a>__rt_lib_init_lc_numeric_2</STRONG> (Thumb, 0 bytes, Stack size 0 bytes, libinit2.o(.ARM.Collect$$libinit$$00000016))
<BR><BR>[Calls]<UL><LI><a href="#[128]">&gt;&gt;</a>&nbsp;&nbsp;&nbsp;_get_lc_numeric
</UL>

<P><STRONG><a name="[129]"></a>__rt_lib_init_stdio_2</STRONG> (Thumb, 0 bytes, Stack size 0 bytes, libinit2.o(.ARM.Collect$$libinit$$00000024))
<BR><BR>[Calls]<UL><LI><a href="#[12a]">&gt;&gt;</a>&nbsp;&nbsp;&nbsp;_initio
</UL>

<P><STRONG><a name="[135]"></a>__rt_lib_shutdown</STRONG> (Thumb, 0 bytes, Stack size 0 bytes, libshutdown.o(.ARM.Collect$$libshutdown$$00000000))
<BR><BR>[Called By]<UL><LI><a href="#[134]">&gt;&gt;</a>&nbsp;&nbsp;&nbsp;__rt_exit_ls
</UL>

<P><STRONG><a name="[12b]"></a>__rt_lib_shutdown_stdio_2</STRONG> (Thumb, 0 bytes, Stack size 0 bytes, libshutdown2.o(.ARM.Collect$$libshutdown$$00000005))
<BR><BR>[Calls]<UL><LI><a href="#[12c]">&gt;&gt;</a>&nbsp;&nbsp;&nbsp;_terminateio
</UL>

<P><STRONG><a name="[fe]"></a>__rt_entry</STRONG> (Thumb, 0 bytes, Stack size 0 bytes, __rtentry.o(.ARM.Collect$$rtentry$$00000000))
<BR><BR>[Called By]<UL><LI><a href="#[fc]">&gt;&gt;</a>&nbsp;&nbsp;&nbsp;__main
<LI><a href="#[ff]">&gt;&gt;</a>&nbsp;&nbsp;&nbsp;__scatterload_rt2
</UL>

<P><STRONG><a name="[12d]"></a>__rt_entry_sh</STRONG> (Thumb, 0 bytes, Stack size 0 bytes, __rtentry4.o(.ARM.Collect$$rtentry$$00000004))
<BR><BR>[Calls]<UL><LI><a href="#[12e]">&gt;&gt;</a>&nbsp;&nbsp;&nbsp;__user_setup_stackheap
</UL>

<P><STRONG><a name="[12f]"></a>__rt_entry_li</STRONG> (Thumb, 0 bytes, Stack size 0 bytes, __rtentry2.o(.ARM.Collect$$rtentry$$0000000A))
<BR><BR>[Calls]<UL><LI><a href="#[130]">&gt;&gt;</a>&nbsp;&nbsp;&nbsp;__rt_lib_init
</UL>

<P><STRONG><a name="[131]"></a>__rt_entry_main</STRONG> (Thumb, 0 bytes, Stack size 0 bytes, __rtentry2.o(.ARM.Collect$$rtentry$$0000000D))
<BR><BR>[Calls]<UL><LI><a href="#[132]">&gt;&gt;</a>&nbsp;&nbsp;&nbsp;main
<LI><a href="#[133]">&gt;&gt;</a>&nbsp;&nbsp;&nbsp;exit
</UL>

<P><STRONG><a name="[55d]"></a>__rt_exit</STRONG> (Thumb, 0 bytes, Stack size 0 bytes, rtexit.o(.ARM.Collect$$rtexit$$00000000))
<BR><BR>[Called By]<UL><LI><a href="#[133]">&gt;&gt;</a>&nbsp;&nbsp;&nbsp;exit
</UL>

<P><STRONG><a name="[134]"></a>__rt_exit_ls</STRONG> (Thumb, 0 bytes, Stack size 0 bytes, rtexit2.o(.ARM.Collect$$rtexit$$00000003))
<BR><BR>[Calls]<UL><LI><a href="#[135]">&gt;&gt;</a>&nbsp;&nbsp;&nbsp;__rt_lib_shutdown
</UL>

<P><STRONG><a name="[136]"></a>__rt_exit_exit</STRONG> (Thumb, 0 bytes, Stack size 0 bytes, rtexit2.o(.ARM.Collect$$rtexit$$00000004))
<BR><BR>[Calls]<UL><LI><a href="#[137]">&gt;&gt;</a>&nbsp;&nbsp;&nbsp;_sys_exit
</UL>

<P><STRONG><a name="[47b]"></a>__asm___12_nrf_atomic_c_85ca2469__nrf_atomic_internal_mov</STRONG> (Thumb, 24 bytes, Stack size 0 bytes, nrf_atomic.o(.emb_text), UNUSED)
<BR><BR>[Called By]<UL><LI><a href="#[47c]">&gt;&gt;</a>&nbsp;&nbsp;&nbsp;nrf_atomic_u32_store
<LI><a href="#[47a]">&gt;&gt;</a>&nbsp;&nbsp;&nbsp;nrf_atomic_u32_fetch_store
</UL>

<P><STRONG><a name="[47d]"></a>__asm___12_nrf_atomic_c_85ca2469__nrf_atomic_internal_orr</STRONG> (Thumb, 26 bytes, Stack size 0 bytes, nrf_atomic.o(.emb_text))
<BR><BR>[Called By]<UL><LI><a href="#[471]">&gt;&gt;</a>&nbsp;&nbsp;&nbsp;nrf_atomic_u32_or
<LI><a href="#[473]">&gt;&gt;</a>&nbsp;&nbsp;&nbsp;nrf_atomic_u32_fetch_or
</UL>

<P><STRONG><a name="[47e]"></a>__asm___12_nrf_atomic_c_85ca2469__nrf_atomic_internal_and</STRONG> (Thumb, 26 bytes, Stack size 0 bytes, nrf_atomic.o(.emb_text))
<BR><BR>[Called By]<UL><LI><a href="#[477]">&gt;&gt;</a>&nbsp;&nbsp;&nbsp;nrf_atomic_u32_fetch_and
<LI><a href="#[475]">&gt;&gt;</a>&nbsp;&nbsp;&nbsp;nrf_atomic_u32_and
</UL>

<P><STRONG><a name="[480]"></a>__asm___12_nrf_atomic_c_85ca2469__nrf_atomic_internal_eor</STRONG> (Thumb, 26 bytes, Stack size 0 bytes, nrf_atomic.o(.emb_text), UNUSED)
<BR><BR>[Called By]<UL><LI><a href="#[481]">&gt;&gt;</a>&nbsp;&nbsp;&nbsp;nrf_atomic_u32_xor
<LI><a href="#[47f]">&gt;&gt;</a>&nbsp;&nbsp;&nbsp;nrf_atomic_u32_fetch_xor
</UL>

<P><STRONG><a name="[483]"></a>__asm___12_nrf_atomic_c_85ca2469__nrf_atomic_internal_add</STRONG> (Thumb, 26 bytes, Stack size 0 bytes, nrf_atomic.o(.emb_text), UNUSED)
<BR><BR>[Called By]<UL><LI><a href="#[484]">&gt;&gt;</a>&nbsp;&nbsp;&nbsp;nrf_atomic_u32_add
<LI><a href="#[482]">&gt;&gt;</a>&nbsp;&nbsp;&nbsp;nrf_atomic_u32_fetch_add
</UL>

<P><STRONG><a name="[486]"></a>__asm___12_nrf_atomic_c_85ca2469__nrf_atomic_internal_sub</STRONG> (Thumb, 26 bytes, Stack size 0 bytes, nrf_atomic.o(.emb_text), UNUSED)
<BR><BR>[Called By]<UL><LI><a href="#[487]">&gt;&gt;</a>&nbsp;&nbsp;&nbsp;nrf_atomic_u32_sub
<LI><a href="#[485]">&gt;&gt;</a>&nbsp;&nbsp;&nbsp;nrf_atomic_u32_fetch_sub
</UL>

<P><STRONG><a name="[489]"></a>__asm___12_nrf_atomic_c_85ca2469__nrf_atomic_internal_cmp_exch</STRONG> (Thumb, 42 bytes, Stack size 0 bytes, nrf_atomic.o(.emb_text), UNUSED)
<BR><BR>[Called By]<UL><LI><a href="#[488]">&gt;&gt;</a>&nbsp;&nbsp;&nbsp;nrf_atomic_u32_cmp_exch
</UL>

<P><STRONG><a name="[48b]"></a>__asm___12_nrf_atomic_c_85ca2469__nrf_atomic_internal_sub_hs</STRONG> (Thumb, 30 bytes, Stack size 0 bytes, nrf_atomic.o(.emb_text), UNUSED)
<BR><BR>[Called By]<UL><LI><a href="#[48c]">&gt;&gt;</a>&nbsp;&nbsp;&nbsp;nrf_atomic_u32_sub_hs
<LI><a href="#[48a]">&gt;&gt;</a>&nbsp;&nbsp;&nbsp;nrf_atomic_u32_fetch_sub_hs
</UL>

<P><STRONG><a name="[138]"></a>$Super$$main</STRONG> (Thumb, 254 bytes, Stack size 0 bytes, application.o(.text))
<BR><BR>[Calls]<UL><LI><a href="#[13b]">&gt;&gt;</a>&nbsp;&nbsp;&nbsp;ulog_output
<LI><a href="#[b8]">&gt;&gt;</a>&nbsp;&nbsp;&nbsp;ulog_init
<LI><a href="#[142]">&gt;&gt;</a>&nbsp;&nbsp;&nbsp;rt_thread_mdelay
<LI><a href="#[c1]">&gt;&gt;</a>&nbsp;&nbsp;&nbsp;rt_pin_write
<LI><a href="#[c0]">&gt;&gt;</a>&nbsp;&nbsp;&nbsp;rt_pin_mode
<LI><a href="#[13f]">&gt;&gt;</a>&nbsp;&nbsp;&nbsp;rt_hw_cpu_reset
<LI><a href="#[13c]">&gt;&gt;</a>&nbsp;&nbsp;&nbsp;rt_device_find
<LI><a href="#[140]">&gt;&gt;</a>&nbsp;&nbsp;&nbsp;fdb_tsdb_init
<LI><a href="#[141]">&gt;&gt;</a>&nbsp;&nbsp;&nbsp;fdb_tsdb_control
<LI><a href="#[13a]">&gt;&gt;</a>&nbsp;&nbsp;&nbsp;fal_mtd_nor_device_create
<LI><a href="#[139]">&gt;&gt;</a>&nbsp;&nbsp;&nbsp;fal_init
<LI><a href="#[13d]">&gt;&gt;</a>&nbsp;&nbsp;&nbsp;dfs_mount
<LI><a href="#[13e]">&gt;&gt;</a>&nbsp;&nbsp;&nbsp;dfs_mkfs
</UL>
<BR>[Called By]<UL><LI><a href="#[27e]">&gt;&gt;</a>&nbsp;&nbsp;&nbsp;main_thread_entry
</UL>

<P><STRONG><a name="[2e5]"></a>rt_hw_stack_init</STRONG> (Thumb, 74 bytes, Stack size 0 bytes, cpuport.o(.text))
<BR><BR>[Called By]<UL><LI><a href="#[2e4]">&gt;&gt;</a>&nbsp;&nbsp;&nbsp;_rt_thread_init
</UL>

<P><STRONG><a name="[148]"></a>rt_hw_hard_fault_exception</STRONG> (Thumb, 220 bytes, Stack size 0 bytes, cpuport.o(.text))
<BR><BR>[Calls]<UL><LI><a href="#[149]">&gt;&gt;</a>&nbsp;&nbsp;&nbsp;rt_thread_self
<LI><a href="#[d9]">&gt;&gt;</a>&nbsp;&nbsp;&nbsp;list_thread
<LI><a href="#[147]">&gt;&gt;</a>&nbsp;&nbsp;&nbsp;hard_fault_track
<LI><a href="#[144]">&gt;&gt;</a>&nbsp;&nbsp;&nbsp;rt_kprintf
</UL>
<BR>[Called By]<UL><LI><a href="#[11]">&gt;&gt;</a>&nbsp;&nbsp;&nbsp;HardFault_Handler
</UL>

<P><STRONG><a name="[14a]"></a>rt_hw_cpu_shutdown</STRONG> (Thumb, 22 bytes, Stack size 0 bytes, cpuport.o(.text), UNUSED)
<BR><BR>[Calls]<UL><LI><a href="#[144]">&gt;&gt;</a>&nbsp;&nbsp;&nbsp;rt_kprintf
<LI><a href="#[14b]">&gt;&gt;</a>&nbsp;&nbsp;&nbsp;rt_assert_handler
</UL>

<P><STRONG><a name="[13f]"></a>rt_hw_cpu_reset</STRONG> (Thumb, 10 bytes, Stack size 0 bytes, cpuport.o(.text))
<BR><BR>[Called By]<UL><LI><a href="#[c9]">&gt;&gt;</a>&nbsp;&nbsp;&nbsp;reboot
<LI><a href="#[138]">&gt;&gt;</a>&nbsp;&nbsp;&nbsp;$Super$$main
</UL>

<P><STRONG><a name="[167]"></a>rt_hw_interrupt_disable</STRONG> (Thumb, 8 bytes, Stack size 0 bytes, context_rvds.o(.text))
<BR><BR>[Called By]<UL><LI><a href="#[1fa]">&gt;&gt;</a>&nbsp;&nbsp;&nbsp;rt_realloc
<LI><a href="#[91]">&gt;&gt;</a>&nbsp;&nbsp;&nbsp;nrf5x_pin_irq_enable
<LI><a href="#[90]">&gt;&gt;</a>&nbsp;&nbsp;&nbsp;nrf5x_pin_dettach_irq
<LI><a href="#[8f]">&gt;&gt;</a>&nbsp;&nbsp;&nbsp;nrf5x_pin_attach_irq
<LI><a href="#[1ac]">&gt;&gt;</a>&nbsp;&nbsp;&nbsp;rt_system_heap_init
<LI><a href="#[1a6]">&gt;&gt;</a>&nbsp;&nbsp;&nbsp;rt_interrupt_leave
<LI><a href="#[1a4]">&gt;&gt;</a>&nbsp;&nbsp;&nbsp;rt_interrupt_enter
<LI><a href="#[2e7]">&gt;&gt;</a>&nbsp;&nbsp;&nbsp;rt_timer_stop
<LI><a href="#[2e0]">&gt;&gt;</a>&nbsp;&nbsp;&nbsp;rt_timer_detach
<LI><a href="#[2e9]">&gt;&gt;</a>&nbsp;&nbsp;&nbsp;rt_thread_delete
<LI><a href="#[2a0]">&gt;&gt;</a>&nbsp;&nbsp;&nbsp;rt_sem_take
<LI><a href="#[2a2]">&gt;&gt;</a>&nbsp;&nbsp;&nbsp;rt_sem_release
<LI><a href="#[1a1]">&gt;&gt;</a>&nbsp;&nbsp;&nbsp;rt_wqueue_remove
<LI><a href="#[1a0]">&gt;&gt;</a>&nbsp;&nbsp;&nbsp;rt_wqueue_add
<LI><a href="#[190]">&gt;&gt;</a>&nbsp;&nbsp;&nbsp;rt_rbb_next_blk_queue_len
<LI><a href="#[18c]">&gt;&gt;</a>&nbsp;&nbsp;&nbsp;rt_rbb_blk_queue_get
<LI><a href="#[18a]">&gt;&gt;</a>&nbsp;&nbsp;&nbsp;rt_rbb_blk_free
<LI><a href="#[186]">&gt;&gt;</a>&nbsp;&nbsp;&nbsp;rt_rbb_blk_get
<LI><a href="#[182]">&gt;&gt;</a>&nbsp;&nbsp;&nbsp;rt_rbb_blk_alloc
<LI><a href="#[1f6]">&gt;&gt;</a>&nbsp;&nbsp;&nbsp;rt_mutex_take
<LI><a href="#[1f8]">&gt;&gt;</a>&nbsp;&nbsp;&nbsp;rt_mutex_release
<LI><a href="#[17b]">&gt;&gt;</a>&nbsp;&nbsp;&nbsp;rt_timer_start
<LI><a href="#[17a]">&gt;&gt;</a>&nbsp;&nbsp;&nbsp;rt_timer_control
<LI><a href="#[178]">&gt;&gt;</a>&nbsp;&nbsp;&nbsp;rt_thread_suspend
<LI><a href="#[17d]">&gt;&gt;</a>&nbsp;&nbsp;&nbsp;rt_thread_resume
<LI><a href="#[17c]">&gt;&gt;</a>&nbsp;&nbsp;&nbsp;rt_schedule
<LI><a href="#[179]">&gt;&gt;</a>&nbsp;&nbsp;&nbsp;rt_interrupt_get_nest
<LI><a href="#[160]">&gt;&gt;</a>&nbsp;&nbsp;&nbsp;rt_wqueue_wakeup
<LI><a href="#[165]">&gt;&gt;</a>&nbsp;&nbsp;&nbsp;rt_wqueue_wait
<LI><a href="#[16b]">&gt;&gt;</a>&nbsp;&nbsp;&nbsp;rt_malloc
<LI><a href="#[16e]">&gt;&gt;</a>&nbsp;&nbsp;&nbsp;rt_free
<LI><a href="#[176]">&gt;&gt;</a>&nbsp;&nbsp;&nbsp;rt_completion_wait
<LI><a href="#[16d]">&gt;&gt;</a>&nbsp;&nbsp;&nbsp;rt_completion_init
<LI><a href="#[175]">&gt;&gt;</a>&nbsp;&nbsp;&nbsp;rt_completion_done
<LI><a href="#[173]">&gt;&gt;</a>&nbsp;&nbsp;&nbsp;rt_hw_serial_isr
<LI><a href="#[56]">&gt;&gt;</a>&nbsp;&nbsp;&nbsp;rt_serial_control
<LI><a href="#[169]">&gt;&gt;</a>&nbsp;&nbsp;&nbsp;_serial_int_rx
<LI><a href="#[88]">&gt;&gt;</a>&nbsp;&nbsp;&nbsp;serial_fops_poll
<LI><a href="#[15c]">&gt;&gt;</a>&nbsp;&nbsp;&nbsp;rt_exit_critical
<LI><a href="#[159]">&gt;&gt;</a>&nbsp;&nbsp;&nbsp;rt_enter_critical
<LI><a href="#[d9]">&gt;&gt;</a>&nbsp;&nbsp;&nbsp;list_thread
<LI><a href="#[2f9]">&gt;&gt;</a>&nbsp;&nbsp;&nbsp;rt_soft_timer_check
<LI><a href="#[2f6]">&gt;&gt;</a>&nbsp;&nbsp;&nbsp;rt_timer_delete
<LI><a href="#[2f1]">&gt;&gt;</a>&nbsp;&nbsp;&nbsp;rt_timer_list_next_timeout
<LI><a href="#[2ed]">&gt;&gt;</a>&nbsp;&nbsp;&nbsp;rt_thread_delay_until
<LI><a href="#[2eb]">&gt;&gt;</a>&nbsp;&nbsp;&nbsp;rt_thread_sleep
<LI><a href="#[2ea]">&gt;&gt;</a>&nbsp;&nbsp;&nbsp;rt_thread_yield
<LI><a href="#[2e8]">&gt;&gt;</a>&nbsp;&nbsp;&nbsp;rt_thread_detach
<LI><a href="#[2df]">&gt;&gt;</a>&nbsp;&nbsp;&nbsp;rt_thread_exit
<LI><a href="#[2dc]">&gt;&gt;</a>&nbsp;&nbsp;&nbsp;rt_schedule_insert_thread
<LI><a href="#[2da]">&gt;&gt;</a>&nbsp;&nbsp;&nbsp;rt_schedule_remove_thread
<LI><a href="#[2d6]">&gt;&gt;</a>&nbsp;&nbsp;&nbsp;_rt_scheduler_stack_check
<LI><a href="#[2d5]">&gt;&gt;</a>&nbsp;&nbsp;&nbsp;rt_object_find
<LI><a href="#[2d2]">&gt;&gt;</a>&nbsp;&nbsp;&nbsp;rt_object_get_pointers
<LI><a href="#[2d1]">&gt;&gt;</a>&nbsp;&nbsp;&nbsp;rt_object_get_length
<LI><a href="#[2a8]">&gt;&gt;</a>&nbsp;&nbsp;&nbsp;rt_thread_control
<LI><a href="#[29e]">&gt;&gt;</a>&nbsp;&nbsp;&nbsp;rt_object_allocate
<LI><a href="#[2c3]">&gt;&gt;</a>&nbsp;&nbsp;&nbsp;rt_mq_control
<LI><a href="#[2c2]">&gt;&gt;</a>&nbsp;&nbsp;&nbsp;rt_mq_recv
<LI><a href="#[2c1]">&gt;&gt;</a>&nbsp;&nbsp;&nbsp;rt_mq_urgent
<LI><a href="#[2be]">&gt;&gt;</a>&nbsp;&nbsp;&nbsp;rt_mq_send_wait
<LI><a href="#[2bd]">&gt;&gt;</a>&nbsp;&nbsp;&nbsp;rt_mq_delete
<LI><a href="#[2bc]">&gt;&gt;</a>&nbsp;&nbsp;&nbsp;rt_mq_create
<LI><a href="#[2b9]">&gt;&gt;</a>&nbsp;&nbsp;&nbsp;rt_mb_control
<LI><a href="#[2b8]">&gt;&gt;</a>&nbsp;&nbsp;&nbsp;rt_mb_recv
<LI><a href="#[2b6]">&gt;&gt;</a>&nbsp;&nbsp;&nbsp;rt_mb_send_wait
<LI><a href="#[2b5]">&gt;&gt;</a>&nbsp;&nbsp;&nbsp;rt_mb_delete
<LI><a href="#[2b4]">&gt;&gt;</a>&nbsp;&nbsp;&nbsp;rt_mb_create
<LI><a href="#[2b0]">&gt;&gt;</a>&nbsp;&nbsp;&nbsp;rt_event_control
<LI><a href="#[2af]">&gt;&gt;</a>&nbsp;&nbsp;&nbsp;rt_event_recv
<LI><a href="#[2ae]">&gt;&gt;</a>&nbsp;&nbsp;&nbsp;rt_event_send
<LI><a href="#[2ad]">&gt;&gt;</a>&nbsp;&nbsp;&nbsp;rt_event_delete
<LI><a href="#[2ac]">&gt;&gt;</a>&nbsp;&nbsp;&nbsp;rt_event_create
<LI><a href="#[2a7]">&gt;&gt;</a>&nbsp;&nbsp;&nbsp;rt_mutex_delete
<LI><a href="#[2a6]">&gt;&gt;</a>&nbsp;&nbsp;&nbsp;rt_mutex_create
<LI><a href="#[2a4]">&gt;&gt;</a>&nbsp;&nbsp;&nbsp;rt_sem_control
<LI><a href="#[29f]">&gt;&gt;</a>&nbsp;&nbsp;&nbsp;rt_sem_delete
<LI><a href="#[29d]">&gt;&gt;</a>&nbsp;&nbsp;&nbsp;rt_sem_create
<LI><a href="#[299]">&gt;&gt;</a>&nbsp;&nbsp;&nbsp;rt_ipc_list_resume_all
<LI><a href="#[295]">&gt;&gt;</a>&nbsp;&nbsp;&nbsp;rt_object_delete
<LI><a href="#[293]">&gt;&gt;</a>&nbsp;&nbsp;&nbsp;rt_thread_idle_excute
<LI><a href="#[292]">&gt;&gt;</a>&nbsp;&nbsp;&nbsp;rt_thread_idle_delhook
<LI><a href="#[291]">&gt;&gt;</a>&nbsp;&nbsp;&nbsp;rt_thread_idle_sethook
<LI><a href="#[288]">&gt;&gt;</a>&nbsp;&nbsp;&nbsp;rt_object_init
<LI><a href="#[28c]">&gt;&gt;</a>&nbsp;&nbsp;&nbsp;rt_object_detach
<LI><a href="#[281]">&gt;&gt;</a>&nbsp;&nbsp;&nbsp;rtthread_startup
<LI><a href="#[27d]">&gt;&gt;</a>&nbsp;&nbsp;&nbsp;rt_timer_check
<LI><a href="#[27c]">&gt;&gt;</a>&nbsp;&nbsp;&nbsp;rt_tick_set
<LI><a href="#[e1]">&gt;&gt;</a>&nbsp;&nbsp;&nbsp;list_device
<LI><a href="#[e0]">&gt;&gt;</a>&nbsp;&nbsp;&nbsp;list_timer
<LI><a href="#[df]">&gt;&gt;</a>&nbsp;&nbsp;&nbsp;list_mempool
<LI><a href="#[de]">&gt;&gt;</a>&nbsp;&nbsp;&nbsp;list_msgqueue
<LI><a href="#[dd]">&gt;&gt;</a>&nbsp;&nbsp;&nbsp;list_mailbox
<LI><a href="#[dc]">&gt;&gt;</a>&nbsp;&nbsp;&nbsp;list_mutex
<LI><a href="#[db]">&gt;&gt;</a>&nbsp;&nbsp;&nbsp;list_event
<LI><a href="#[da]">&gt;&gt;</a>&nbsp;&nbsp;&nbsp;list_sem
<LI><a href="#[252]">&gt;&gt;</a>&nbsp;&nbsp;&nbsp;list_get_next
<LI><a href="#[51c]">&gt;&gt;</a>&nbsp;&nbsp;&nbsp;ulog_backend_unregister
<LI><a href="#[51b]">&gt;&gt;</a>&nbsp;&nbsp;&nbsp;ulog_backend_register
</UL>

<P><STRONG><a name="[168]"></a>rt_hw_interrupt_enable</STRONG> (Thumb, 6 bytes, Stack size 0 bytes, context_rvds.o(.text))
<BR><BR>[Called By]<UL><LI><a href="#[1fa]">&gt;&gt;</a>&nbsp;&nbsp;&nbsp;rt_realloc
<LI><a href="#[91]">&gt;&gt;</a>&nbsp;&nbsp;&nbsp;nrf5x_pin_irq_enable
<LI><a href="#[90]">&gt;&gt;</a>&nbsp;&nbsp;&nbsp;nrf5x_pin_dettach_irq
<LI><a href="#[8f]">&gt;&gt;</a>&nbsp;&nbsp;&nbsp;nrf5x_pin_attach_irq
<LI><a href="#[1ac]">&gt;&gt;</a>&nbsp;&nbsp;&nbsp;rt_system_heap_init
<LI><a href="#[1a6]">&gt;&gt;</a>&nbsp;&nbsp;&nbsp;rt_interrupt_leave
<LI><a href="#[1a4]">&gt;&gt;</a>&nbsp;&nbsp;&nbsp;rt_interrupt_enter
<LI><a href="#[1ab]">&gt;&gt;</a>&nbsp;&nbsp;&nbsp;rt_hw_board_init
<LI><a href="#[2e7]">&gt;&gt;</a>&nbsp;&nbsp;&nbsp;rt_timer_stop
<LI><a href="#[2e0]">&gt;&gt;</a>&nbsp;&nbsp;&nbsp;rt_timer_detach
<LI><a href="#[2e9]">&gt;&gt;</a>&nbsp;&nbsp;&nbsp;rt_thread_delete
<LI><a href="#[2a0]">&gt;&gt;</a>&nbsp;&nbsp;&nbsp;rt_sem_take
<LI><a href="#[2a2]">&gt;&gt;</a>&nbsp;&nbsp;&nbsp;rt_sem_release
<LI><a href="#[1a1]">&gt;&gt;</a>&nbsp;&nbsp;&nbsp;rt_wqueue_remove
<LI><a href="#[1a0]">&gt;&gt;</a>&nbsp;&nbsp;&nbsp;rt_wqueue_add
<LI><a href="#[190]">&gt;&gt;</a>&nbsp;&nbsp;&nbsp;rt_rbb_next_blk_queue_len
<LI><a href="#[18c]">&gt;&gt;</a>&nbsp;&nbsp;&nbsp;rt_rbb_blk_queue_get
<LI><a href="#[18a]">&gt;&gt;</a>&nbsp;&nbsp;&nbsp;rt_rbb_blk_free
<LI><a href="#[186]">&gt;&gt;</a>&nbsp;&nbsp;&nbsp;rt_rbb_blk_get
<LI><a href="#[182]">&gt;&gt;</a>&nbsp;&nbsp;&nbsp;rt_rbb_blk_alloc
<LI><a href="#[1f6]">&gt;&gt;</a>&nbsp;&nbsp;&nbsp;rt_mutex_take
<LI><a href="#[1f8]">&gt;&gt;</a>&nbsp;&nbsp;&nbsp;rt_mutex_release
<LI><a href="#[17b]">&gt;&gt;</a>&nbsp;&nbsp;&nbsp;rt_timer_start
<LI><a href="#[17a]">&gt;&gt;</a>&nbsp;&nbsp;&nbsp;rt_timer_control
<LI><a href="#[178]">&gt;&gt;</a>&nbsp;&nbsp;&nbsp;rt_thread_suspend
<LI><a href="#[17d]">&gt;&gt;</a>&nbsp;&nbsp;&nbsp;rt_thread_resume
<LI><a href="#[17c]">&gt;&gt;</a>&nbsp;&nbsp;&nbsp;rt_schedule
<LI><a href="#[179]">&gt;&gt;</a>&nbsp;&nbsp;&nbsp;rt_interrupt_get_nest
<LI><a href="#[160]">&gt;&gt;</a>&nbsp;&nbsp;&nbsp;rt_wqueue_wakeup
<LI><a href="#[165]">&gt;&gt;</a>&nbsp;&nbsp;&nbsp;rt_wqueue_wait
<LI><a href="#[16b]">&gt;&gt;</a>&nbsp;&nbsp;&nbsp;rt_malloc
<LI><a href="#[16e]">&gt;&gt;</a>&nbsp;&nbsp;&nbsp;rt_free
<LI><a href="#[176]">&gt;&gt;</a>&nbsp;&nbsp;&nbsp;rt_completion_wait
<LI><a href="#[16d]">&gt;&gt;</a>&nbsp;&nbsp;&nbsp;rt_completion_init
<LI><a href="#[175]">&gt;&gt;</a>&nbsp;&nbsp;&nbsp;rt_completion_done
<LI><a href="#[173]">&gt;&gt;</a>&nbsp;&nbsp;&nbsp;rt_hw_serial_isr
<LI><a href="#[56]">&gt;&gt;</a>&nbsp;&nbsp;&nbsp;rt_serial_control
<LI><a href="#[169]">&gt;&gt;</a>&nbsp;&nbsp;&nbsp;_serial_int_rx
<LI><a href="#[88]">&gt;&gt;</a>&nbsp;&nbsp;&nbsp;serial_fops_poll
<LI><a href="#[15c]">&gt;&gt;</a>&nbsp;&nbsp;&nbsp;rt_exit_critical
<LI><a href="#[159]">&gt;&gt;</a>&nbsp;&nbsp;&nbsp;rt_enter_critical
<LI><a href="#[d9]">&gt;&gt;</a>&nbsp;&nbsp;&nbsp;list_thread
<LI><a href="#[2f9]">&gt;&gt;</a>&nbsp;&nbsp;&nbsp;rt_soft_timer_check
<LI><a href="#[2f6]">&gt;&gt;</a>&nbsp;&nbsp;&nbsp;rt_timer_delete
<LI><a href="#[2f1]">&gt;&gt;</a>&nbsp;&nbsp;&nbsp;rt_timer_list_next_timeout
<LI><a href="#[2ed]">&gt;&gt;</a>&nbsp;&nbsp;&nbsp;rt_thread_delay_until
<LI><a href="#[2eb]">&gt;&gt;</a>&nbsp;&nbsp;&nbsp;rt_thread_sleep
<LI><a href="#[2ea]">&gt;&gt;</a>&nbsp;&nbsp;&nbsp;rt_thread_yield
<LI><a href="#[2e8]">&gt;&gt;</a>&nbsp;&nbsp;&nbsp;rt_thread_detach
<LI><a href="#[2df]">&gt;&gt;</a>&nbsp;&nbsp;&nbsp;rt_thread_exit
<LI><a href="#[2dc]">&gt;&gt;</a>&nbsp;&nbsp;&nbsp;rt_schedule_insert_thread
<LI><a href="#[2da]">&gt;&gt;</a>&nbsp;&nbsp;&nbsp;rt_schedule_remove_thread
<LI><a href="#[2d5]">&gt;&gt;</a>&nbsp;&nbsp;&nbsp;rt_object_find
<LI><a href="#[2d2]">&gt;&gt;</a>&nbsp;&nbsp;&nbsp;rt_object_get_pointers
<LI><a href="#[2d1]">&gt;&gt;</a>&nbsp;&nbsp;&nbsp;rt_object_get_length
<LI><a href="#[2a8]">&gt;&gt;</a>&nbsp;&nbsp;&nbsp;rt_thread_control
<LI><a href="#[29e]">&gt;&gt;</a>&nbsp;&nbsp;&nbsp;rt_object_allocate
<LI><a href="#[2c3]">&gt;&gt;</a>&nbsp;&nbsp;&nbsp;rt_mq_control
<LI><a href="#[2c2]">&gt;&gt;</a>&nbsp;&nbsp;&nbsp;rt_mq_recv
<LI><a href="#[2c1]">&gt;&gt;</a>&nbsp;&nbsp;&nbsp;rt_mq_urgent
<LI><a href="#[2be]">&gt;&gt;</a>&nbsp;&nbsp;&nbsp;rt_mq_send_wait
<LI><a href="#[2bd]">&gt;&gt;</a>&nbsp;&nbsp;&nbsp;rt_mq_delete
<LI><a href="#[2bc]">&gt;&gt;</a>&nbsp;&nbsp;&nbsp;rt_mq_create
<LI><a href="#[2b9]">&gt;&gt;</a>&nbsp;&nbsp;&nbsp;rt_mb_control
<LI><a href="#[2b8]">&gt;&gt;</a>&nbsp;&nbsp;&nbsp;rt_mb_recv
<LI><a href="#[2b6]">&gt;&gt;</a>&nbsp;&nbsp;&nbsp;rt_mb_send_wait
<LI><a href="#[2b5]">&gt;&gt;</a>&nbsp;&nbsp;&nbsp;rt_mb_delete
<LI><a href="#[2b4]">&gt;&gt;</a>&nbsp;&nbsp;&nbsp;rt_mb_create
<LI><a href="#[2b0]">&gt;&gt;</a>&nbsp;&nbsp;&nbsp;rt_event_control
<LI><a href="#[2af]">&gt;&gt;</a>&nbsp;&nbsp;&nbsp;rt_event_recv
<LI><a href="#[2ae]">&gt;&gt;</a>&nbsp;&nbsp;&nbsp;rt_event_send
<LI><a href="#[2ad]">&gt;&gt;</a>&nbsp;&nbsp;&nbsp;rt_event_delete
<LI><a href="#[2ac]">&gt;&gt;</a>&nbsp;&nbsp;&nbsp;rt_event_create
<LI><a href="#[2a7]">&gt;&gt;</a>&nbsp;&nbsp;&nbsp;rt_mutex_delete
<LI><a href="#[2a6]">&gt;&gt;</a>&nbsp;&nbsp;&nbsp;rt_mutex_create
<LI><a href="#[2a4]">&gt;&gt;</a>&nbsp;&nbsp;&nbsp;rt_sem_control
<LI><a href="#[29f]">&gt;&gt;</a>&nbsp;&nbsp;&nbsp;rt_sem_delete
<LI><a href="#[29d]">&gt;&gt;</a>&nbsp;&nbsp;&nbsp;rt_sem_create
<LI><a href="#[299]">&gt;&gt;</a>&nbsp;&nbsp;&nbsp;rt_ipc_list_resume_all
<LI><a href="#[295]">&gt;&gt;</a>&nbsp;&nbsp;&nbsp;rt_object_delete
<LI><a href="#[293]">&gt;&gt;</a>&nbsp;&nbsp;&nbsp;rt_thread_idle_excute
<LI><a href="#[292]">&gt;&gt;</a>&nbsp;&nbsp;&nbsp;rt_thread_idle_delhook
<LI><a href="#[291]">&gt;&gt;</a>&nbsp;&nbsp;&nbsp;rt_thread_idle_sethook
<LI><a href="#[288]">&gt;&gt;</a>&nbsp;&nbsp;&nbsp;rt_object_init
<LI><a href="#[28c]">&gt;&gt;</a>&nbsp;&nbsp;&nbsp;rt_object_detach
<LI><a href="#[27d]">&gt;&gt;</a>&nbsp;&nbsp;&nbsp;rt_timer_check
<LI><a href="#[27c]">&gt;&gt;</a>&nbsp;&nbsp;&nbsp;rt_tick_set
<LI><a href="#[e1]">&gt;&gt;</a>&nbsp;&nbsp;&nbsp;list_device
<LI><a href="#[e0]">&gt;&gt;</a>&nbsp;&nbsp;&nbsp;list_timer
<LI><a href="#[df]">&gt;&gt;</a>&nbsp;&nbsp;&nbsp;list_mempool
<LI><a href="#[de]">&gt;&gt;</a>&nbsp;&nbsp;&nbsp;list_msgqueue
<LI><a href="#[dd]">&gt;&gt;</a>&nbsp;&nbsp;&nbsp;list_mailbox
<LI><a href="#[dc]">&gt;&gt;</a>&nbsp;&nbsp;&nbsp;list_mutex
<LI><a href="#[db]">&gt;&gt;</a>&nbsp;&nbsp;&nbsp;list_event
<LI><a href="#[da]">&gt;&gt;</a>&nbsp;&nbsp;&nbsp;list_sem
<LI><a href="#[252]">&gt;&gt;</a>&nbsp;&nbsp;&nbsp;list_get_next
<LI><a href="#[51c]">&gt;&gt;</a>&nbsp;&nbsp;&nbsp;ulog_backend_unregister
<LI><a href="#[51b]">&gt;&gt;</a>&nbsp;&nbsp;&nbsp;ulog_backend_register
</UL>

<P><STRONG><a name="[2dd]"></a>rt_hw_context_switch</STRONG> (Thumb, 32 bytes, Stack size 0 bytes, context_rvds.o(.text))
<BR><BR>[Called By]<UL><LI><a href="#[17c]">&gt;&gt;</a>&nbsp;&nbsp;&nbsp;rt_schedule
</UL>

<P><STRONG><a name="[2de]"></a>rt_hw_context_switch_interrupt</STRONG> (Thumb, 0 bytes, Stack size 0 bytes, context_rvds.o(.text))
<BR><BR>[Called By]<UL><LI><a href="#[17c]">&gt;&gt;</a>&nbsp;&nbsp;&nbsp;rt_schedule
</UL>

<P><STRONG><a name="[17]"></a>PendSV_Handler</STRONG> (Thumb, 108 bytes, Stack size 0 bytes, context_rvds.o(.text))
<BR>[Address Reference Count : 1]<UL><LI> arm_startup_nrf52840.o(RESET)
</UL>
<P><STRONG><a name="[2db]"></a>rt_hw_context_switch_to</STRONG> (Thumb, 68 bytes, Stack size 0 bytes, context_rvds.o(.text))
<BR><BR>[Called By]<UL><LI><a href="#[286]">&gt;&gt;</a>&nbsp;&nbsp;&nbsp;rt_system_scheduler_start
</UL>

<P><STRONG><a name="[11]"></a>HardFault_Handler</STRONG> (Thumb, 56 bytes, Stack size 0 bytes, context_rvds.o(.text))
<BR><BR>[Calls]<UL><LI><a href="#[148]">&gt;&gt;</a>&nbsp;&nbsp;&nbsp;rt_hw_hard_fault_exception
</UL>
<BR>[Address Reference Count : 1]<UL><LI> arm_startup_nrf52840.o(RESET)
</UL>
<P><STRONG><a name="[14c]"></a>rt_device_pin_register</STRONG> (Thumb, 56 bytes, Stack size 0 bytes, pin.o(.text))
<BR><BR>[Calls]<UL><LI><a href="#[14d]">&gt;&gt;</a>&nbsp;&nbsp;&nbsp;rt_device_register
</UL>
<BR>[Called By]<UL><LI><a href="#[b4]">&gt;&gt;</a>&nbsp;&nbsp;&nbsp;rt_hw_pin_init
</UL>

<P><STRONG><a name="[14e]"></a>rt_pin_attach_irq</STRONG> (Thumb, 60 bytes, Stack size 0 bytes, pin.o(.text))
<BR><BR>[Calls]<UL><LI><a href="#[14b]">&gt;&gt;</a>&nbsp;&nbsp;&nbsp;rt_assert_handler
</UL>
<BR>[Called By]<UL><LI><a href="#[ca]">&gt;&gt;</a>&nbsp;&nbsp;&nbsp;gpio_sample
</UL>

<P><STRONG><a name="[14f]"></a>rt_pin_detach_irq</STRONG> (Thumb, 46 bytes, Stack size 0 bytes, pin.o(.text), UNUSED)
<BR><BR>[Calls]<UL><LI><a href="#[14b]">&gt;&gt;</a>&nbsp;&nbsp;&nbsp;rt_assert_handler
</UL>

<P><STRONG><a name="[150]"></a>rt_pin_irq_enable</STRONG> (Thumb, 50 bytes, Stack size 0 bytes, pin.o(.text))
<BR><BR>[Calls]<UL><LI><a href="#[14b]">&gt;&gt;</a>&nbsp;&nbsp;&nbsp;rt_assert_handler
</UL>
<BR>[Called By]<UL><LI><a href="#[ca]">&gt;&gt;</a>&nbsp;&nbsp;&nbsp;gpio_sample
</UL>

<P><STRONG><a name="[c0]"></a>rt_pin_mode</STRONG> (Thumb, 38 bytes, Stack size 0 bytes, pin.o(.text))
<BR><BR>[Calls]<UL><LI><a href="#[14b]">&gt;&gt;</a>&nbsp;&nbsp;&nbsp;rt_assert_handler
</UL>
<BR>[Called By]<UL><LI><a href="#[ca]">&gt;&gt;</a>&nbsp;&nbsp;&nbsp;gpio_sample
<LI><a href="#[138]">&gt;&gt;</a>&nbsp;&nbsp;&nbsp;$Super$$main
</UL>
<BR>[Address Reference Count : 1]<UL><LI> pin.o(FSymTab)
</UL>
<P><STRONG><a name="[c1]"></a>rt_pin_write</STRONG> (Thumb, 38 bytes, Stack size 0 bytes, pin.o(.text))
<BR><BR>[Calls]<UL><LI><a href="#[14b]">&gt;&gt;</a>&nbsp;&nbsp;&nbsp;rt_assert_handler
</UL>
<BR>[Called By]<UL><LI><a href="#[ca]">&gt;&gt;</a>&nbsp;&nbsp;&nbsp;gpio_sample
<LI><a href="#[1ce]">&gt;&gt;</a>&nbsp;&nbsp;&nbsp;button_4_callback
<LI><a href="#[1cd]">&gt;&gt;</a>&nbsp;&nbsp;&nbsp;button_3_callback
<LI><a href="#[1cc]">&gt;&gt;</a>&nbsp;&nbsp;&nbsp;button_2_callback
<LI><a href="#[1cb]">&gt;&gt;</a>&nbsp;&nbsp;&nbsp;button_1_callback
<LI><a href="#[138]">&gt;&gt;</a>&nbsp;&nbsp;&nbsp;$Super$$main
</UL>
<BR>[Address Reference Count : 1]<UL><LI> pin.o(FSymTab)
</UL>
<P><STRONG><a name="[c2]"></a>rt_pin_read</STRONG> (Thumb, 34 bytes, Stack size 0 bytes, pin.o(.text))
<BR><BR>[Calls]<UL><LI><a href="#[14b]">&gt;&gt;</a>&nbsp;&nbsp;&nbsp;rt_assert_handler
</UL>
<BR>[Address Reference Count : 1]<UL><LI> pin.o(FSymTab)
</UL>
<P><STRONG><a name="[c3]"></a>rt_pin_get</STRONG> (Thumb, 62 bytes, Stack size 0 bytes, pin.o(.text))
<BR><BR>[Calls]<UL><LI><a href="#[14b]">&gt;&gt;</a>&nbsp;&nbsp;&nbsp;rt_assert_handler
</UL>
<BR>[Address Reference Count : 1]<UL><LI> pin.o(FSymTab)
</UL>
<P><STRONG><a name="[151]"></a>rt_hw_adc_register</STRONG> (Thumb, 82 bytes, Stack size 0 bytes, adc.o(.text))
<BR><BR>[Calls]<UL><LI><a href="#[14d]">&gt;&gt;</a>&nbsp;&nbsp;&nbsp;rt_device_register
<LI><a href="#[14b]">&gt;&gt;</a>&nbsp;&nbsp;&nbsp;rt_assert_handler
</UL>
<BR>[Called By]<UL><LI><a href="#[b5]">&gt;&gt;</a>&nbsp;&nbsp;&nbsp;rt_hw_adc_init
</UL>

<P><STRONG><a name="[152]"></a>rt_adc_read</STRONG> (Thumb, 34 bytes, Stack size 0 bytes, adc.o(.text))
<BR><BR>[Calls]<UL><LI><a href="#[14b]">&gt;&gt;</a>&nbsp;&nbsp;&nbsp;rt_assert_handler
</UL>
<BR>[Called By]<UL><LI><a href="#[cb]">&gt;&gt;</a>&nbsp;&nbsp;&nbsp;saadc_sample
<LI><a href="#[c4]">&gt;&gt;</a>&nbsp;&nbsp;&nbsp;adc
</UL>

<P><STRONG><a name="[153]"></a>rt_adc_enable</STRONG> (Thumb, 50 bytes, Stack size 0 bytes, adc.o(.text))
<BR><BR>[Calls]<UL><LI><a href="#[14b]">&gt;&gt;</a>&nbsp;&nbsp;&nbsp;rt_assert_handler
</UL>
<BR>[Called By]<UL><LI><a href="#[cb]">&gt;&gt;</a>&nbsp;&nbsp;&nbsp;saadc_sample
<LI><a href="#[c4]">&gt;&gt;</a>&nbsp;&nbsp;&nbsp;adc
</UL>

<P><STRONG><a name="[154]"></a>rt_adc_disable</STRONG> (Thumb, 50 bytes, Stack size 0 bytes, adc.o(.text))
<BR><BR>[Calls]<UL><LI><a href="#[14b]">&gt;&gt;</a>&nbsp;&nbsp;&nbsp;rt_assert_handler
</UL>
<BR>[Called By]<UL><LI><a href="#[c4]">&gt;&gt;</a>&nbsp;&nbsp;&nbsp;adc
</UL>

<P><STRONG><a name="[157]"></a>rt_mtd_nor_register_device</STRONG> (Thumb, 66 bytes, Stack size 0 bytes, mtd_nor.o(.text))
<BR><BR>[Calls]<UL><LI><a href="#[14d]">&gt;&gt;</a>&nbsp;&nbsp;&nbsp;rt_device_register
<LI><a href="#[14b]">&gt;&gt;</a>&nbsp;&nbsp;&nbsp;rt_assert_handler
</UL>
<BR>[Called By]<UL><LI><a href="#[13a]">&gt;&gt;</a>&nbsp;&nbsp;&nbsp;fal_mtd_nor_device_create
</UL>

<P><STRONG><a name="[c6]"></a>set_date</STRONG> (Thumb, 104 bytes, Stack size 0 bytes, rtc.o(.text))
<BR><BR>[Calls]<UL><LI><a href="#[158]">&gt;&gt;</a>&nbsp;&nbsp;&nbsp;time
<LI><a href="#[15c]">&gt;&gt;</a>&nbsp;&nbsp;&nbsp;rt_exit_critical
<LI><a href="#[159]">&gt;&gt;</a>&nbsp;&nbsp;&nbsp;rt_enter_critical
<LI><a href="#[15e]">&gt;&gt;</a>&nbsp;&nbsp;&nbsp;rt_device_control
<LI><a href="#[15d]">&gt;&gt;</a>&nbsp;&nbsp;&nbsp;mktime
<LI><a href="#[15a]">&gt;&gt;</a>&nbsp;&nbsp;&nbsp;localtime
<LI><a href="#[13c]">&gt;&gt;</a>&nbsp;&nbsp;&nbsp;rt_device_find
<LI><a href="#[15b]">&gt;&gt;</a>&nbsp;&nbsp;&nbsp;__aeabi_memcpy4
</UL>
<BR>[Called By]<UL><LI><a href="#[c8]">&gt;&gt;</a>&nbsp;&nbsp;&nbsp;date
</UL>
<BR>[Address Reference Count : 1]<UL><LI> rtc.o(FSymTab)
</UL>
<P><STRONG><a name="[c7]"></a>set_time</STRONG> (Thumb, 98 bytes, Stack size 0 bytes, rtc.o(.text))
<BR><BR>[Calls]<UL><LI><a href="#[158]">&gt;&gt;</a>&nbsp;&nbsp;&nbsp;time
<LI><a href="#[15c]">&gt;&gt;</a>&nbsp;&nbsp;&nbsp;rt_exit_critical
<LI><a href="#[159]">&gt;&gt;</a>&nbsp;&nbsp;&nbsp;rt_enter_critical
<LI><a href="#[15e]">&gt;&gt;</a>&nbsp;&nbsp;&nbsp;rt_device_control
<LI><a href="#[15d]">&gt;&gt;</a>&nbsp;&nbsp;&nbsp;mktime
<LI><a href="#[15a]">&gt;&gt;</a>&nbsp;&nbsp;&nbsp;localtime
<LI><a href="#[13c]">&gt;&gt;</a>&nbsp;&nbsp;&nbsp;rt_device_find
<LI><a href="#[15b]">&gt;&gt;</a>&nbsp;&nbsp;&nbsp;__aeabi_memcpy4
</UL>
<BR>[Called By]<UL><LI><a href="#[c8]">&gt;&gt;</a>&nbsp;&nbsp;&nbsp;date
</UL>
<BR>[Address Reference Count : 1]<UL><LI> rtc.o(FSymTab)
</UL>
<P><STRONG><a name="[c5]"></a>list_date</STRONG> (Thumb, 30 bytes, Stack size 0 bytes, rtc.o(.text))
<BR><BR>[Calls]<UL><LI><a href="#[158]">&gt;&gt;</a>&nbsp;&nbsp;&nbsp;time
<LI><a href="#[15f]">&gt;&gt;</a>&nbsp;&nbsp;&nbsp;ctime
<LI><a href="#[144]">&gt;&gt;</a>&nbsp;&nbsp;&nbsp;rt_kprintf
</UL>
<BR>[Address Reference Count : 1]<UL><LI> rtc.o(FSymTab)
</UL>
<P><STRONG><a name="[172]"></a>rt_hw_serial_register</STRONG> (Thumb, 86 bytes, Stack size 0 bytes, serial.o(.text))
<BR><BR>[Calls]<UL><LI><a href="#[14d]">&gt;&gt;</a>&nbsp;&nbsp;&nbsp;rt_device_register
<LI><a href="#[14b]">&gt;&gt;</a>&nbsp;&nbsp;&nbsp;rt_assert_handler
</UL>
<BR>[Called By]<UL><LI><a href="#[1ad]">&gt;&gt;</a>&nbsp;&nbsp;&nbsp;rt_hw_uart_init
</UL>

<P><STRONG><a name="[173]"></a>rt_hw_serial_isr</STRONG> (Thumb, 224 bytes, Stack size 0 bytes, serial.o(.text))
<BR><BR>[Calls]<UL><LI><a href="#[175]">&gt;&gt;</a>&nbsp;&nbsp;&nbsp;rt_completion_done
<LI><a href="#[174]">&gt;&gt;</a>&nbsp;&nbsp;&nbsp;_serial_check_buffer_size
<LI><a href="#[168]">&gt;&gt;</a>&nbsp;&nbsp;&nbsp;rt_hw_interrupt_enable
<LI><a href="#[167]">&gt;&gt;</a>&nbsp;&nbsp;&nbsp;rt_hw_interrupt_disable
<LI><a href="#[14b]">&gt;&gt;</a>&nbsp;&nbsp;&nbsp;rt_assert_handler
</UL>
<BR>[Called By]<UL><LI><a href="#[6]">&gt;&gt;</a>&nbsp;&nbsp;&nbsp;uart0_event_hander
<LI><a href="#[50c]">&gt;&gt;</a>&nbsp;&nbsp;&nbsp;uart_software_intterrupt
</UL>

<P><STRONG><a name="[16d]"></a>rt_completion_init</STRONG> (Thumb, 42 bytes, Stack size 0 bytes, completion.o(.text))
<BR><BR>[Calls]<UL><LI><a href="#[168]">&gt;&gt;</a>&nbsp;&nbsp;&nbsp;rt_hw_interrupt_enable
<LI><a href="#[167]">&gt;&gt;</a>&nbsp;&nbsp;&nbsp;rt_hw_interrupt_disable
<LI><a href="#[14b]">&gt;&gt;</a>&nbsp;&nbsp;&nbsp;rt_assert_handler
</UL>
<BR>[Called By]<UL><LI><a href="#[52]">&gt;&gt;</a>&nbsp;&nbsp;&nbsp;rt_serial_open
</UL>

<P><STRONG><a name="[176]"></a>rt_completion_wait</STRONG> (Thumb, 198 bytes, Stack size 0 bytes, completion.o(.text))
<BR><BR>[Calls]<UL><LI><a href="#[17b]">&gt;&gt;</a>&nbsp;&nbsp;&nbsp;rt_timer_start
<LI><a href="#[17a]">&gt;&gt;</a>&nbsp;&nbsp;&nbsp;rt_timer_control
<LI><a href="#[178]">&gt;&gt;</a>&nbsp;&nbsp;&nbsp;rt_thread_suspend
<LI><a href="#[17c]">&gt;&gt;</a>&nbsp;&nbsp;&nbsp;rt_schedule
<LI><a href="#[179]">&gt;&gt;</a>&nbsp;&nbsp;&nbsp;rt_interrupt_get_nest
<LI><a href="#[177]">&gt;&gt;</a>&nbsp;&nbsp;&nbsp;rt_list_isempty
<LI><a href="#[168]">&gt;&gt;</a>&nbsp;&nbsp;&nbsp;rt_hw_interrupt_enable
<LI><a href="#[167]">&gt;&gt;</a>&nbsp;&nbsp;&nbsp;rt_hw_interrupt_disable
<LI><a href="#[149]">&gt;&gt;</a>&nbsp;&nbsp;&nbsp;rt_thread_self
<LI><a href="#[144]">&gt;&gt;</a>&nbsp;&nbsp;&nbsp;rt_kprintf
<LI><a href="#[14b]">&gt;&gt;</a>&nbsp;&nbsp;&nbsp;rt_assert_handler
</UL>
<BR>[Called By]<UL><LI><a href="#[170]">&gt;&gt;</a>&nbsp;&nbsp;&nbsp;_serial_int_tx
</UL>

<P><STRONG><a name="[175]"></a>rt_completion_done</STRONG> (Thumb, 76 bytes, Stack size 0 bytes, completion.o(.text))
<BR><BR>[Calls]<UL><LI><a href="#[17d]">&gt;&gt;</a>&nbsp;&nbsp;&nbsp;rt_thread_resume
<LI><a href="#[17c]">&gt;&gt;</a>&nbsp;&nbsp;&nbsp;rt_schedule
<LI><a href="#[177]">&gt;&gt;</a>&nbsp;&nbsp;&nbsp;rt_list_isempty
<LI><a href="#[168]">&gt;&gt;</a>&nbsp;&nbsp;&nbsp;rt_hw_interrupt_enable
<LI><a href="#[167]">&gt;&gt;</a>&nbsp;&nbsp;&nbsp;rt_hw_interrupt_disable
<LI><a href="#[14b]">&gt;&gt;</a>&nbsp;&nbsp;&nbsp;rt_assert_handler
</UL>
<BR>[Called By]<UL><LI><a href="#[173]">&gt;&gt;</a>&nbsp;&nbsp;&nbsp;rt_hw_serial_isr
</UL>

<P><STRONG><a name="[17e]"></a>rt_rbb_init</STRONG> (Thumb, 96 bytes, Stack size 0 bytes, ringblk_buf.o(.text))
<BR><BR>[Calls]<UL><LI><a href="#[14b]">&gt;&gt;</a>&nbsp;&nbsp;&nbsp;rt_assert_handler
</UL>
<BR>[Called By]<UL><LI><a href="#[17f]">&gt;&gt;</a>&nbsp;&nbsp;&nbsp;rt_rbb_create
</UL>

<P><STRONG><a name="[17f]"></a>rt_rbb_create</STRONG> (Thumb, 100 bytes, Stack size 0 bytes, ringblk_buf.o(.text))
<BR><BR>[Calls]<UL><LI><a href="#[17e]">&gt;&gt;</a>&nbsp;&nbsp;&nbsp;rt_rbb_init
<LI><a href="#[16b]">&gt;&gt;</a>&nbsp;&nbsp;&nbsp;rt_malloc
<LI><a href="#[16e]">&gt;&gt;</a>&nbsp;&nbsp;&nbsp;rt_free
</UL>
<BR>[Called By]<UL><LI><a href="#[b8]">&gt;&gt;</a>&nbsp;&nbsp;&nbsp;ulog_init
</UL>

<P><STRONG><a name="[180]"></a>rt_rbb_destroy</STRONG> (Thumb, 36 bytes, Stack size 0 bytes, ringblk_buf.o(.text))
<BR><BR>[Calls]<UL><LI><a href="#[16e]">&gt;&gt;</a>&nbsp;&nbsp;&nbsp;rt_free
<LI><a href="#[14b]">&gt;&gt;</a>&nbsp;&nbsp;&nbsp;rt_assert_handler
</UL>
<BR>[Called By]<UL><LI><a href="#[b8]">&gt;&gt;</a>&nbsp;&nbsp;&nbsp;ulog_init
<LI><a href="#[520]">&gt;&gt;</a>&nbsp;&nbsp;&nbsp;ulog_deinit
</UL>

<P><STRONG><a name="[182]"></a>rt_rbb_blk_alloc</STRONG> (Thumb, 334 bytes, Stack size 0 bytes, ringblk_buf.o(.text))
<BR><BR>[Calls]<UL><LI><a href="#[181]">&gt;&gt;</a>&nbsp;&nbsp;&nbsp;find_empty_blk_in_set
<LI><a href="#[183]">&gt;&gt;</a>&nbsp;&nbsp;&nbsp;rt_slist_len
<LI><a href="#[184]">&gt;&gt;</a>&nbsp;&nbsp;&nbsp;rt_slist_append
<LI><a href="#[168]">&gt;&gt;</a>&nbsp;&nbsp;&nbsp;rt_hw_interrupt_enable
<LI><a href="#[167]">&gt;&gt;</a>&nbsp;&nbsp;&nbsp;rt_hw_interrupt_disable
<LI><a href="#[14b]">&gt;&gt;</a>&nbsp;&nbsp;&nbsp;rt_assert_handler
</UL>
<BR>[Called By]<UL><LI><a href="#[517]">&gt;&gt;</a>&nbsp;&nbsp;&nbsp;do_output
</UL>

<P><STRONG><a name="[185]"></a>rt_rbb_blk_put</STRONG> (Thumb, 38 bytes, Stack size 0 bytes, ringblk_buf.o(.text))
<BR><BR>[Calls]<UL><LI><a href="#[14b]">&gt;&gt;</a>&nbsp;&nbsp;&nbsp;rt_assert_handler
</UL>
<BR>[Called By]<UL><LI><a href="#[517]">&gt;&gt;</a>&nbsp;&nbsp;&nbsp;do_output
</UL>

<P><STRONG><a name="[186]"></a>rt_rbb_blk_get</STRONG> (Thumb, 92 bytes, Stack size 0 bytes, ringblk_buf.o(.text))
<BR><BR>[Calls]<UL><LI><a href="#[187]">&gt;&gt;</a>&nbsp;&nbsp;&nbsp;rt_slist_isempty
<LI><a href="#[168]">&gt;&gt;</a>&nbsp;&nbsp;&nbsp;rt_hw_interrupt_enable
<LI><a href="#[167]">&gt;&gt;</a>&nbsp;&nbsp;&nbsp;rt_hw_interrupt_disable
<LI><a href="#[14b]">&gt;&gt;</a>&nbsp;&nbsp;&nbsp;rt_assert_handler
</UL>
<BR>[Called By]<UL><LI><a href="#[51d]">&gt;&gt;</a>&nbsp;&nbsp;&nbsp;ulog_async_output
</UL>

<P><STRONG><a name="[188]"></a>rt_rbb_blk_size</STRONG> (Thumb, 24 bytes, Stack size 0 bytes, ringblk_buf.o(.text), UNUSED)
<BR><BR>[Calls]<UL><LI><a href="#[14b]">&gt;&gt;</a>&nbsp;&nbsp;&nbsp;rt_assert_handler
</UL>

<P><STRONG><a name="[189]"></a>rt_rbb_blk_buf</STRONG> (Thumb, 22 bytes, Stack size 0 bytes, ringblk_buf.o(.text), UNUSED)
<BR><BR>[Calls]<UL><LI><a href="#[14b]">&gt;&gt;</a>&nbsp;&nbsp;&nbsp;rt_assert_handler
</UL>

<P><STRONG><a name="[18a]"></a>rt_rbb_blk_free</STRONG> (Thumb, 80 bytes, Stack size 0 bytes, ringblk_buf.o(.text))
<BR><BR>[Calls]<UL><LI><a href="#[18b]">&gt;&gt;</a>&nbsp;&nbsp;&nbsp;rt_slist_remove
<LI><a href="#[168]">&gt;&gt;</a>&nbsp;&nbsp;&nbsp;rt_hw_interrupt_enable
<LI><a href="#[167]">&gt;&gt;</a>&nbsp;&nbsp;&nbsp;rt_hw_interrupt_disable
<LI><a href="#[14b]">&gt;&gt;</a>&nbsp;&nbsp;&nbsp;rt_assert_handler
</UL>
<BR>[Called By]<UL><LI><a href="#[18f]">&gt;&gt;</a>&nbsp;&nbsp;&nbsp;rt_rbb_blk_queue_free
<LI><a href="#[51d]">&gt;&gt;</a>&nbsp;&nbsp;&nbsp;ulog_async_output
</UL>

<P><STRONG><a name="[18c]"></a>rt_rbb_blk_queue_get</STRONG> (Thumb, 366 bytes, Stack size 0 bytes, ringblk_buf.o(.text), UNUSED)
<BR><BR>[Calls]<UL><LI><a href="#[187]">&gt;&gt;</a>&nbsp;&nbsp;&nbsp;rt_slist_isempty
<LI><a href="#[18b]">&gt;&gt;</a>&nbsp;&nbsp;&nbsp;rt_slist_remove
<LI><a href="#[168]">&gt;&gt;</a>&nbsp;&nbsp;&nbsp;rt_hw_interrupt_enable
<LI><a href="#[167]">&gt;&gt;</a>&nbsp;&nbsp;&nbsp;rt_hw_interrupt_disable
<LI><a href="#[14b]">&gt;&gt;</a>&nbsp;&nbsp;&nbsp;rt_assert_handler
</UL>

<P><STRONG><a name="[18d]"></a>rt_rbb_blk_queue_len</STRONG> (Thumb, 52 bytes, Stack size 0 bytes, ringblk_buf.o(.text), UNUSED)
<BR><BR>[Calls]<UL><LI><a href="#[14b]">&gt;&gt;</a>&nbsp;&nbsp;&nbsp;rt_assert_handler
</UL>

<P><STRONG><a name="[18e]"></a>rt_rbb_blk_queue_buf</STRONG> (Thumb, 26 bytes, Stack size 0 bytes, ringblk_buf.o(.text), UNUSED)
<BR><BR>[Calls]<UL><LI><a href="#[14b]">&gt;&gt;</a>&nbsp;&nbsp;&nbsp;rt_assert_handler
</UL>

<P><STRONG><a name="[18f]"></a>rt_rbb_blk_queue_free</STRONG> (Thumb, 68 bytes, Stack size 0 bytes, ringblk_buf.o(.text), UNUSED)
<BR><BR>[Calls]<UL><LI><a href="#[18a]">&gt;&gt;</a>&nbsp;&nbsp;&nbsp;rt_rbb_blk_free
<LI><a href="#[14b]">&gt;&gt;</a>&nbsp;&nbsp;&nbsp;rt_assert_handler
</UL>

<P><STRONG><a name="[190]"></a>rt_rbb_next_blk_queue_len</STRONG> (Thumb, 126 bytes, Stack size 0 bytes, ringblk_buf.o(.text), UNUSED)
<BR><BR>[Calls]<UL><LI><a href="#[187]">&gt;&gt;</a>&nbsp;&nbsp;&nbsp;rt_slist_isempty
<LI><a href="#[168]">&gt;&gt;</a>&nbsp;&nbsp;&nbsp;rt_hw_interrupt_enable
<LI><a href="#[167]">&gt;&gt;</a>&nbsp;&nbsp;&nbsp;rt_hw_interrupt_disable
<LI><a href="#[14b]">&gt;&gt;</a>&nbsp;&nbsp;&nbsp;rt_assert_handler
</UL>

<P><STRONG><a name="[191]"></a>rt_rbb_get_buf_size</STRONG> (Thumb, 24 bytes, Stack size 0 bytes, ringblk_buf.o(.text), UNUSED)
<BR><BR>[Calls]<UL><LI><a href="#[14b]">&gt;&gt;</a>&nbsp;&nbsp;&nbsp;rt_assert_handler
</UL>

<P><STRONG><a name="[192]"></a>rt_ringbuffer_init</STRONG> (Thumb, 80 bytes, Stack size 0 bytes, ringbuffer.o(.text))
<BR><BR>[Calls]<UL><LI><a href="#[14b]">&gt;&gt;</a>&nbsp;&nbsp;&nbsp;rt_assert_handler
</UL>
<BR>[Called By]<UL><LI><a href="#[19e]">&gt;&gt;</a>&nbsp;&nbsp;&nbsp;rt_ringbuffer_create
<LI><a href="#[be]">&gt;&gt;</a>&nbsp;&nbsp;&nbsp;ble_app_uart
</UL>

<P><STRONG><a name="[193]"></a>rt_ringbuffer_data_len</STRONG> (Thumb, 76 bytes, Stack size 0 bytes, ringbuffer.o(.text))
<BR><BR>[Calls]<UL><LI><a href="#[194]">&gt;&gt;</a>&nbsp;&nbsp;&nbsp;rt_ringbuffer_status
</UL>
<BR>[Called By]<UL><LI><a href="#[19c]">&gt;&gt;</a>&nbsp;&nbsp;&nbsp;rt_ringbuffer_getchar
<LI><a href="#[19a]">&gt;&gt;</a>&nbsp;&nbsp;&nbsp;rt_ringbuffer_putchar
<LI><a href="#[199]">&gt;&gt;</a>&nbsp;&nbsp;&nbsp;rt_ringbuffer_peak
<LI><a href="#[197]">&gt;&gt;</a>&nbsp;&nbsp;&nbsp;rt_ringbuffer_put_force
<LI><a href="#[195]">&gt;&gt;</a>&nbsp;&nbsp;&nbsp;rt_ringbuffer_put
<LI><a href="#[198]">&gt;&gt;</a>&nbsp;&nbsp;&nbsp;rt_ringbuffer_get
<LI><a href="#[7e]">&gt;&gt;</a>&nbsp;&nbsp;&nbsp;uart_task
</UL>

<P><STRONG><a name="[195]"></a>rt_ringbuffer_put</STRONG> (Thumb, 180 bytes, Stack size 0 bytes, ringbuffer.o(.text), UNUSED)
<BR><BR>[Calls]<UL><LI><a href="#[193]">&gt;&gt;</a>&nbsp;&nbsp;&nbsp;rt_ringbuffer_data_len
<LI><a href="#[14b]">&gt;&gt;</a>&nbsp;&nbsp;&nbsp;rt_assert_handler
<LI><a href="#[196]">&gt;&gt;</a>&nbsp;&nbsp;&nbsp;__aeabi_memcpy
</UL>

<P><STRONG><a name="[197]"></a>rt_ringbuffer_put_force</STRONG> (Thumb, 232 bytes, Stack size 0 bytes, ringbuffer.o(.text), UNUSED)
<BR><BR>[Calls]<UL><LI><a href="#[193]">&gt;&gt;</a>&nbsp;&nbsp;&nbsp;rt_ringbuffer_data_len
<LI><a href="#[14b]">&gt;&gt;</a>&nbsp;&nbsp;&nbsp;rt_assert_handler
<LI><a href="#[196]">&gt;&gt;</a>&nbsp;&nbsp;&nbsp;__aeabi_memcpy
</UL>

<P><STRONG><a name="[198]"></a>rt_ringbuffer_get</STRONG> (Thumb, 178 bytes, Stack size 0 bytes, ringbuffer.o(.text))
<BR><BR>[Calls]<UL><LI><a href="#[193]">&gt;&gt;</a>&nbsp;&nbsp;&nbsp;rt_ringbuffer_data_len
<LI><a href="#[14b]">&gt;&gt;</a>&nbsp;&nbsp;&nbsp;rt_assert_handler
<LI><a href="#[196]">&gt;&gt;</a>&nbsp;&nbsp;&nbsp;__aeabi_memcpy
</UL>
<BR>[Called By]<UL><LI><a href="#[7e]">&gt;&gt;</a>&nbsp;&nbsp;&nbsp;uart_task
</UL>

<P><STRONG><a name="[199]"></a>rt_ringbuffer_peak</STRONG> (Thumb, 114 bytes, Stack size 0 bytes, ringbuffer.o(.text), UNUSED)
<BR><BR>[Calls]<UL><LI><a href="#[193]">&gt;&gt;</a>&nbsp;&nbsp;&nbsp;rt_ringbuffer_data_len
<LI><a href="#[14b]">&gt;&gt;</a>&nbsp;&nbsp;&nbsp;rt_assert_handler
</UL>

<P><STRONG><a name="[19a]"></a>rt_ringbuffer_putchar</STRONG> (Thumb, 102 bytes, Stack size 0 bytes, ringbuffer.o(.text))
<BR><BR>[Calls]<UL><LI><a href="#[193]">&gt;&gt;</a>&nbsp;&nbsp;&nbsp;rt_ringbuffer_data_len
<LI><a href="#[14b]">&gt;&gt;</a>&nbsp;&nbsp;&nbsp;rt_assert_handler
</UL>
<BR>[Called By]<UL><LI><a href="#[1b3]">&gt;&gt;</a>&nbsp;&nbsp;&nbsp;uart_putc_hook
</UL>

<P><STRONG><a name="[19b]"></a>rt_ringbuffer_putchar_force</STRONG> (Thumb, 198 bytes, Stack size 0 bytes, ringbuffer.o(.text), UNUSED)
<BR><BR>[Calls]<UL><LI><a href="#[194]">&gt;&gt;</a>&nbsp;&nbsp;&nbsp;rt_ringbuffer_status
<LI><a href="#[14b]">&gt;&gt;</a>&nbsp;&nbsp;&nbsp;rt_assert_handler
</UL>

<P><STRONG><a name="[19c]"></a>rt_ringbuffer_getchar</STRONG> (Thumb, 104 bytes, Stack size 0 bytes, ringbuffer.o(.text))
<BR><BR>[Calls]<UL><LI><a href="#[193]">&gt;&gt;</a>&nbsp;&nbsp;&nbsp;rt_ringbuffer_data_len
<LI><a href="#[14b]">&gt;&gt;</a>&nbsp;&nbsp;&nbsp;rt_assert_handler
</UL>
<BR>[Called By]<UL><LI><a href="#[1b4]">&gt;&gt;</a>&nbsp;&nbsp;&nbsp;uart_getc_hook
</UL>

<P><STRONG><a name="[19d]"></a>rt_ringbuffer_reset</STRONG> (Thumb, 56 bytes, Stack size 0 bytes, ringbuffer.o(.text), UNUSED)
<BR><BR>[Calls]<UL><LI><a href="#[14b]">&gt;&gt;</a>&nbsp;&nbsp;&nbsp;rt_assert_handler
</UL>

<P><STRONG><a name="[19e]"></a>rt_ringbuffer_create</STRONG> (Thumb, 74 bytes, Stack size 0 bytes, ringbuffer.o(.text), UNUSED)
<BR><BR>[Calls]<UL><LI><a href="#[192]">&gt;&gt;</a>&nbsp;&nbsp;&nbsp;rt_ringbuffer_init
<LI><a href="#[16b]">&gt;&gt;</a>&nbsp;&nbsp;&nbsp;rt_malloc
<LI><a href="#[16e]">&gt;&gt;</a>&nbsp;&nbsp;&nbsp;rt_free
<LI><a href="#[14b]">&gt;&gt;</a>&nbsp;&nbsp;&nbsp;rt_assert_handler
</UL>

<P><STRONG><a name="[19f]"></a>rt_ringbuffer_destroy</STRONG> (Thumb, 34 bytes, Stack size 0 bytes, ringbuffer.o(.text), UNUSED)
<BR><BR>[Calls]<UL><LI><a href="#[16e]">&gt;&gt;</a>&nbsp;&nbsp;&nbsp;rt_free
<LI><a href="#[14b]">&gt;&gt;</a>&nbsp;&nbsp;&nbsp;rt_assert_handler
</UL>

<P><STRONG><a name="[1a0]"></a>rt_wqueue_add</STRONG> (Thumb, 38 bytes, Stack size 0 bytes, waitqueue.o(.text))
<BR><BR>[Calls]<UL><LI><a href="#[168]">&gt;&gt;</a>&nbsp;&nbsp;&nbsp;rt_hw_interrupt_enable
<LI><a href="#[167]">&gt;&gt;</a>&nbsp;&nbsp;&nbsp;rt_hw_interrupt_disable
</UL>
<BR>[Called By]<UL><LI><a href="#[165]">&gt;&gt;</a>&nbsp;&nbsp;&nbsp;rt_wqueue_wait
</UL>

<P><STRONG><a name="[1a1]"></a>rt_wqueue_remove</STRONG> (Thumb, 38 bytes, Stack size 0 bytes, waitqueue.o(.text))
<BR><BR>[Calls]<UL><LI><a href="#[168]">&gt;&gt;</a>&nbsp;&nbsp;&nbsp;rt_hw_interrupt_enable
<LI><a href="#[167]">&gt;&gt;</a>&nbsp;&nbsp;&nbsp;rt_hw_interrupt_disable
</UL>
<BR>[Called By]<UL><LI><a href="#[160]">&gt;&gt;</a>&nbsp;&nbsp;&nbsp;rt_wqueue_wakeup
<LI><a href="#[165]">&gt;&gt;</a>&nbsp;&nbsp;&nbsp;rt_wqueue_wait
</UL>

<P><STRONG><a name="[1a3]"></a>__wqueue_default_wake</STRONG> (Thumb, 6 bytes, Stack size 0 bytes, waitqueue.o(.text))
<BR>[Address Reference Count : 1]<UL><LI> waitqueue.o(.text)
</UL>
<P><STRONG><a name="[160]"></a>rt_wqueue_wakeup</STRONG> (Thumb, 102 bytes, Stack size 0 bytes, waitqueue.o(.text))
<BR><BR>[Calls]<UL><LI><a href="#[1a1]">&gt;&gt;</a>&nbsp;&nbsp;&nbsp;rt_wqueue_remove
<LI><a href="#[17d]">&gt;&gt;</a>&nbsp;&nbsp;&nbsp;rt_thread_resume
<LI><a href="#[17c]">&gt;&gt;</a>&nbsp;&nbsp;&nbsp;rt_schedule
<LI><a href="#[168]">&gt;&gt;</a>&nbsp;&nbsp;&nbsp;rt_hw_interrupt_enable
<LI><a href="#[167]">&gt;&gt;</a>&nbsp;&nbsp;&nbsp;rt_hw_interrupt_disable
</UL>
<BR>[Called By]<UL><LI><a href="#[50]">&gt;&gt;</a>&nbsp;&nbsp;&nbsp;serial_fops_rx_ind
</UL>

<P><STRONG><a name="[165]"></a>rt_wqueue_wait</STRONG> (Thumb, 196 bytes, Stack size 0 bytes, waitqueue.o(.text))
<BR><BR>[Calls]<UL><LI><a href="#[1a2]">&gt;&gt;</a>&nbsp;&nbsp;&nbsp;rt_tick_from_millisecond
<LI><a href="#[1a1]">&gt;&gt;</a>&nbsp;&nbsp;&nbsp;rt_wqueue_remove
<LI><a href="#[1a0]">&gt;&gt;</a>&nbsp;&nbsp;&nbsp;rt_wqueue_add
<LI><a href="#[17b]">&gt;&gt;</a>&nbsp;&nbsp;&nbsp;rt_timer_start
<LI><a href="#[17a]">&gt;&gt;</a>&nbsp;&nbsp;&nbsp;rt_timer_control
<LI><a href="#[178]">&gt;&gt;</a>&nbsp;&nbsp;&nbsp;rt_thread_suspend
[...]
<BR><BR>[Called By]<UL><LI><a href="#[4d0]">&gt;&gt;</a>&nbsp;&nbsp;&nbsp;ble_advertising_start
</UL>

<P><STRONG><a name="[4d1]"></a>phy_is_valid</STRONG> (Thumb, 22 bytes, Stack size 0 bytes, ble_advertising.o(.text))
<BR><BR>[Called By]<UL><LI><a href="#[4d0]">&gt;&gt;</a>&nbsp;&nbsp;&nbsp;ble_advertising_start
</UL>

<P><STRONG><a name="[4ce]"></a>adv_mode_next_avail_get</STRONG> (Thumb, 88 bytes, Stack size 0 bytes, ble_advertising.o(.text))
<BR><BR>[Calls]<UL><LI><a href="#[4cf]">&gt;&gt;</a>&nbsp;&nbsp;&nbsp;addr_is_valid
</UL>
<BR>[Called By]<UL><LI><a href="#[4d0]">&gt;&gt;</a>&nbsp;&nbsp;&nbsp;ble_advertising_start
</UL>

<P><STRONG><a name="[4d4]"></a>on_disconnected</STRONG> (Thumb, 50 bytes, Stack size 0 bytes, ble_advertising.o(.text))
<BR><BR>[Calls]<UL><LI><a href="#[4d0]">&gt;&gt;</a>&nbsp;&nbsp;&nbsp;ble_advertising_start
</UL>
<BR>[Called By]<UL><LI><a href="#[f5]">&gt;&gt;</a>&nbsp;&nbsp;&nbsp;ble_advertising_on_ble_evt
</UL>

<P><STRONG><a name="[4d5]"></a>on_terminated</STRONG> (Thumb, 64 bytes, Stack size 0 bytes, ble_advertising.o(.text))
<BR><BR>[Calls]<UL><LI><a href="#[4d0]">&gt;&gt;</a>&nbsp;&nbsp;&nbsp;ble_advertising_start
<LI><a href="#[4d6]">&gt;&gt;</a>&nbsp;&nbsp;&nbsp;adv_mode_next_get
</UL>
<BR>[Called By]<UL><LI><a href="#[f5]">&gt;&gt;</a>&nbsp;&nbsp;&nbsp;ble_advertising_on_ble_evt
</UL>

<P><STRONG><a name="[4d8]"></a>config_is_valid</STRONG> (Thumb, 40 bytes, Stack size 0 bytes, ble_advertising.o(.text))
<BR><BR>[Called By]<UL><LI><a href="#[4d7]">&gt;&gt;</a>&nbsp;&nbsp;&nbsp;ble_advertising_init
</UL>

<P><STRONG><a name="[4d9]"></a>adv_set_data_size_max_get</STRONG> (Thumb, 18 bytes, Stack size 0 bytes, ble_advertising.o(.text))
<BR><BR>[Called By]<UL><LI><a href="#[4de]">&gt;&gt;</a>&nbsp;&nbsp;&nbsp;ble_advertising_advdata_update
<LI><a href="#[4d7]">&gt;&gt;</a>&nbsp;&nbsp;&nbsp;ble_advertising_init
</UL>

<P><STRONG><a name="[4e2]"></a>link_init</STRONG> (Thumb, 22 bytes, Stack size 0 bytes, nrf_ble_gatt.o(.text))
<BR><BR>[Called By]<UL><LI><a href="#[4e5]">&gt;&gt;</a>&nbsp;&nbsp;&nbsp;nrf_ble_gatt_init
<LI><a href="#[4e1]">&gt;&gt;</a>&nbsp;&nbsp;&nbsp;on_disconnected_evt
</UL>

<P><STRONG><a name="[4e0]"></a>data_length_update</STRONG> (Thumb, 44 bytes, Stack size 0 bytes, nrf_ble_gatt.o(.text))
<BR><BR>[Called By]<UL><LI><a href="#[4e6]">&gt;&gt;</a>&nbsp;&nbsp;&nbsp;nrf_ble_gatt_data_length_set
<LI><a href="#[4e4]">&gt;&gt;</a>&nbsp;&nbsp;&nbsp;on_data_length_update_request_evt
<LI><a href="#[4df]">&gt;&gt;</a>&nbsp;&nbsp;&nbsp;on_connected_evt
</UL>

<P><STRONG><a name="[4df]"></a>on_connected_evt</STRONG> (Thumb, 102 bytes, Stack size 0 bytes, nrf_ble_gatt.o(.text))
<BR><BR>[Calls]<UL><LI><a href="#[4e0]">&gt;&gt;</a>&nbsp;&nbsp;&nbsp;data_length_update
</UL>
<BR>[Called By]<UL><LI><a href="#[f4]">&gt;&gt;</a>&nbsp;&nbsp;&nbsp;nrf_ble_gatt_on_ble_evt
</UL>

<P><STRONG><a name="[4e1]"></a>on_disconnected_evt</STRONG> (Thumb, 20 bytes, Stack size 0 bytes, nrf_ble_gatt.o(.text))
<BR><BR>[Calls]<UL><LI><a href="#[4e2]">&gt;&gt;</a>&nbsp;&nbsp;&nbsp;link_init
</UL>
<BR>[Called By]<UL><LI><a href="#[f4]">&gt;&gt;</a>&nbsp;&nbsp;&nbsp;nrf_ble_gatt_on_ble_evt
</UL>

<P><STRONG><a name="[4e7]"></a>on_exchange_mtu_rsp_evt</STRONG> (Thumb, 94 bytes, Stack size 0 bytes, nrf_ble_gatt.o(.text))
<BR><BR>[Called By]<UL><LI><a href="#[f4]">&gt;&gt;</a>&nbsp;&nbsp;&nbsp;nrf_ble_gatt_on_ble_evt
</UL>

<P><STRONG><a name="[4e8]"></a>on_exchange_mtu_request_evt</STRONG> (Thumb, 106 bytes, Stack size 0 bytes, nrf_ble_gatt.o(.text))
<BR><BR>[Called By]<UL><LI><a href="#[f4]">&gt;&gt;</a>&nbsp;&nbsp;&nbsp;nrf_ble_gatt_on_ble_evt
</UL>

<P><STRONG><a name="[4e3]"></a>on_data_length_update_evt</STRONG> (Thumb, 80 bytes, Stack size 0 bytes, nrf_ble_gatt.o(.text))
<BR><BR>[Calls]<UL><LI><a href="#[15b]">&gt;&gt;</a>&nbsp;&nbsp;&nbsp;__aeabi_memcpy4
</UL>
<BR>[Called By]<UL><LI><a href="#[f4]">&gt;&gt;</a>&nbsp;&nbsp;&nbsp;nrf_ble_gatt_on_ble_evt
</UL>

<P><STRONG><a name="[4e4]"></a>on_data_length_update_request_evt</STRONG> (Thumb, 48 bytes, Stack size 0 bytes, nrf_ble_gatt.o(.text))
<BR><BR>[Calls]<UL><LI><a href="#[4e0]">&gt;&gt;</a>&nbsp;&nbsp;&nbsp;data_length_update
</UL>
<BR>[Called By]<UL><LI><a href="#[f4]">&gt;&gt;</a>&nbsp;&nbsp;&nbsp;nrf_ble_gatt_on_ble_evt
</UL>

<P><STRONG><a name="[4ea]"></a>user_mem_reply</STRONG> (Thumb, 44 bytes, Stack size 0 bytes, nrf_ble_qwr.o(.text))
<BR><BR>[Called By]<UL><LI><a href="#[f7]">&gt;&gt;</a>&nbsp;&nbsp;&nbsp;nrf_ble_qwr_on_ble_evt
<LI><a href="#[4e9]">&gt;&gt;</a>&nbsp;&nbsp;&nbsp;on_user_mem_request
</UL>

<P><STRONG><a name="[4e9]"></a>on_user_mem_request</STRONG> (Thumb, 32 bytes, Stack size 0 bytes, nrf_ble_qwr.o(.text))
<BR><BR>[Calls]<UL><LI><a href="#[4ea]">&gt;&gt;</a>&nbsp;&nbsp;&nbsp;user_mem_reply
</UL>
<BR>[Called By]<UL><LI><a href="#[f7]">&gt;&gt;</a>&nbsp;&nbsp;&nbsp;nrf_ble_qwr_on_ble_evt
</UL>

<P><STRONG><a name="[4eb]"></a>on_user_mem_release</STRONG> (Thumb, 2 bytes, Stack size 0 bytes, nrf_ble_qwr.o(.text))
<BR><BR>[Called By]<UL><LI><a href="#[f7]">&gt;&gt;</a>&nbsp;&nbsp;&nbsp;nrf_ble_qwr_on_ble_evt
</UL>

<P><STRONG><a name="[4ec]"></a>on_rw_authorize_request</STRONG> (Thumb, 106 bytes, Stack size 0 bytes, nrf_ble_qwr.o(.text))
<BR><BR>[Called By]<UL><LI><a href="#[f7]">&gt;&gt;</a>&nbsp;&nbsp;&nbsp;nrf_ble_qwr_on_ble_evt
</UL>

<P><STRONG><a name="[4ee]"></a>on_connect</STRONG> (Thumb, 116 bytes, Stack size 0 bytes, ble_nus.o(.text))
<BR><BR>[Calls]<UL><LI><a href="#[4ed]">&gt;&gt;</a>&nbsp;&nbsp;&nbsp;blcm_link_ctx_get
<LI><a href="#[4a0]">&gt;&gt;</a>&nbsp;&nbsp;&nbsp;ble_srv_is_notification_enabled
<LI><a href="#[1f2]">&gt;&gt;</a>&nbsp;&nbsp;&nbsp;__aeabi_memclr4
</UL>
<BR>[Called By]<UL><LI><a href="#[f6]">&gt;&gt;</a>&nbsp;&nbsp;&nbsp;ble_nus_on_ble_evt
</UL>

<P><STRONG><a name="[4ef]"></a>on_write</STRONG> (Thumb, 148 bytes, Stack size 0 bytes, ble_nus.o(.text))
<BR><BR>[Calls]<UL><LI><a href="#[4ed]">&gt;&gt;</a>&nbsp;&nbsp;&nbsp;blcm_link_ctx_get
<LI><a href="#[4a0]">&gt;&gt;</a>&nbsp;&nbsp;&nbsp;ble_srv_is_notification_enabled
<LI><a href="#[1f2]">&gt;&gt;</a>&nbsp;&nbsp;&nbsp;__aeabi_memclr4
</UL>
<BR>[Called By]<UL><LI><a href="#[f6]">&gt;&gt;</a>&nbsp;&nbsp;&nbsp;ble_nus_on_ble_evt
</UL>

<P><STRONG><a name="[4f0]"></a>on_hvx_tx_complete</STRONG> (Thumb, 68 bytes, Stack size 0 bytes, ble_nus.o(.text))
<BR><BR>[Calls]<UL><LI><a href="#[4ed]">&gt;&gt;</a>&nbsp;&nbsp;&nbsp;blcm_link_ctx_get
<LI><a href="#[1f2]">&gt;&gt;</a>&nbsp;&nbsp;&nbsp;__aeabi_memclr4
</UL>
<BR>[Called By]<UL><LI><a href="#[f6]">&gt;&gt;</a>&nbsp;&nbsp;&nbsp;ble_nus_on_ble_evt
</UL>

<P><STRONG><a name="[4fb]"></a>ble_device_addr_encode</STRONG> (Thumb, 118 bytes, Stack size 0 bytes, ble_advdata.o(.text))
<BR><BR>[Called By]<UL><LI><a href="#[4da]">&gt;&gt;</a>&nbsp;&nbsp;&nbsp;ble_advdata_encode
</UL>

<P><STRONG><a name="[4fe]"></a>name_encode</STRONG> (Thumb, 200 bytes, Stack size 0 bytes, ble_advdata.o(.text))
<BR><BR>[Called By]<UL><LI><a href="#[4da]">&gt;&gt;</a>&nbsp;&nbsp;&nbsp;ble_advdata_encode
</UL>

<P><STRONG><a name="[4f3]"></a>appearance_encode</STRONG> (Thumb, 82 bytes, Stack size 0 bytes, ble_advdata.o(.text))
<BR><BR>[Calls]<UL><LI><a href="#[4f4]">&gt;&gt;</a>&nbsp;&nbsp;&nbsp;uint16_encode
</UL>
<BR>[Called By]<UL><LI><a href="#[4da]">&gt;&gt;</a>&nbsp;&nbsp;&nbsp;ble_advdata_encode
</UL>

<P><STRONG><a name="[4fc]"></a>flags_encode</STRONG> (Thumb, 54 bytes, Stack size 0 bytes, ble_advdata.o(.text))
<BR><BR>[Called By]<UL><LI><a href="#[4da]">&gt;&gt;</a>&nbsp;&nbsp;&nbsp;ble_advdata_encode
</UL>

<P><STRONG><a name="[4fd]"></a>tx_power_level_encode</STRONG> (Thumb, 54 bytes, Stack size 0 bytes, ble_advdata.o(.text))
<BR><BR>[Called By]<UL><LI><a href="#[4da]">&gt;&gt;</a>&nbsp;&nbsp;&nbsp;ble_advdata_encode
</UL>

<P><STRONG><a name="[4f6]"></a>uuid_list_sized_encode</STRONG> (Thumb, 214 bytes, Stack size 0 bytes, ble_advdata.o(.text))
<BR><BR>[Called By]<UL><LI><a href="#[4f5]">&gt;&gt;</a>&nbsp;&nbsp;&nbsp;uuid_list_encode
</UL>

<P><STRONG><a name="[4f5]"></a>uuid_list_encode</STRONG> (Thumb, 78 bytes, Stack size 0 bytes, ble_advdata.o(.text))
<BR><BR>[Calls]<UL><LI><a href="#[4f6]">&gt;&gt;</a>&nbsp;&nbsp;&nbsp;uuid_list_sized_encode
</UL>
<BR>[Called By]<UL><LI><a href="#[4da]">&gt;&gt;</a>&nbsp;&nbsp;&nbsp;ble_advdata_encode
</UL>

<P><STRONG><a name="[4f8]"></a>conn_int_check</STRONG> (Thumb, 90 bytes, Stack size 0 bytes, ble_advdata.o(.text))
<BR><BR>[Called By]<UL><LI><a href="#[4f7]">&gt;&gt;</a>&nbsp;&nbsp;&nbsp;conn_int_encode
</UL>

<P><STRONG><a name="[4f7]"></a>conn_int_encode</STRONG> (Thumb, 104 bytes, Stack size 0 bytes, ble_advdata.o(.text))
<BR><BR>[Calls]<UL><LI><a href="#[4f4]">&gt;&gt;</a>&nbsp;&nbsp;&nbsp;uint16_encode
<LI><a href="#[4f8]">&gt;&gt;</a>&nbsp;&nbsp;&nbsp;conn_int_check
</UL>
<BR>[Called By]<UL><LI><a href="#[4da]">&gt;&gt;</a>&nbsp;&nbsp;&nbsp;ble_advdata_encode
</UL>

<P><STRONG><a name="[4f9]"></a>manuf_specific_data_encode</STRONG> (Thumb, 118 bytes, Stack size 0 bytes, ble_advdata.o(.text))
<BR><BR>[Calls]<UL><LI><a href="#[196]">&gt;&gt;</a>&nbsp;&nbsp;&nbsp;__aeabi_memcpy
<LI><a href="#[4f4]">&gt;&gt;</a>&nbsp;&nbsp;&nbsp;uint16_encode
</UL>
<BR>[Called By]<UL><LI><a href="#[4da]">&gt;&gt;</a>&nbsp;&nbsp;&nbsp;ble_advdata_encode
</UL>

<P><STRONG><a name="[4fa]"></a>service_data_encode</STRONG> (Thumb, 150 bytes, Stack size 0 bytes, ble_advdata.o(.text))
<BR><BR>[Calls]<UL><LI><a href="#[196]">&gt;&gt;</a>&nbsp;&nbsp;&nbsp;__aeabi_memcpy
<LI><a href="#[4f4]">&gt;&gt;</a>&nbsp;&nbsp;&nbsp;uint16_encode
</UL>
<BR>[Called By]<UL><LI><a href="#[4da]">&gt;&gt;</a>&nbsp;&nbsp;&nbsp;ble_advdata_encode
</UL>

<P><STRONG><a name="[4f4]"></a>uint16_encode</STRONG> (Thumb, 12 bytes, Stack size 0 bytes, ble_advdata.o(.text))
<BR><BR>[Called By]<UL><LI><a href="#[4fa]">&gt;&gt;</a>&nbsp;&nbsp;&nbsp;service_data_encode
<LI><a href="#[4f9]">&gt;&gt;</a>&nbsp;&nbsp;&nbsp;manuf_specific_data_encode
<LI><a href="#[4f7]">&gt;&gt;</a>&nbsp;&nbsp;&nbsp;conn_int_encode
<LI><a href="#[4f3]">&gt;&gt;</a>&nbsp;&nbsp;&nbsp;appearance_encode
</UL>

<P><STRONG><a name="[f8]"></a>ble_evt_handler</STRONG> (Thumb, 272 bytes, Stack size 0 bytes, ble_app_uart.o(.text))
<BR><BR>[Calls]<UL><LI><a href="#[504]">&gt;&gt;</a>&nbsp;&nbsp;&nbsp;nrf_ble_qwr_conn_handle_assign
<LI><a href="#[450]">&gt;&gt;</a>&nbsp;&nbsp;&nbsp;app_error_handler_bare
</UL>
<BR>[Address Reference Count : 1]<UL><LI> ble_app_uart.o(sdh_ble_observers3)
</UL>
<P><STRONG><a name="[505]"></a>ble_stack_init</STRONG> (Thumb, 86 bytes, Stack size 0 bytes, ble_app_uart.o(.text))
<BR><BR>[Calls]<UL><LI><a href="#[493]">&gt;&gt;</a>&nbsp;&nbsp;&nbsp;nrf_sdh_ble_enable
<LI><a href="#[491]">&gt;&gt;</a>&nbsp;&nbsp;&nbsp;nrf_sdh_ble_default_cfg_set
<LI><a href="#[450]">&gt;&gt;</a>&nbsp;&nbsp;&nbsp;app_error_handler_bare
<LI><a href="#[453]">&gt;&gt;</a>&nbsp;&nbsp;&nbsp;nrf_sdh_enable_request
</UL>
<BR>[Called By]<UL><LI><a href="#[7d]">&gt;&gt;</a>&nbsp;&nbsp;&nbsp;ble_app_softdevice
</UL>

<P><STRONG><a name="[78]"></a>on_adv_evt</STRONG> (Thumb, 38 bytes, Stack size 0 bytes, ble_app_uart.o(.text))
<BR><BR>[Calls]<UL><LI><a href="#[450]">&gt;&gt;</a>&nbsp;&nbsp;&nbsp;app_error_handler_bare
</UL>
<BR>[Address Reference Count : 1]<UL><LI> ble_app_uart.o(.text)
</UL>
<P><STRONG><a name="[506]"></a>advertising_init</STRONG> (Thumb, 100 bytes, Stack size 0 bytes, ble_app_uart.o(.text))
<BR><BR>[Calls]<UL><LI><a href="#[4d7]">&gt;&gt;</a>&nbsp;&nbsp;&nbsp;ble_advertising_init
<LI><a href="#[507]">&gt;&gt;</a>&nbsp;&nbsp;&nbsp;ble_advertising_conn_cfg_tag_set
<LI><a href="#[450]">&gt;&gt;</a>&nbsp;&nbsp;&nbsp;app_error_handler_bare
<LI><a href="#[1f2]">&gt;&gt;</a>&nbsp;&nbsp;&nbsp;__aeabi_memclr4
</UL>
<BR>[Called By]<UL><LI><a href="#[7d]">&gt;&gt;</a>&nbsp;&nbsp;&nbsp;ble_app_softdevice
</UL>

<P><STRONG><a name="[508]"></a>advertising_start</STRONG> (Thumb, 32 bytes, Stack size 0 bytes, ble_app_uart.o(.text))
<BR><BR>[Calls]<UL><LI><a href="#[4d0]">&gt;&gt;</a>&nbsp;&nbsp;&nbsp;ble_advertising_start
<LI><a href="#[450]">&gt;&gt;</a>&nbsp;&nbsp;&nbsp;app_error_handler_bare
</UL>
<BR>[Called By]<UL><LI><a href="#[7d]">&gt;&gt;</a>&nbsp;&nbsp;&nbsp;ble_app_softdevice
</UL>

<P><STRONG><a name="[509]"></a>gap_params_init</STRONG> (Thumb, 116 bytes, Stack size 0 bytes, ble_app_uart.o(.text))
<BR><BR>[Calls]<UL><LI><a href="#[450]">&gt;&gt;</a>&nbsp;&nbsp;&nbsp;app_error_handler_bare
</UL>
<BR>[Called By]<UL><LI><a href="#[7d]">&gt;&gt;</a>&nbsp;&nbsp;&nbsp;ble_app_softdevice
</UL>

<P><STRONG><a name="[50a]"></a>gatt_init</STRONG> (Thumb, 60 bytes, Stack size 0 bytes, ble_app_uart.o(.text))
<BR><BR>[Calls]<UL><LI><a href="#[50b]">&gt;&gt;</a>&nbsp;&nbsp;&nbsp;nrf_ble_gatt_att_mtu_periph_set
<LI><a href="#[4e5]">&gt;&gt;</a>&nbsp;&nbsp;&nbsp;nrf_ble_gatt_init
<LI><a href="#[450]">&gt;&gt;</a>&nbsp;&nbsp;&nbsp;app_error_handler_bare
</UL>
<BR>[Called By]<UL><LI><a href="#[7d]">&gt;&gt;</a>&nbsp;&nbsp;&nbsp;ble_app_softdevice
</UL>

<P><STRONG><a name="[79]"></a>nrf_qwr_error_handler</STRONG> (Thumb, 16 bytes, Stack size 0 bytes, ble_app_uart.o(.text))
<BR><BR>[Calls]<UL><LI><a href="#[450]">&gt;&gt;</a>&nbsp;&nbsp;&nbsp;app_error_handler_bare
</UL>
<BR>[Address Reference Count : 1]<UL><LI> ble_app_uart.o(.text)
</UL>
<P><STRONG><a name="[50c]"></a>uart_software_intterrupt</STRONG> (Thumb, 14 bytes, Stack size 0 bytes, ble_app_uart.o(.text))
<BR><BR>[Calls]<UL><LI><a href="#[173]">&gt;&gt;</a>&nbsp;&nbsp;&nbsp;rt_hw_serial_isr
</UL>
<BR>[Called By]<UL><LI><a href="#[7a]">&gt;&gt;</a>&nbsp;&nbsp;&nbsp;nus_data_handler
</UL>

<P><STRONG><a name="[7a]"></a>nus_data_handler</STRONG> (Thumb, 56 bytes, Stack size 0 bytes, ble_app_uart.o(.text))
<BR><BR>[Calls]<UL><LI><a href="#[144]">&gt;&gt;</a>&nbsp;&nbsp;&nbsp;rt_kprintf
<LI><a href="#[50c]">&gt;&gt;</a>&nbsp;&nbsp;&nbsp;uart_software_intterrupt
</UL>
<BR>[Address Reference Count : 1]<UL><LI> ble_app_uart.o(.text)
</UL>
<P><STRONG><a name="[50d]"></a>services_init</STRONG> (Thumb, 76 bytes, Stack size 0 bytes, ble_app_uart.o(.text))
<BR><BR>[Calls]<UL><LI><a href="#[4f1]">&gt;&gt;</a>&nbsp;&nbsp;&nbsp;ble_nus_init
<LI><a href="#[50e]">&gt;&gt;</a>&nbsp;&nbsp;&nbsp;nrf_ble_qwr_init
<LI><a href="#[450]">&gt;&gt;</a>&nbsp;&nbsp;&nbsp;app_error_handler_bare
</UL>
<BR>[Called By]<UL><LI><a href="#[7d]">&gt;&gt;</a>&nbsp;&nbsp;&nbsp;ble_app_softdevice
</UL>

<P><STRONG><a name="[7c]"></a>conn_params_error_handler</STRONG> (Thumb, 2 bytes, Stack size 0 bytes, ble_app_uart.o(.text))
<BR>[Address Reference Count : 1]<UL><LI> ble_app_uart.o(.text)
</UL>
<P><STRONG><a name="[7b]"></a>on_conn_params_evt</STRONG> (Thumb, 38 bytes, Stack size 0 bytes, ble_app_uart.o(.text))
<BR><BR>[Calls]<UL><LI><a href="#[450]">&gt;&gt;</a>&nbsp;&nbsp;&nbsp;app_error_handler_bare
</UL>
<BR>[Address Reference Count : 1]<UL><LI> ble_app_uart.o(.text)
</UL>
<P><STRONG><a name="[50f]"></a>conn_params_init</STRONG> (Thumb, 80 bytes, Stack size 0 bytes, ble_app_uart.o(.text))
<BR><BR>[Calls]<UL><LI><a href="#[499]">&gt;&gt;</a>&nbsp;&nbsp;&nbsp;ble_conn_params_init
<LI><a href="#[450]">&gt;&gt;</a>&nbsp;&nbsp;&nbsp;app_error_handler_bare
<LI><a href="#[1f2]">&gt;&gt;</a>&nbsp;&nbsp;&nbsp;__aeabi_memclr4
</UL>
<BR>[Called By]<UL><LI><a href="#[7d]">&gt;&gt;</a>&nbsp;&nbsp;&nbsp;ble_app_softdevice
</UL>

<P><STRONG><a name="[7d]"></a>ble_app_softdevice</STRONG> (Thumb, 206 bytes, Stack size 0 bytes, ble_app_uart.o(.text))
<BR><BR>[Calls]<UL><LI><a href="#[144]">&gt;&gt;</a>&nbsp;&nbsp;&nbsp;rt_kprintf
<LI><a href="#[50f]">&gt;&gt;</a>&nbsp;&nbsp;&nbsp;conn_params_init
<LI><a href="#[50d]">&gt;&gt;</a>&nbsp;&nbsp;&nbsp;services_init
<LI><a href="#[50a]">&gt;&gt;</a>&nbsp;&nbsp;&nbsp;gatt_init
<LI><a href="#[509]">&gt;&gt;</a>&nbsp;&nbsp;&nbsp;gap_params_init
<LI><a href="#[508]">&gt;&gt;</a>&nbsp;&nbsp;&nbsp;advertising_start
<LI><a href="#[506]">&gt;&gt;</a>&nbsp;&nbsp;&nbsp;advertising_init
<LI><a href="#[505]">&gt;&gt;</a>&nbsp;&nbsp;&nbsp;ble_stack_init
</UL>
<BR>[Address Reference Count : 1]<UL><LI> ble_app_uart.o(.text)
</UL>
<P><STRONG><a name="[7e]"></a>uart_task</STRONG> (Thumb, 172 bytes, Stack size 0 bytes, ble_app_uart.o(.text))
<BR><BR>[Calls]<UL><LI><a href="#[198]">&gt;&gt;</a>&nbsp;&nbsp;&nbsp;rt_ringbuffer_get
<LI><a href="#[193]">&gt;&gt;</a>&nbsp;&nbsp;&nbsp;rt_ringbuffer_data_len
<LI><a href="#[16b]">&gt;&gt;</a>&nbsp;&nbsp;&nbsp;rt_malloc
<LI><a href="#[16e]">&gt;&gt;</a>&nbsp;&nbsp;&nbsp;rt_free
<LI><a href="#[144]">&gt;&gt;</a>&nbsp;&nbsp;&nbsp;rt_kprintf
<LI><a href="#[142]">&gt;&gt;</a>&nbsp;&nbsp;&nbsp;rt_thread_mdelay
<LI><a href="#[4f2]">&gt;&gt;</a>&nbsp;&nbsp;&nbsp;ble_nus_data_send
</UL>
<BR>[Address Reference Count : 1]<UL><LI> ble_app_uart.o(.text)
</UL>
<P><STRONG><a name="[511]"></a>output_unlock</STRONG> (Thumb, 16 bytes, Stack size 0 bytes, ulog.o(.text))
<BR><BR>[Calls]<UL><LI><a href="#[1f8]">&gt;&gt;</a>&nbsp;&nbsp;&nbsp;rt_mutex_release
<LI><a href="#[179]">&gt;&gt;</a>&nbsp;&nbsp;&nbsp;rt_interrupt_get_nest
</UL>
<BR>[Called By]<UL><LI><a href="#[51a]">&gt;&gt;</a>&nbsp;&nbsp;&nbsp;ulog_hexdump
<LI><a href="#[519]">&gt;&gt;</a>&nbsp;&nbsp;&nbsp;ulog_raw
<LI><a href="#[518]">&gt;&gt;</a>&nbsp;&nbsp;&nbsp;ulog_voutput
</UL>

<P><STRONG><a name="[512]"></a>output_lock</STRONG> (Thumb, 20 bytes, Stack size 0 bytes, ulog.o(.text))
<BR><BR>[Calls]<UL><LI><a href="#[1f6]">&gt;&gt;</a>&nbsp;&nbsp;&nbsp;rt_mutex_take
<LI><a href="#[179]">&gt;&gt;</a>&nbsp;&nbsp;&nbsp;rt_interrupt_get_nest
</UL>
<BR>[Called By]<UL><LI><a href="#[51a]">&gt;&gt;</a>&nbsp;&nbsp;&nbsp;ulog_hexdump
<LI><a href="#[519]">&gt;&gt;</a>&nbsp;&nbsp;&nbsp;ulog_raw
<LI><a href="#[518]">&gt;&gt;</a>&nbsp;&nbsp;&nbsp;ulog_voutput
</UL>

<P><STRONG><a name="[513]"></a>get_log_buf</STRONG> (Thumb, 24 bytes, Stack size 0 bytes, ulog.o(.text))
<BR><BR>[Calls]<UL><LI><a href="#[179]">&gt;&gt;</a>&nbsp;&nbsp;&nbsp;rt_interrupt_get_nest
<LI><a href="#[144]">&gt;&gt;</a>&nbsp;&nbsp;&nbsp;rt_kprintf
</UL>
<BR>[Called By]<UL><LI><a href="#[51a]">&gt;&gt;</a>&nbsp;&nbsp;&nbsp;ulog_hexdump
<LI><a href="#[519]">&gt;&gt;</a>&nbsp;&nbsp;&nbsp;ulog_raw
<LI><a href="#[518]">&gt;&gt;</a>&nbsp;&nbsp;&nbsp;ulog_voutput
</UL>

<P><STRONG><a name="[517]"></a>do_output</STRONG> (Thumb, 130 bytes, Stack size 0 bytes, ulog.o(.text))
<BR><BR>[Calls]<UL><LI><a href="#[2a2]">&gt;&gt;</a>&nbsp;&nbsp;&nbsp;rt_sem_release
<LI><a href="#[185]">&gt;&gt;</a>&nbsp;&nbsp;&nbsp;rt_rbb_blk_put
<LI><a href="#[182]">&gt;&gt;</a>&nbsp;&nbsp;&nbsp;rt_rbb_blk_alloc
<LI><a href="#[144]">&gt;&gt;</a>&nbsp;&nbsp;&nbsp;rt_kprintf
<LI><a href="#[2bf]">&gt;&gt;</a>&nbsp;&nbsp;&nbsp;rt_memcpy
</UL>
<BR>[Called By]<UL><LI><a href="#[51a]">&gt;&gt;</a>&nbsp;&nbsp;&nbsp;ulog_hexdump
<LI><a href="#[519]">&gt;&gt;</a>&nbsp;&nbsp;&nbsp;ulog_raw
<LI><a href="#[518]">&gt;&gt;</a>&nbsp;&nbsp;&nbsp;ulog_voutput
</UL>

<P><STRONG><a name="[7f]"></a>async_output_thread_entry</STRONG> (Thumb, 20 bytes, Stack size 0 bytes, ulog.o(.text))
<BR><BR>[Calls]<UL><LI><a href="#[51e]">&gt;&gt;</a>&nbsp;&nbsp;&nbsp;ulog_async_waiting_log
<LI><a href="#[51d]">&gt;&gt;</a>&nbsp;&nbsp;&nbsp;ulog_async_output
</UL>
<BR>[Address Reference Count : 1]<UL><LI> ulog.o(.text)
</UL>
<P><STRONG><a name="[82]"></a>_printf_input_char</STRONG> (Thumb, 10 bytes, Stack size 0 bytes, _printf_char_common.o(.text))
<BR>[Address Reference Count : 1]<UL><LI> _printf_char_common.o(.text)
</UL>
<P><STRONG><a name="[542]"></a>_fp_digits</STRONG> (Thumb, 432 bytes, Stack size 0 bytes, _printf_fp_dec.o(.text))
<BR><BR>[Calls]<UL><LI><a href="#[544]">&gt;&gt;</a>&nbsp;&nbsp;&nbsp;_btod_d2e
<LI><a href="#[543]">&gt;&gt;</a>&nbsp;&nbsp;&nbsp;_btod_etento
<LI><a href="#[53a]">&gt;&gt;</a>&nbsp;&nbsp;&nbsp;_ll_udiv10
<LI><a href="#[546]">&gt;&gt;</a>&nbsp;&nbsp;&nbsp;_btod_emul
<LI><a href="#[545]">&gt;&gt;</a>&nbsp;&nbsp;&nbsp;_btod_ediv
</UL>
<BR>[Called By]<UL><LI><a href="#[547]">&gt;&gt;</a>&nbsp;&nbsp;&nbsp;_printf_fp_dec_real
</UL>
<P>
<H3>
Undefined Global Symbols
</H3><HR></body></html>
